ARM Linker, 4.1 [Build 644] [Standard]

==============================================================================

Section Cross References

    main.o(i.GPIO_Configuration) refers to stm32f10x_rcc.o(i.RCC_APB2PeriphClockCmd) for RCC_APB2PeriphClockCmd
    main.o(i.GPIO_Configuration) refers to stm32f10x_gpio.o(i.GPIO_Init) for GPIO_Init
    main.o(i.main) refers to glcd.o(i.LCD_Initializtion) for LCD_Initializtion
    main.o(i.main) refers to glcd.o(i.LCD_BackLight_Init) for LCD_BackLight_Init
    main.o(i.main) refers to main.o(i.GPIO_Configuration) for GPIO_Configuration
    main.o(i.main) refers to systick.o(i.delay_init) for delay_init
    main.o(i.main) refers to touchpanel.o(i.TP_Init) for TP_Init
    main.o(i.main) refers to glcd.o(i.LCD_BackLight) for LCD_BackLight
    main.o(i.main) refers to stm32f10x_gpio.o(i.GPIO_SetBits) for GPIO_SetBits
    main.o(i.main) refers to stm32f10x_gpio.o(i.GPIO_ResetBits) for GPIO_ResetBits
    main.o(i.main) refers to main.o(i.Delay) for Delay
    glcd.o(i.GUI_Chinese) refers to glcd.o(i.PutChinese) for PutChinese
    glcd.o(i.GUI_Text) refers to glcd.o(i.PutChar) for PutChar
    glcd.o(i.LCD_BackLight) refers to glcd.o(i.LCD_BackLight_Init) for LCD_BackLight_Init
    glcd.o(i.LCD_BackLight) refers to glcd.o(.data) for Channel2Pulse
    glcd.o(i.LCD_BackLight_Init) refers to stm32f10x_rcc.o(i.RCC_APB2PeriphClockCmd) for RCC_APB2PeriphClockCmd
    glcd.o(i.LCD_BackLight_Init) refers to stm32f10x_rcc.o(i.RCC_APB1PeriphClockCmd) for RCC_APB1PeriphClockCmd
    glcd.o(i.LCD_BackLight_Init) refers to stm32f10x_gpio.o(i.GPIO_Init) for GPIO_Init
    glcd.o(i.LCD_BackLight_Init) refers to stm32f10x_gpio.o(i.GPIO_PinRemapConfig) for GPIO_PinRemapConfig
    glcd.o(i.LCD_BackLight_Init) refers to stm32f10x_tim.o(i.TIM_TimeBaseInit) for TIM_TimeBaseInit
    glcd.o(i.LCD_BackLight_Init) refers to stm32f10x_tim.o(i.TIM_OC2Init) for TIM_OC2Init
    glcd.o(i.LCD_BackLight_Init) refers to stm32f10x_tim.o(i.TIM_OC2PreloadConfig) for TIM_OC2PreloadConfig
    glcd.o(i.LCD_BackLight_Init) refers to stm32f10x_tim.o(i.TIM_ARRPreloadConfig) for TIM_ARRPreloadConfig
    glcd.o(i.LCD_BackLight_Init) refers to stm32f10x_tim.o(i.TIM_Cmd) for TIM_Cmd
    glcd.o(i.LCD_BackLight_Init) refers to system_stm32f10x.o(.data) for SystemCoreClock
    glcd.o(i.LCD_BackLight_Init) refers to glcd.o(.data) for TimerPeriod
    glcd.o(i.LCD_Clear) refers to glcd.o(i.LCD_SetCursor) for LCD_SetCursor
    glcd.o(i.LCD_Configuration) refers to glcd.o(i.LCD_CtrlLinesConfig) for LCD_CtrlLinesConfig
    glcd.o(i.LCD_Configuration) refers to glcd.o(i.LCD_FSMCConfig) for LCD_FSMCConfig
    glcd.o(i.LCD_CtrlLinesConfig) refers to stm32f10x_rcc.o(i.RCC_AHBPeriphClockCmd) for RCC_AHBPeriphClockCmd
    glcd.o(i.LCD_CtrlLinesConfig) refers to stm32f10x_rcc.o(i.RCC_APB2PeriphClockCmd) for RCC_APB2PeriphClockCmd
    glcd.o(i.LCD_CtrlLinesConfig) refers to stm32f10x_gpio.o(i.GPIO_Init) for GPIO_Init
    glcd.o(i.LCD_DrawLine) refers to dflti.o(.text) for __aeabi_i2d
    glcd.o(i.LCD_DrawLine) refers to dfixi.o(.text) for __aeabi_d2iz
    glcd.o(i.LCD_DrawLine) refers to glcd.o(i.LCD_SetPoint) for LCD_SetPoint
    glcd.o(i.LCD_DrawPicture) refers to glcd.o(i.LCD_SetCursor) for LCD_SetCursor
    glcd.o(i.LCD_DrawPicture) refers to glcd.o(i.LCD_WriteRAM) for LCD_WriteRAM
    glcd.o(i.LCD_FSMCConfig) refers to stm32f10x_fsmc.o(i.FSMC_NORSRAMInit) for FSMC_NORSRAMInit
    glcd.o(i.LCD_FSMCConfig) refers to stm32f10x_fsmc.o(i.FSMC_NORSRAMCmd) for FSMC_NORSRAMCmd
    glcd.o(i.LCD_GetPoint) refers to glcd.o(i.LCD_SetCursor) for LCD_SetCursor
    glcd.o(i.LCD_GetPoint) refers to glcd.o(i.LCD_ReadRAM) for LCD_ReadRAM
    glcd.o(i.LCD_GetPoint) refers to glcd.o(i.LCD_BGR2RGB) for LCD_BGR2RGB
    glcd.o(i.LCD_GetPoint) refers to glcd.o(.data) for DeviceCode
    glcd.o(i.LCD_Initializtion) refers to glcd.o(i.LCD_Configuration) for LCD_Configuration
    glcd.o(i.LCD_Initializtion) refers to glcd.o(i.LCD_Delay) for LCD_Delay
    glcd.o(i.LCD_Initializtion) refers to glcd.o(i.LCD_WriteReg) for LCD_WriteReg
    glcd.o(i.LCD_Initializtion) refers to glcd.o(.data) for DeviceCode
    glcd.o(i.LCD_SetCursor) refers to glcd.o(i.LCD_WriteReg) for LCD_WriteReg
    glcd.o(i.LCD_SetCursor) refers to glcd.o(.data) for DeviceCode
    glcd.o(i.LCD_SetPoint) refers to glcd.o(i.LCD_SetCursor) for LCD_SetCursor
    glcd.o(i.LCD_SetPoint) refers to glcd.o(i.LCD_WriteRAM) for LCD_WriteRAM
    glcd.o(i.LCD_SetWindows) refers to glcd.o(i.LCD_SetCursor) for LCD_SetCursor
    glcd.o(i.LCD_SetWindows) refers to glcd.o(i.LCD_WriteReg) for LCD_WriteReg
    glcd.o(i.PutChar) refers to asciilib.o(i.GetASCIICode) for GetASCIICode
    glcd.o(i.PutChar) refers to glcd.o(i.LCD_SetPoint) for LCD_SetPoint
    glcd.o(i.PutChinese) refers to hzlib.o(i.GetGBKCode) for GetGBKCode
    glcd.o(i.PutChinese) refers to glcd.o(i.LCD_SetPoint) for LCD_SetPoint
    asciilib.o(i.GetASCIICode) refers to memcpya.o(.text) for __aeabi_memcpy
    asciilib.o(i.GetASCIICode) refers to asciilib.o(.constdata) for AsciiLib
    hzlib.o(i.GetGBKCode) refers to memcpya.o(.text) for __aeabi_memcpy
    hzlib.o(i.GetGBKCode) refers to hzlib.o(.constdata) for HzLib
    systick.o(i.delay_init) refers to stm32f10x_rcc.o(i.RCC_GetClocksFreq) for RCC_GetClocksFreq
    systick.o(i.delay_init) refers to misc.o(i.SysTick_CLKSourceConfig) for SysTick_CLKSourceConfig
    systick.o(i.delay_init) refers to stm32f10x_systick.o(i.SysTick_ITConfig) for SysTick_ITConfig
    systick.o(i.delay_init) refers to systick.o(.data) for delay_fac_us
    systick.o(i.delay_ms) refers to stm32f10x_systick.o(i.SysTick_SetReload) for SysTick_SetReload
    systick.o(i.delay_ms) refers to stm32f10x_systick.o(i.SysTick_CounterCmd) for SysTick_CounterCmd
    systick.o(i.delay_ms) refers to stm32f10x_systick.o(i.SysTick_GetFlagStatus) for SysTick_GetFlagStatus
    systick.o(i.delay_ms) refers to systick.o(.data) for delay_fac_ms
    systick.o(i.delay_us) refers to stm32f10x_systick.o(i.SysTick_SetReload) for SysTick_SetReload
    systick.o(i.delay_us) refers to stm32f10x_systick.o(i.SysTick_CounterCmd) for SysTick_CounterCmd
    systick.o(i.delay_us) refers to stm32f10x_systick.o(i.SysTick_GetFlagStatus) for SysTick_GetFlagStatus
    systick.o(i.delay_us) refers to systick.o(.data) for delay_fac_us
    touchpanel.o(i.ADS7843_SPI_Init) refers to stm32f10x_rcc.o(i.RCC_APB2PeriphClockCmd) for RCC_APB2PeriphClockCmd
    touchpanel.o(i.ADS7843_SPI_Init) refers to stm32f10x_spi.o(i.SPI_Cmd) for SPI_Cmd
    touchpanel.o(i.ADS7843_SPI_Init) refers to stm32f10x_spi.o(i.SPI_Init) for SPI_Init
    touchpanel.o(i.DrawCross) refers to glcd.o(i.LCD_DrawLine) for LCD_DrawLine
    touchpanel.o(i.RD_AD) refers to stm32f10x_spi.o(i.SPI_I2S_GetFlagStatus) for SPI_I2S_GetFlagStatus
    touchpanel.o(i.RD_AD) refers to stm32f10x_spi.o(i.SPI_I2S_SendData) for SPI_I2S_SendData
    touchpanel.o(i.RD_AD) refers to stm32f10x_spi.o(i.SPI_I2S_ReceiveData) for SPI_I2S_ReceiveData
    touchpanel.o(i.RD_AD) refers to touchpanel.o(i.DelayUS) for DelayUS
    touchpanel.o(i.Read_Ads7846) refers to memseta.o(.text) for __aeabi_memclr4
    touchpanel.o(i.Read_Ads7846) refers to touchpanel.o(i.ADS7843_SPI_Init) for ADS7843_SPI_Init
    touchpanel.o(i.Read_Ads7846) refers to touchpanel.o(i.TP_GetAdXY) for TP_GetAdXY
    touchpanel.o(i.Read_Ads7846) refers to stm32f10x_gpio.o(i.GPIO_ReadInputDataBit) for GPIO_ReadInputDataBit
    touchpanel.o(i.Read_Ads7846) refers to touchpanel.o(.data) for screen
    touchpanel.o(i.Read_X) refers to stm32f10x_gpio.o(i.GPIO_ResetBits) for GPIO_ResetBits
    touchpanel.o(i.Read_X) refers to touchpanel.o(i.DelayUS) for DelayUS
    touchpanel.o(i.Read_X) refers to touchpanel.o(i.WR_CMD) for WR_CMD
    touchpanel.o(i.Read_X) refers to touchpanel.o(i.RD_AD) for RD_AD
    touchpanel.o(i.Read_X) refers to stm32f10x_gpio.o(i.GPIO_SetBits) for GPIO_SetBits
    touchpanel.o(i.Read_Y) refers to stm32f10x_gpio.o(i.GPIO_ResetBits) for GPIO_ResetBits
    touchpanel.o(i.Read_Y) refers to touchpanel.o(i.DelayUS) for DelayUS
    touchpanel.o(i.Read_Y) refers to touchpanel.o(i.WR_CMD) for WR_CMD
    touchpanel.o(i.Read_Y) refers to touchpanel.o(i.RD_AD) for RD_AD
    touchpanel.o(i.Read_Y) refers to stm32f10x_gpio.o(i.GPIO_SetBits) for GPIO_SetBits
    touchpanel.o(i.TP_DrawPoint) refers to glcd.o(i.LCD_SetPoint) for LCD_SetPoint
    touchpanel.o(i.TP_GetAdXY) refers to touchpanel.o(i.Read_X) for Read_X
    touchpanel.o(i.TP_GetAdXY) refers to touchpanel.o(i.DelayUS) for DelayUS
    touchpanel.o(i.TP_GetAdXY) refers to touchpanel.o(i.Read_Y) for Read_Y
    touchpanel.o(i.TP_Init) refers to stm32f10x_rcc.o(i.RCC_APB2PeriphClockCmd) for RCC_APB2PeriphClockCmd
    touchpanel.o(i.TP_Init) refers to stm32f10x_gpio.o(i.GPIO_Init) for GPIO_Init
    touchpanel.o(i.TP_Init) refers to stm32f10x_gpio.o(i.GPIO_SetBits) for GPIO_SetBits
    touchpanel.o(i.TP_Init) refers to touchpanel.o(i.ADS7843_SPI_Init) for ADS7843_SPI_Init
    touchpanel.o(i.TouchPanel_Calibrate) refers to glcd.o(i.LCD_Clear) for LCD_Clear
    touchpanel.o(i.TouchPanel_Calibrate) refers to glcd.o(i.GUI_Text) for GUI_Text
    touchpanel.o(i.TouchPanel_Calibrate) refers to systick.o(i.delay_ms) for delay_ms
    touchpanel.o(i.TouchPanel_Calibrate) refers to touchpanel.o(i.DrawCross) for DrawCross
    touchpanel.o(i.TouchPanel_Calibrate) refers to touchpanel.o(i.Read_Ads7846) for Read_Ads7846
    touchpanel.o(i.TouchPanel_Calibrate) refers to touchpanel.o(i.setCalibrationMatrix) for setCalibrationMatrix
    touchpanel.o(i.TouchPanel_Calibrate) refers to touchpanel.o(.data) for DisplaySample
    touchpanel.o(i.TouchPanel_Calibrate) refers to touchpanel.o(.bss) for ScreenSample
    touchpanel.o(i.WR_CMD) refers to stm32f10x_spi.o(i.SPI_I2S_GetFlagStatus) for SPI_I2S_GetFlagStatus
    touchpanel.o(i.WR_CMD) refers to stm32f10x_spi.o(i.SPI_I2S_SendData) for SPI_I2S_SendData
    touchpanel.o(i.WR_CMD) refers to stm32f10x_spi.o(i.SPI_I2S_ReceiveData) for SPI_I2S_ReceiveData
    touchpanel.o(i.getDisplayPoint) refers to cdcmple.o(.text) for __aeabi_cdcmpeq
    touchpanel.o(i.getDisplayPoint) refers to dfltui.o(.text) for __aeabi_ui2d
    touchpanel.o(i.getDisplayPoint) refers to dmul.o(.text) for __aeabi_dmul
    touchpanel.o(i.getDisplayPoint) refers to dadd.o(.text) for __aeabi_dadd
    touchpanel.o(i.getDisplayPoint) refers to ddiv.o(.text) for __aeabi_ddiv
    touchpanel.o(i.getDisplayPoint) refers to dfixui.o(.text) for __aeabi_d2uiz
    touchpanel.o(i.setCalibrationMatrix) refers to dflti.o(.text) for __aeabi_i2d
    touchpanel.o(i.setCalibrationMatrix) refers to cdcmple.o(.text) for __aeabi_cdcmpeq
    stm32f10x_flash.o(i.FLASH_EnableWriteProtection) refers to stm32f10x_flash.o(i.FLASH_WaitForLastOperation) for FLASH_WaitForLastOperation
    stm32f10x_flash.o(i.FLASH_EraseAllBank1Pages) refers to stm32f10x_flash.o(i.FLASH_WaitForLastBank1Operation) for FLASH_WaitForLastBank1Operation
    stm32f10x_flash.o(i.FLASH_EraseAllPages) refers to stm32f10x_flash.o(i.FLASH_WaitForLastOperation) for FLASH_WaitForLastOperation
    stm32f10x_flash.o(i.FLASH_EraseOptionBytes) refers to stm32f10x_flash.o(i.FLASH_GetReadOutProtectionStatus) for FLASH_GetReadOutProtectionStatus
    stm32f10x_flash.o(i.FLASH_EraseOptionBytes) refers to stm32f10x_flash.o(i.FLASH_WaitForLastOperation) for FLASH_WaitForLastOperation
    stm32f10x_flash.o(i.FLASH_ErasePage) refers to stm32f10x_flash.o(i.FLASH_WaitForLastOperation) for FLASH_WaitForLastOperation
    stm32f10x_flash.o(i.FLASH_ProgramHalfWord) refers to stm32f10x_flash.o(i.FLASH_WaitForLastOperation) for FLASH_WaitForLastOperation
    stm32f10x_flash.o(i.FLASH_ProgramOptionByteData) refers to stm32f10x_flash.o(i.FLASH_WaitForLastOperation) for FLASH_WaitForLastOperation
    stm32f10x_flash.o(i.FLASH_ProgramWord) refers to stm32f10x_flash.o(i.FLASH_WaitForLastOperation) for FLASH_WaitForLastOperation
    stm32f10x_flash.o(i.FLASH_ReadOutProtection) refers to stm32f10x_flash.o(i.FLASH_WaitForLastOperation) for FLASH_WaitForLastOperation
    stm32f10x_flash.o(i.FLASH_UserOptionByteConfig) refers to stm32f10x_flash.o(i.FLASH_WaitForLastOperation) for FLASH_WaitForLastOperation
    stm32f10x_flash.o(i.FLASH_WaitForLastBank1Operation) refers to stm32f10x_flash.o(i.FLASH_GetBank1Status) for FLASH_GetBank1Status
    stm32f10x_flash.o(i.FLASH_WaitForLastOperation) refers to stm32f10x_flash.o(i.FLASH_GetBank1Status) for FLASH_GetBank1Status
    stm32f10x_gpio.o(i.GPIO_AFIODeInit) refers to stm32f10x_rcc.o(i.RCC_APB2PeriphResetCmd) for RCC_APB2PeriphResetCmd
    stm32f10x_gpio.o(i.GPIO_DeInit) refers to stm32f10x_rcc.o(i.RCC_APB2PeriphResetCmd) for RCC_APB2PeriphResetCmd
    stm32f10x_rcc.o(i.RCC_GetClocksFreq) refers to stm32f10x_rcc.o(.data) for APBAHBPrescTable
    stm32f10x_rcc.o(i.RCC_WaitForHSEStartUp) refers to stm32f10x_rcc.o(i.RCC_GetFlagStatus) for RCC_GetFlagStatus
    stm32f10x_adc.o(i.ADC_DeInit) refers to stm32f10x_rcc.o(i.RCC_APB2PeriphResetCmd) for RCC_APB2PeriphResetCmd
    stm32f10x_bkp.o(i.BKP_DeInit) refers to stm32f10x_rcc.o(i.RCC_BackupResetCmd) for RCC_BackupResetCmd
    stm32f10x_can.o(i.CAN_DeInit) refers to stm32f10x_rcc.o(i.RCC_APB1PeriphResetCmd) for RCC_APB1PeriphResetCmd
    stm32f10x_can.o(i.CAN_GetITStatus) refers to stm32f10x_can.o(i.CheckITStatus) for CheckITStatus
    stm32f10x_can.o(i.CAN_Receive) refers to stm32f10x_can.o(i.CAN_FIFORelease) for CAN_FIFORelease
    stm32f10x_cec.o(i.CEC_DeInit) refers to stm32f10x_rcc.o(i.RCC_APB1PeriphResetCmd) for RCC_APB1PeriphResetCmd
    stm32f10x_dac.o(i.DAC_DeInit) refers to stm32f10x_rcc.o(i.RCC_APB1PeriphResetCmd) for RCC_APB1PeriphResetCmd
    stm32f10x_i2c.o(i.I2C_DeInit) refers to stm32f10x_rcc.o(i.RCC_APB1PeriphResetCmd) for RCC_APB1PeriphResetCmd
    stm32f10x_i2c.o(i.I2C_Init) refers to stm32f10x_rcc.o(i.RCC_GetClocksFreq) for RCC_GetClocksFreq
    stm32f10x_pwr.o(i.PWR_DeInit) refers to stm32f10x_rcc.o(i.RCC_APB1PeriphResetCmd) for RCC_APB1PeriphResetCmd
    stm32f10x_rtc.o(i.RTC_SetAlarm) refers to stm32f10x_rtc.o(i.RTC_EnterConfigMode) for RTC_EnterConfigMode
    stm32f10x_rtc.o(i.RTC_SetAlarm) refers to stm32f10x_rtc.o(i.RTC_ExitConfigMode) for RTC_ExitConfigMode
    stm32f10x_rtc.o(i.RTC_SetCounter) refers to stm32f10x_rtc.o(i.RTC_EnterConfigMode) for RTC_EnterConfigMode
    stm32f10x_rtc.o(i.RTC_SetCounter) refers to stm32f10x_rtc.o(i.RTC_ExitConfigMode) for RTC_ExitConfigMode
    stm32f10x_rtc.o(i.RTC_SetPrescaler) refers to stm32f10x_rtc.o(i.RTC_EnterConfigMode) for RTC_EnterConfigMode
    stm32f10x_rtc.o(i.RTC_SetPrescaler) refers to stm32f10x_rtc.o(i.RTC_ExitConfigMode) for RTC_ExitConfigMode
    stm32f10x_spi.o(i.I2S_Init) refers to stm32f10x_rcc.o(i.RCC_GetClocksFreq) for RCC_GetClocksFreq
    stm32f10x_spi.o(i.SPI_I2S_DeInit) refers to stm32f10x_rcc.o(i.RCC_APB2PeriphResetCmd) for RCC_APB2PeriphResetCmd
    stm32f10x_spi.o(i.SPI_I2S_DeInit) refers to stm32f10x_rcc.o(i.RCC_APB1PeriphResetCmd) for RCC_APB1PeriphResetCmd
    stm32f10x_tim.o(i.TIM_DeInit) refers to stm32f10x_rcc.o(i.RCC_APB2PeriphResetCmd) for RCC_APB2PeriphResetCmd
    stm32f10x_tim.o(i.TIM_DeInit) refers to stm32f10x_rcc.o(i.RCC_APB1PeriphResetCmd) for RCC_APB1PeriphResetCmd
    stm32f10x_tim.o(i.TIM_ETRClockMode1Config) refers to stm32f10x_tim.o(i.TIM_ETRConfig) for TIM_ETRConfig
    stm32f10x_tim.o(i.TIM_ETRClockMode2Config) refers to stm32f10x_tim.o(i.TIM_ETRConfig) for TIM_ETRConfig
    stm32f10x_tim.o(i.TIM_ICInit) refers to stm32f10x_tim.o(i.TI1_Config) for TI1_Config
    stm32f10x_tim.o(i.TIM_ICInit) refers to stm32f10x_tim.o(i.TIM_SetIC1Prescaler) for TIM_SetIC1Prescaler
    stm32f10x_tim.o(i.TIM_ICInit) refers to stm32f10x_tim.o(i.TI2_Config) for TI2_Config
    stm32f10x_tim.o(i.TIM_ICInit) refers to stm32f10x_tim.o(i.TIM_SetIC2Prescaler) for TIM_SetIC2Prescaler
    stm32f10x_tim.o(i.TIM_ICInit) refers to stm32f10x_tim.o(i.TI3_Config) for TI3_Config
    stm32f10x_tim.o(i.TIM_ICInit) refers to stm32f10x_tim.o(i.TIM_SetIC3Prescaler) for TIM_SetIC3Prescaler
    stm32f10x_tim.o(i.TIM_ICInit) refers to stm32f10x_tim.o(i.TI4_Config) for TI4_Config
    stm32f10x_tim.o(i.TIM_ICInit) refers to stm32f10x_tim.o(i.TIM_SetIC4Prescaler) for TIM_SetIC4Prescaler
    stm32f10x_tim.o(i.TIM_ITRxExternalClockConfig) refers to stm32f10x_tim.o(i.TIM_SelectInputTrigger) for TIM_SelectInputTrigger
    stm32f10x_tim.o(i.TIM_PWMIConfig) refers to stm32f10x_tim.o(i.TI1_Config) for TI1_Config
    stm32f10x_tim.o(i.TIM_PWMIConfig) refers to stm32f10x_tim.o(i.TIM_SetIC1Prescaler) for TIM_SetIC1Prescaler
    stm32f10x_tim.o(i.TIM_PWMIConfig) refers to stm32f10x_tim.o(i.TI2_Config) for TI2_Config
    stm32f10x_tim.o(i.TIM_PWMIConfig) refers to stm32f10x_tim.o(i.TIM_SetIC2Prescaler) for TIM_SetIC2Prescaler
    stm32f10x_tim.o(i.TIM_TIxExternalClockConfig) refers to stm32f10x_tim.o(i.TI2_Config) for TI2_Config
    stm32f10x_tim.o(i.TIM_TIxExternalClockConfig) refers to stm32f10x_tim.o(i.TI1_Config) for TI1_Config
    stm32f10x_tim.o(i.TIM_TIxExternalClockConfig) refers to stm32f10x_tim.o(i.TIM_SelectInputTrigger) for TIM_SelectInputTrigger
    stm32f10x_usart.o(i.USART_DeInit) refers to stm32f10x_rcc.o(i.RCC_APB2PeriphResetCmd) for RCC_APB2PeriphResetCmd
    stm32f10x_usart.o(i.USART_DeInit) refers to stm32f10x_rcc.o(i.RCC_APB1PeriphResetCmd) for RCC_APB1PeriphResetCmd
    stm32f10x_usart.o(i.USART_Init) refers to stm32f10x_rcc.o(i.RCC_GetClocksFreq) for RCC_GetClocksFreq
    stm32f10x_wwdg.o(i.WWDG_DeInit) refers to stm32f10x_rcc.o(i.RCC_APB1PeriphResetCmd) for RCC_APB1PeriphResetCmd
    system_stm32f10x.o(i.SetSysClock) refers to system_stm32f10x.o(i.SetSysClockTo72) for SetSysClockTo72
    system_stm32f10x.o(i.SystemCoreClockUpdate) refers to system_stm32f10x.o(.data) for SystemCoreClock
    system_stm32f10x.o(i.SystemInit) refers to system_stm32f10x.o(i.SetSysClock) for SetSysClock
    startup_stm32f10x_hd.o(RESET) refers to startup_stm32f10x_hd.o(STACK) for __initial_sp
    startup_stm32f10x_hd.o(RESET) refers to startup_stm32f10x_hd.o(.text) for Reset_Handler
    startup_stm32f10x_hd.o(RESET) refers to stm32f10x_it.o(i.NMI_Handler) for NMI_Handler
    startup_stm32f10x_hd.o(RESET) refers to stm32f10x_it.o(i.HardFault_Handler) for HardFault_Handler
    startup_stm32f10x_hd.o(RESET) refers to stm32f10x_it.o(i.MemManage_Handler) for MemManage_Handler
    startup_stm32f10x_hd.o(RESET) refers to stm32f10x_it.o(i.BusFault_Handler) for BusFault_Handler
    startup_stm32f10x_hd.o(RESET) refers to stm32f10x_it.o(i.UsageFault_Handler) for UsageFault_Handler
    startup_stm32f10x_hd.o(RESET) refers to stm32f10x_it.o(i.SVC_Handler) for SVC_Handler
    startup_stm32f10x_hd.o(RESET) refers to stm32f10x_it.o(i.DebugMon_Handler) for DebugMon_Handler
    startup_stm32f10x_hd.o(RESET) refers to stm32f10x_it.o(i.PendSV_Handler) for PendSV_Handler
    startup_stm32f10x_hd.o(RESET) refers to stm32f10x_it.o(i.SysTick_Handler) for SysTick_Handler
    startup_stm32f10x_hd.o(.text) refers to system_stm32f10x.o(i.SystemInit) for SystemInit
    startup_stm32f10x_hd.o(.text) refers to entry.o(.ARM.Collect$$$$00000000) for __main
    entry.o(.ARM.Collect$$$$00000000) refers (Special) to entry7.o(.ARM.Collect$$$$00000007) for _main_init
    entry.o(.ARM.Collect$$$$00000000) refers (Special) to entry5.o(.ARM.Collect$$$$00000004) for _main_scatterload
    entry.o(.ARM.Collect$$$$00000000) refers (Special) to entry2.o(.ARM.Collect$$$$00000001) for _main_stk
    dadd.o(.text) refers (Special) to iusefp.o(.text) for __I$use$fp
    dadd.o(.text) refers to llshl.o(.text) for __aeabi_llsl
    dadd.o(.text) refers to llsshr.o(.text) for __aeabi_lasr
    dadd.o(.text) refers to depilogue.o(.text) for _double_epilogue
    dmul.o(.text) refers (Special) to iusefp.o(.text) for __I$use$fp
    dmul.o(.text) refers to depilogue.o(.text) for _double_epilogue
    ddiv.o(.text) refers (Special) to iusefp.o(.text) for __I$use$fp
    ddiv.o(.text) refers to depilogue.o(.text) for _double_round
    dflti.o(.text) refers (Special) to iusefp.o(.text) for __I$use$fp
    dflti.o(.text) refers to depilogue.o(.text) for _double_epilogue
    dfltui.o(.text) refers (Special) to iusefp.o(.text) for __I$use$fp
    dfltui.o(.text) refers to depilogue.o(.text) for _double_epilogue
    dfixi.o(.text) refers (Special) to iusefp.o(.text) for __I$use$fp
    dfixi.o(.text) refers to llushr.o(.text) for __aeabi_llsr
    dfixui.o(.text) refers (Special) to iusefp.o(.text) for __I$use$fp
    dfixui.o(.text) refers to llushr.o(.text) for __aeabi_llsr
    cdcmple.o(.text) refers (Special) to iusefp.o(.text) for __I$use$fp
    entry2.o(.ARM.Collect$$$$00000001) refers to entry2.o(.ARM.Collect$$$$00002712) for __lit__00000000
    entry2.o(.ARM.Collect$$$$00002712) refers to startup_stm32f10x_hd.o(STACK) for __initial_sp
    entry2.o(__vectab_stack_and_reset_area) refers to startup_stm32f10x_hd.o(STACK) for __initial_sp
    entry2.o(__vectab_stack_and_reset_area) refers to entry.o(.ARM.Collect$$$$00000000) for __main
    entry5.o(.ARM.Collect$$$$00000004) refers to init.o(.text) for __scatterload
    entry7.o(.ARM.Collect$$$$00000007) refers to main.o(i.main) for main
    depilogue.o(.text) refers to llshl.o(.text) for __aeabi_llsl
    depilogue.o(.text) refers to llushr.o(.text) for __aeabi_llsr
    init.o(.text) refers to entry5.o(.ARM.Collect$$$$00000004) for __main_after_scatterload


==============================================================================

Removing Unused input sections from the image.

    Removing glcd.o(i.GUI_Chinese), (100 bytes).
    Removing glcd.o(i.GUI_Text), (96 bytes).
    Removing glcd.o(i.LCD_BGR2RGB), (38 bytes).
    Removing glcd.o(i.LCD_Clear), (64 bytes).
    Removing glcd.o(i.LCD_DrawLine), (278 bytes).
    Removing glcd.o(i.LCD_DrawPicture), (76 bytes).
    Removing glcd.o(i.LCD_GetPoint), (72 bytes).
    Removing glcd.o(i.LCD_ReadRAM), (28 bytes).
    Removing glcd.o(i.LCD_SetCursor), (88 bytes).
    Removing glcd.o(i.LCD_SetPoint), (52 bytes).
    Removing glcd.o(i.LCD_SetWindows), (68 bytes).
    Removing glcd.o(i.LCD_WriteRAM), (12 bytes).
    Removing glcd.o(i.PutChar), (136 bytes).
    Removing glcd.o(i.PutChinese), (162 bytes).
    Removing asciilib.o(i.GetASCIICode), (36 bytes).
    Removing asciilib.o(.constdata), (1520 bytes).
    Removing hzlib.o(i.GetGBKCode), (64 bytes).
    Removing hzlib.o(.constdata), (216576 bytes).
    Removing systick.o(i.delay_ms), (84 bytes).
    Removing systick.o(i.delay_us), (72 bytes).
    Removing stm32f10x_systick.o(i.SysTick_CounterCmd), (56 bytes).
    Removing stm32f10x_systick.o(i.SysTick_GetCounter), (8 bytes).
    Removing stm32f10x_systick.o(i.SysTick_GetFlagStatus), (68 bytes).
    Removing stm32f10x_systick.o(i.SysTick_SetReload), (8 bytes).
    Removing touchpanel.o(i.DelayUS), (44 bytes).
    Removing touchpanel.o(i.DrawCross), (300 bytes).
    Removing touchpanel.o(i.RD_AD), (132 bytes).
    Removing touchpanel.o(i.Read_Ads7846), (584 bytes).
    Removing touchpanel.o(i.Read_X), (56 bytes).
    Removing touchpanel.o(i.Read_Y), (56 bytes).
    Removing touchpanel.o(i.TP_DrawPoint), (64 bytes).
    Removing touchpanel.o(i.TP_GetAdXY), (36 bytes).
    Removing touchpanel.o(i.TouchPanel_Calibrate), (168 bytes).
    Removing touchpanel.o(i.WR_CMD), (52 bytes).
    Removing touchpanel.o(i.getDisplayPoint), (326 bytes).
    Removing touchpanel.o(i.setCalibrationMatrix), (386 bytes).
    Removing touchpanel.o(.bss), (68 bytes).
    Removing touchpanel.o(.data), (20 bytes).
    Removing misc.o(i.NVIC_Init), (160 bytes).
    Removing misc.o(i.NVIC_PriorityGroupConfig), (20 bytes).
    Removing misc.o(i.NVIC_SetVectorTable), (24 bytes).
    Removing misc.o(i.NVIC_SystemLPConfig), (44 bytes).
    Removing stm32f10x_flash.o(i.FLASH_ClearFlag), (12 bytes).
    Removing stm32f10x_flash.o(i.FLASH_EnableWriteProtection), (228 bytes).
    Removing stm32f10x_flash.o(i.FLASH_EraseAllBank1Pages), (80 bytes).
    Removing stm32f10x_flash.o(i.FLASH_EraseAllPages), (80 bytes).
    Removing stm32f10x_flash.o(i.FLASH_EraseOptionBytes), (188 bytes).
    Removing stm32f10x_flash.o(i.FLASH_ErasePage), (84 bytes).
    Removing stm32f10x_flash.o(i.FLASH_GetBank1Status), (72 bytes).
    Removing stm32f10x_flash.o(i.FLASH_GetFlagStatus), (64 bytes).
    Removing stm32f10x_flash.o(i.FLASH_GetPrefetchBufferStatus), (36 bytes).
    Removing stm32f10x_flash.o(i.FLASH_GetReadOutProtectionStatus), (36 bytes).
    Removing stm32f10x_flash.o(i.FLASH_GetStatus), (72 bytes).
    Removing stm32f10x_flash.o(i.FLASH_GetUserOptionByte), (12 bytes).
    Removing stm32f10x_flash.o(i.FLASH_GetWriteProtectionOptionByte), (12 bytes).
    Removing stm32f10x_flash.o(i.FLASH_HalfCycleAccessCmd), (28 bytes).
    Removing stm32f10x_flash.o(i.FLASH_ITConfig), (36 bytes).
    Removing stm32f10x_flash.o(i.FLASH_Lock), (20 bytes).
    Removing stm32f10x_flash.o(i.FLASH_LockBank1), (20 bytes).
    Removing stm32f10x_flash.o(i.FLASH_PrefetchBufferCmd), (28 bytes).
    Removing stm32f10x_flash.o(i.FLASH_ProgramHalfWord), (76 bytes).
    Removing stm32f10x_flash.o(i.FLASH_ProgramOptionByteData), (96 bytes).
    Removing stm32f10x_flash.o(i.FLASH_ProgramWord), (124 bytes).
    Removing stm32f10x_flash.o(i.FLASH_ReadOutProtection), (188 bytes).
    Removing stm32f10x_flash.o(i.FLASH_SetLatency), (36 bytes).
    Removing stm32f10x_flash.o(i.FLASH_Unlock), (24 bytes).
    Removing stm32f10x_flash.o(i.FLASH_UnlockBank1), (24 bytes).
    Removing stm32f10x_flash.o(i.FLASH_UserOptionByteConfig), (116 bytes).
    Removing stm32f10x_flash.o(i.FLASH_WaitForLastBank1Operation), (50 bytes).
    Removing stm32f10x_flash.o(i.FLASH_WaitForLastOperation), (50 bytes).
    Removing stm32f10x_gpio.o(i.GPIO_AFIODeInit), (20 bytes).
    Removing stm32f10x_gpio.o(i.GPIO_DeInit), (200 bytes).
    Removing stm32f10x_gpio.o(i.GPIO_ETH_MediaInterfaceConfig), (12 bytes).
    Removing stm32f10x_gpio.o(i.GPIO_EXTILineConfig), (92 bytes).
    Removing stm32f10x_gpio.o(i.GPIO_EventOutputCmd), (12 bytes).
    Removing stm32f10x_gpio.o(i.GPIO_EventOutputConfig), (48 bytes).
    Removing stm32f10x_gpio.o(i.GPIO_PinLockConfig), (28 bytes).
    Removing stm32f10x_gpio.o(i.GPIO_ReadInputData), (8 bytes).
    Removing stm32f10x_gpio.o(i.GPIO_ReadInputDataBit), (30 bytes).
    Removing stm32f10x_gpio.o(i.GPIO_ReadOutputData), (8 bytes).
    Removing stm32f10x_gpio.o(i.GPIO_ReadOutputDataBit), (30 bytes).
    Removing stm32f10x_gpio.o(i.GPIO_StructInit), (20 bytes).
    Removing stm32f10x_gpio.o(i.GPIO_Write), (4 bytes).
    Removing stm32f10x_gpio.o(i.GPIO_WriteBit), (10 bytes).
    Removing stm32f10x_rcc.o(i.RCC_ADCCLKConfig), (36 bytes).
    Removing stm32f10x_rcc.o(i.RCC_APB1PeriphResetCmd), (36 bytes).
    Removing stm32f10x_rcc.o(i.RCC_APB2PeriphResetCmd), (36 bytes).
    Removing stm32f10x_rcc.o(i.RCC_AdjustHSICalibrationValue), (36 bytes).
    Removing stm32f10x_rcc.o(i.RCC_BackupResetCmd), (12 bytes).
    Removing stm32f10x_rcc.o(i.RCC_ClearFlag), (20 bytes).
    Removing stm32f10x_rcc.o(i.RCC_ClearITPendingBit), (12 bytes).
    Removing stm32f10x_rcc.o(i.RCC_ClockSecuritySystemCmd), (12 bytes).
    Removing stm32f10x_rcc.o(i.RCC_DeInit), (80 bytes).
    Removing stm32f10x_rcc.o(i.RCC_GetFlagStatus), (88 bytes).
    Removing stm32f10x_rcc.o(i.RCC_GetITStatus), (36 bytes).
    Removing stm32f10x_rcc.o(i.RCC_GetSYSCLKSource), (16 bytes).
    Removing stm32f10x_rcc.o(i.RCC_HCLKConfig), (36 bytes).
    Removing stm32f10x_rcc.o(i.RCC_HSEConfig), (76 bytes).
    Removing stm32f10x_rcc.o(i.RCC_HSICmd), (12 bytes).
    Removing stm32f10x_rcc.o(i.RCC_ITConfig), (40 bytes).
    Removing stm32f10x_rcc.o(i.RCC_LSEConfig), (60 bytes).
    Removing stm32f10x_rcc.o(i.RCC_LSICmd), (12 bytes).
    Removing stm32f10x_rcc.o(i.RCC_MCOConfig), (12 bytes).
    Removing stm32f10x_rcc.o(i.RCC_PCLK1Config), (36 bytes).
    Removing stm32f10x_rcc.o(i.RCC_PCLK2Config), (36 bytes).
    Removing stm32f10x_rcc.o(i.RCC_PLLCmd), (12 bytes).
    Removing stm32f10x_rcc.o(i.RCC_PLLConfig), (40 bytes).
    Removing stm32f10x_rcc.o(i.RCC_RTCCLKCmd), (12 bytes).
    Removing stm32f10x_rcc.o(i.RCC_RTCCLKConfig), (20 bytes).
    Removing stm32f10x_rcc.o(i.RCC_SYSCLKConfig), (36 bytes).
    Removing stm32f10x_rcc.o(i.RCC_USBCLKConfig), (12 bytes).
    Removing stm32f10x_rcc.o(i.RCC_WaitForHSEStartUp), (64 bytes).
    Removing stm32f10x_adc.o(i.ADC_AnalogWatchdogCmd), (36 bytes).
    Removing stm32f10x_adc.o(i.ADC_AnalogWatchdogSingleChannelConfig), (28 bytes).
    Removing stm32f10x_adc.o(i.ADC_AnalogWatchdogThresholdsConfig), (6 bytes).
    Removing stm32f10x_adc.o(i.ADC_AutoInjectedConvCmd), (22 bytes).
    Removing stm32f10x_adc.o(i.ADC_ClearFlag), (8 bytes).
    Removing stm32f10x_adc.o(i.ADC_ClearITPendingBit), (20 bytes).
    Removing stm32f10x_adc.o(i.ADC_Cmd), (22 bytes).
    Removing stm32f10x_adc.o(i.ADC_DMACmd), (22 bytes).
    Removing stm32f10x_adc.o(i.ADC_DeInit), (92 bytes).
    Removing stm32f10x_adc.o(i.ADC_DiscModeChannelCountConfig), (38 bytes).
    Removing stm32f10x_adc.o(i.ADC_DiscModeCmd), (22 bytes).
    Removing stm32f10x_adc.o(i.ADC_ExternalTrigConvCmd), (22 bytes).
    Removing stm32f10x_adc.o(i.ADC_ExternalTrigInjectedConvCmd), (22 bytes).
    Removing stm32f10x_adc.o(i.ADC_ExternalTrigInjectedConvConfig), (28 bytes).
    Removing stm32f10x_adc.o(i.ADC_GetCalibrationStatus), (32 bytes).
    Removing stm32f10x_adc.o(i.ADC_GetConversionValue), (8 bytes).
    Removing stm32f10x_adc.o(i.ADC_GetDualModeConversionValue), (12 bytes).
    Removing stm32f10x_adc.o(i.ADC_GetFlagStatus), (30 bytes).
    Removing stm32f10x_adc.o(i.ADC_GetITStatus), (54 bytes).
    Removing stm32f10x_adc.o(i.ADC_GetInjectedConversionValue), (24 bytes).
    Removing stm32f10x_adc.o(i.ADC_GetResetCalibrationStatus), (32 bytes).
    Removing stm32f10x_adc.o(i.ADC_GetSoftwareStartConvStatus), (32 bytes).
    Removing stm32f10x_adc.o(i.ADC_GetSoftwareStartInjectedConvCmdStatus), (32 bytes).
    Removing stm32f10x_adc.o(i.ADC_ITConfig), (34 bytes).
    Removing stm32f10x_adc.o(i.ADC_Init), (116 bytes).
    Removing stm32f10x_adc.o(i.ADC_InjectedChannelConfig), (188 bytes).
    Removing stm32f10x_adc.o(i.ADC_InjectedDiscModeCmd), (22 bytes).
    Removing stm32f10x_adc.o(i.ADC_InjectedSequencerLengthConfig), (38 bytes).
    Removing stm32f10x_adc.o(i.ADC_RegularChannelConfig), (276 bytes).
    Removing stm32f10x_adc.o(i.ADC_ResetCalibration), (10 bytes).
    Removing stm32f10x_adc.o(i.ADC_SetInjectedOffset), (20 bytes).
    Removing stm32f10x_adc.o(i.ADC_SoftwareStartConvCmd), (22 bytes).
    Removing stm32f10x_adc.o(i.ADC_SoftwareStartInjectedConvCmd), (22 bytes).
    Removing stm32f10x_adc.o(i.ADC_StartCalibration), (10 bytes).
    Removing stm32f10x_adc.o(i.ADC_StructInit), (22 bytes).
    Removing stm32f10x_adc.o(i.ADC_TempSensorVrefintCmd), (44 bytes).
    Removing stm32f10x_bkp.o(i.BKP_ClearFlag), (24 bytes).
    Removing stm32f10x_bkp.o(i.BKP_ClearITPendingBit), (24 bytes).
    Removing stm32f10x_bkp.o(i.BKP_DeInit), (16 bytes).
    Removing stm32f10x_bkp.o(i.BKP_GetFlagStatus), (12 bytes).
    Removing stm32f10x_bkp.o(i.BKP_GetITStatus), (12 bytes).
    Removing stm32f10x_bkp.o(i.BKP_ITConfig), (12 bytes).
    Removing stm32f10x_bkp.o(i.BKP_RTCOutputConfig), (48 bytes).
    Removing stm32f10x_bkp.o(i.BKP_ReadBackupRegister), (28 bytes).
    Removing stm32f10x_bkp.o(i.BKP_SetRTCCalibrationValue), (48 bytes).
    Removing stm32f10x_bkp.o(i.BKP_TamperPinCmd), (12 bytes).
    Removing stm32f10x_bkp.o(i.BKP_TamperPinLevelConfig), (12 bytes).
    Removing stm32f10x_bkp.o(i.BKP_WriteBackupRegister), (24 bytes).
    Removing stm32f10x_can.o(i.CAN_CancelTransmit), (48 bytes).
    Removing stm32f10x_can.o(i.CAN_ClearFlag), (64 bytes).
    Removing stm32f10x_can.o(i.CAN_ClearITPendingBit), (192 bytes).
    Removing stm32f10x_can.o(i.CAN_DBGFreeze), (22 bytes).
    Removing stm32f10x_can.o(i.CAN_DeInit), (56 bytes).
    Removing stm32f10x_can.o(i.CAN_FIFORelease), (22 bytes).
    Removing stm32f10x_can.o(i.CAN_FilterInit), (288 bytes).
    Removing stm32f10x_can.o(i.CAN_GetFlagStatus), (164 bytes).
    Removing stm32f10x_can.o(i.CAN_GetITStatus), (348 bytes).
    Removing stm32f10x_can.o(i.CAN_ITConfig), (22 bytes).
    Removing stm32f10x_can.o(i.CAN_Init), (318 bytes).
    Removing stm32f10x_can.o(i.CAN_MessagePending), (42 bytes).
    Removing stm32f10x_can.o(i.CAN_Receive), (248 bytes).
    Removing stm32f10x_can.o(i.CAN_SlaveStartBank), (72 bytes).
    Removing stm32f10x_can.o(i.CAN_Sleep), (38 bytes).
    Removing stm32f10x_can.o(i.CAN_StructInit), (40 bytes).
    Removing stm32f10x_can.o(i.CAN_Transmit), (332 bytes).
    Removing stm32f10x_can.o(i.CAN_TransmitStatus), (192 bytes).
    Removing stm32f10x_can.o(i.CAN_WakeUp), (62 bytes).
    Removing stm32f10x_can.o(i.CheckITStatus), (28 bytes).
    Removing stm32f10x_cec.o(i.CEC_ClearFlag), (52 bytes).
    Removing stm32f10x_cec.o(i.CEC_ClearITPendingBit), (52 bytes).
    Removing stm32f10x_cec.o(i.CEC_Cmd), (28 bytes).
    Removing stm32f10x_cec.o(i.CEC_DeInit), (22 bytes).
    Removing stm32f10x_cec.o(i.CEC_EndOfMessageCmd), (12 bytes).
    Removing stm32f10x_cec.o(i.CEC_GetFlagStatus), (80 bytes).
    Removing stm32f10x_cec.o(i.CEC_GetITStatus), (56 bytes).
    Removing stm32f10x_cec.o(i.CEC_ITConfig), (12 bytes).
    Removing stm32f10x_cec.o(i.CEC_Init), (52 bytes).
    Removing stm32f10x_cec.o(i.CEC_OwnAddressConfig), (12 bytes).
    Removing stm32f10x_cec.o(i.CEC_ReceiveDataByte), (12 bytes).
    Removing stm32f10x_cec.o(i.CEC_SendDataByte), (12 bytes).
    Removing stm32f10x_cec.o(i.CEC_SetPrescaler), (12 bytes).
    Removing stm32f10x_cec.o(i.CEC_StartOfMessage), (16 bytes).
    Removing stm32f10x_crc.o(i.CRC_CalcBlockCRC), (44 bytes).
    Removing stm32f10x_crc.o(i.CRC_CalcCRC), (16 bytes).
    Removing stm32f10x_crc.o(i.CRC_GetCRC), (12 bytes).
    Removing stm32f10x_crc.o(i.CRC_GetIDRegister), (12 bytes).
    Removing stm32f10x_crc.o(i.CRC_ResetDR), (16 bytes).
    Removing stm32f10x_crc.o(i.CRC_SetIDRegister), (12 bytes).
    Removing stm32f10x_dac.o(i.DAC_Cmd), (60 bytes).
    Removing stm32f10x_dac.o(i.DAC_DMACmd), (60 bytes).
    Removing stm32f10x_dac.o(i.DAC_DeInit), (22 bytes).
    Removing stm32f10x_dac.o(i.DAC_DualSoftwareTriggerCmd), (44 bytes).
    Removing stm32f10x_dac.o(i.DAC_GetDataOutputValue), (36 bytes).
    Removing stm32f10x_dac.o(i.DAC_Init), (80 bytes).
    Removing stm32f10x_dac.o(i.DAC_SetChannel1Data), (28 bytes).
    Removing stm32f10x_dac.o(i.DAC_SetChannel2Data), (28 bytes).
    Removing stm32f10x_dac.o(i.DAC_SetDualChannelData), (48 bytes).
    Removing stm32f10x_dac.o(i.DAC_SoftwareTriggerCmd), (68 bytes).
    Removing stm32f10x_dac.o(i.DAC_StructInit), (14 bytes).
    Removing stm32f10x_dac.o(i.DAC_WaveGenerationCmd), (52 bytes).
    Removing stm32f10x_dbgmcu.o(i.DBGMCU_Config), (36 bytes).
    Removing stm32f10x_dbgmcu.o(i.DBGMCU_GetDEVID), (16 bytes).
    Removing stm32f10x_dbgmcu.o(i.DBGMCU_GetREVID), (12 bytes).
    Removing stm32f10x_dma.o(i.DMA_ClearFlag), (28 bytes).
    Removing stm32f10x_dma.o(i.DMA_ClearITPendingBit), (28 bytes).
    Removing stm32f10x_dma.o(i.DMA_Cmd), (26 bytes).
    Removing stm32f10x_dma.o(i.DMA_DeInit), (312 bytes).
    Removing stm32f10x_dma.o(i.DMA_GetCurrDataCounter), (8 bytes).
    Removing stm32f10x_dma.o(i.DMA_GetFlagStatus), (60 bytes).
    Removing stm32f10x_dma.o(i.DMA_GetITStatus), (60 bytes).
    Removing stm32f10x_dma.o(i.DMA_ITConfig), (22 bytes).
    Removing stm32f10x_dma.o(i.DMA_Init), (88 bytes).
    Removing stm32f10x_dma.o(i.DMA_SetCurrDataCounter), (4 bytes).
    Removing stm32f10x_dma.o(i.DMA_StructInit), (28 bytes).
    Removing stm32f10x_exti.o(i.EXTI_ClearFlag), (12 bytes).
    Removing stm32f10x_exti.o(i.EXTI_ClearITPendingBit), (12 bytes).
    Removing stm32f10x_exti.o(i.EXTI_DeInit), (52 bytes).
    Removing stm32f10x_exti.o(i.EXTI_GenerateSWInterrupt), (24 bytes).
    Removing stm32f10x_exti.o(i.EXTI_GetFlagStatus), (36 bytes).
    Removing stm32f10x_exti.o(i.EXTI_GetITStatus), (56 bytes).
    Removing stm32f10x_exti.o(i.EXTI_Init), (200 bytes).
    Removing stm32f10x_exti.o(i.EXTI_StructInit), (22 bytes).
    Removing stm32f10x_fsmc.o(i.FSMC_ClearFlag), (72 bytes).
    Removing stm32f10x_fsmc.o(i.FSMC_ClearITPendingBit), (72 bytes).
    Removing stm32f10x_fsmc.o(i.FSMC_GetECC), (36 bytes).
    Removing stm32f10x_fsmc.o(i.FSMC_GetFlagStatus), (76 bytes).
    Removing stm32f10x_fsmc.o(i.FSMC_GetITStatus), (92 bytes).
    Removing stm32f10x_fsmc.o(i.FSMC_ITConfig), (140 bytes).
    Removing stm32f10x_fsmc.o(i.FSMC_NANDCmd), (96 bytes).
    Removing stm32f10x_fsmc.o(i.FSMC_NANDDeInit), (76 bytes).
    Removing stm32f10x_fsmc.o(i.FSMC_NANDECCCmd), (96 bytes).
    Removing stm32f10x_fsmc.o(i.FSMC_NANDInit), (156 bytes).
    Removing stm32f10x_fsmc.o(i.FSMC_NANDStructInit), (60 bytes).
    Removing stm32f10x_fsmc.o(i.FSMC_NORSRAMDeInit), (58 bytes).
    Removing stm32f10x_fsmc.o(i.FSMC_NORSRAMStructInit), (140 bytes).
    Removing stm32f10x_fsmc.o(i.FSMC_PCCARDCmd), (48 bytes).
    Removing stm32f10x_fsmc.o(i.FSMC_PCCARDDeInit), (52 bytes).
    Removing stm32f10x_fsmc.o(i.FSMC_PCCARDInit), (136 bytes).
    Removing stm32f10x_fsmc.o(i.FSMC_PCCARDStructInit), (64 bytes).
    Removing stm32f10x_i2c.o(i.I2C_ARPCmd), (26 bytes).
    Removing stm32f10x_i2c.o(i.I2C_AcknowledgeConfig), (26 bytes).
    Removing stm32f10x_i2c.o(i.I2C_CalculatePEC), (26 bytes).
    Removing stm32f10x_i2c.o(i.I2C_CheckEvent), (64 bytes).
    Removing stm32f10x_i2c.o(i.I2C_ClearFlag), (20 bytes).
    Removing stm32f10x_i2c.o(i.I2C_ClearITPendingBit), (20 bytes).
    Removing stm32f10x_i2c.o(i.I2C_Cmd), (26 bytes).
    Removing stm32f10x_i2c.o(i.I2C_DMACmd), (26 bytes).
    Removing stm32f10x_i2c.o(i.I2C_DMALastTransferCmd), (26 bytes).
    Removing stm32f10x_i2c.o(i.I2C_DeInit), (56 bytes).
    Removing stm32f10x_i2c.o(i.I2C_DualAddressCmd), (26 bytes).
    Removing stm32f10x_i2c.o(i.I2C_FastModeDutyCycleConfig), (30 bytes).
    Removing stm32f10x_i2c.o(i.I2C_GeneralCallCmd), (26 bytes).
    Removing stm32f10x_i2c.o(i.I2C_GenerateSTART), (26 bytes).
    Removing stm32f10x_i2c.o(i.I2C_GenerateSTOP), (26 bytes).
    Removing stm32f10x_i2c.o(i.I2C_GetFlagStatus), (72 bytes).
    Removing stm32f10x_i2c.o(i.I2C_GetITStatus), (54 bytes).
    Removing stm32f10x_i2c.o(i.I2C_GetLastEvent), (40 bytes).
    Removing stm32f10x_i2c.o(i.I2C_GetPEC), (10 bytes).
    Removing stm32f10x_i2c.o(i.I2C_ITConfig), (30 bytes).
    Removing stm32f10x_i2c.o(i.I2C_Init), (296 bytes).
    Removing stm32f10x_i2c.o(i.I2C_OwnAddress2Config), (36 bytes).
    Removing stm32f10x_i2c.o(i.I2C_PECPositionConfig), (30 bytes).
    Removing stm32f10x_i2c.o(i.I2C_ReadRegister), (20 bytes).
    Removing stm32f10x_i2c.o(i.I2C_ReceiveData), (8 bytes).
    Removing stm32f10x_i2c.o(i.I2C_SMBusAlertConfig), (30 bytes).
    Removing stm32f10x_i2c.o(i.I2C_Send7bitAddress), (24 bytes).
    Removing stm32f10x_i2c.o(i.I2C_SendData), (4 bytes).
    Removing stm32f10x_i2c.o(i.I2C_SoftwareResetCmd), (22 bytes).
    Removing stm32f10x_i2c.o(i.I2C_StretchClockCmd), (26 bytes).
    Removing stm32f10x_i2c.o(i.I2C_StructInit), (34 bytes).
    Removing stm32f10x_i2c.o(i.I2C_TransmitPEC), (26 bytes).
    Removing stm32f10x_iwdg.o(i.IWDG_Enable), (16 bytes).
    Removing stm32f10x_iwdg.o(i.IWDG_GetFlagStatus), (36 bytes).
    Removing stm32f10x_iwdg.o(i.IWDG_ReloadCounter), (16 bytes).
    Removing stm32f10x_iwdg.o(i.IWDG_SetPrescaler), (12 bytes).
    Removing stm32f10x_iwdg.o(i.IWDG_SetReload), (12 bytes).
    Removing stm32f10x_iwdg.o(i.IWDG_WriteAccessCmd), (12 bytes).
    Removing stm32f10x_pwr.o(i.PWR_BackupAccessCmd), (12 bytes).
    Removing stm32f10x_pwr.o(i.PWR_ClearFlag), (20 bytes).
    Removing stm32f10x_pwr.o(i.PWR_DeInit), (22 bytes).
    Removing stm32f10x_pwr.o(i.PWR_EnterSTANDBYMode), (56 bytes).
    Removing stm32f10x_pwr.o(i.PWR_EnterSTOPMode), (84 bytes).
    Removing stm32f10x_pwr.o(i.PWR_GetFlagStatus), (36 bytes).
    Removing stm32f10x_pwr.o(i.PWR_PVDCmd), (12 bytes).
    Removing stm32f10x_pwr.o(i.PWR_PVDLevelConfig), (36 bytes).
    Removing stm32f10x_pwr.o(i.PWR_WakeUpPinCmd), (12 bytes).
    Removing stm32f10x_rtc.o(i.RTC_ClearFlag), (32 bytes).
    Removing stm32f10x_rtc.o(i.RTC_ClearITPendingBit), (32 bytes).
    Removing stm32f10x_rtc.o(i.RTC_EnterConfigMode), (24 bytes).
    Removing stm32f10x_rtc.o(i.RTC_ExitConfigMode), (28 bytes).
    Removing stm32f10x_rtc.o(i.RTC_GetCounter), (32 bytes).
    Removing stm32f10x_rtc.o(i.RTC_GetDivider), (44 bytes).
    Removing stm32f10x_rtc.o(i.RTC_GetFlagStatus), (36 bytes).
    Removing stm32f10x_rtc.o(i.RTC_GetITStatus), (56 bytes).
    Removing stm32f10x_rtc.o(i.RTC_ITConfig), (48 bytes).
    Removing stm32f10x_rtc.o(i.RTC_SetAlarm), (36 bytes).
    Removing stm32f10x_rtc.o(i.RTC_SetCounter), (36 bytes).
    Removing stm32f10x_rtc.o(i.RTC_SetPrescaler), (36 bytes).
    Removing stm32f10x_rtc.o(i.RTC_WaitForLastTask), (20 bytes).
    Removing stm32f10x_rtc.o(i.RTC_WaitForSynchro), (40 bytes).
    Removing stm32f10x_sdio.o(i.SDIO_CEATAITCmd), (20 bytes).
    Removing stm32f10x_sdio.o(i.SDIO_ClearFlag), (12 bytes).
    Removing stm32f10x_sdio.o(i.SDIO_ClearITPendingBit), (12 bytes).
    Removing stm32f10x_sdio.o(i.SDIO_ClockCmd), (12 bytes).
    Removing stm32f10x_sdio.o(i.SDIO_CmdStructInit), (16 bytes).
    Removing stm32f10x_sdio.o(i.SDIO_CommandCompletionCmd), (12 bytes).
    Removing stm32f10x_sdio.o(i.SDIO_DMACmd), (12 bytes).
    Removing stm32f10x_sdio.o(i.SDIO_DataConfig), (64 bytes).
    Removing stm32f10x_sdio.o(i.SDIO_DataStructInit), (22 bytes).
    Removing stm32f10x_sdio.o(i.SDIO_DeInit), (40 bytes).
    Removing stm32f10x_sdio.o(i.SDIO_GetCommandResponse), (12 bytes).
    Removing stm32f10x_sdio.o(i.SDIO_GetDataCounter), (12 bytes).
    Removing stm32f10x_sdio.o(i.SDIO_GetFIFOCount), (12 bytes).
    Removing stm32f10x_sdio.o(i.SDIO_GetFlagStatus), (36 bytes).
    Removing stm32f10x_sdio.o(i.SDIO_GetITStatus), (36 bytes).
    Removing stm32f10x_sdio.o(i.SDIO_GetPowerState), (16 bytes).
    Removing stm32f10x_sdio.o(i.SDIO_GetResponse), (24 bytes).
    Removing stm32f10x_sdio.o(i.SDIO_ITConfig), (36 bytes).
    Removing stm32f10x_sdio.o(i.SDIO_Init), (72 bytes).
    Removing stm32f10x_sdio.o(i.SDIO_ReadData), (12 bytes).
    Removing stm32f10x_sdio.o(i.SDIO_SendCEATACmd), (12 bytes).
    Removing stm32f10x_sdio.o(i.SDIO_SendCommand), (64 bytes).
    Removing stm32f10x_sdio.o(i.SDIO_SendSDIOSuspendCmd), (12 bytes).
    Removing stm32f10x_sdio.o(i.SDIO_SetPowerState), (28 bytes).
    Removing stm32f10x_sdio.o(i.SDIO_SetSDIOOperation), (12 bytes).
    Removing stm32f10x_sdio.o(i.SDIO_SetSDIOReadWaitMode), (12 bytes).
    Removing stm32f10x_sdio.o(i.SDIO_StartSDIOReadWait), (12 bytes).
    Removing stm32f10x_sdio.o(i.SDIO_StopSDIOReadWait), (12 bytes).
    Removing stm32f10x_sdio.o(i.SDIO_StructInit), (18 bytes).
    Removing stm32f10x_sdio.o(i.SDIO_WriteData), (12 bytes).
    Removing stm32f10x_spi.o(i.I2S_Cmd), (26 bytes).
    Removing stm32f10x_spi.o(i.I2S_Init), (292 bytes).
    Removing stm32f10x_spi.o(i.I2S_StructInit), (26 bytes).
    Removing stm32f10x_spi.o(i.SPI_BiDirectionalLineConfig), (30 bytes).
    Removing stm32f10x_spi.o(i.SPI_CalculateCRC), (26 bytes).
    Removing stm32f10x_spi.o(i.SPI_DataSizeConfig), (22 bytes).
    Removing stm32f10x_spi.o(i.SPI_GetCRC), (24 bytes).
    Removing stm32f10x_spi.o(i.SPI_GetCRCPolynomial), (6 bytes).
    Removing stm32f10x_spi.o(i.SPI_I2S_ClearFlag), (8 bytes).
    Removing stm32f10x_spi.o(i.SPI_I2S_ClearITPendingBit), (32 bytes).
    Removing stm32f10x_spi.o(i.SPI_I2S_DMACmd), (30 bytes).
    Removing stm32f10x_spi.o(i.SPI_I2S_DeInit), (88 bytes).
    Removing stm32f10x_spi.o(i.SPI_I2S_GetFlagStatus), (30 bytes).
    Removing stm32f10x_spi.o(i.SPI_I2S_GetITStatus), (82 bytes).
    Removing stm32f10x_spi.o(i.SPI_I2S_ITConfig), (56 bytes).
    Removing stm32f10x_spi.o(i.SPI_I2S_ReceiveData), (6 bytes).
    Removing stm32f10x_spi.o(i.SPI_I2S_SendData), (4 bytes).
    Removing stm32f10x_spi.o(i.SPI_NSSInternalSoftwareConfig), (32 bytes).
    Removing stm32f10x_spi.o(i.SPI_SSOutputCmd), (26 bytes).
    Removing stm32f10x_spi.o(i.SPI_StructInit), (28 bytes).
    Removing stm32f10x_spi.o(i.SPI_TransmitCRC), (10 bytes).
    Removing stm32f10x_tim.o(i.TI1_Config), (164 bytes).
    Removing stm32f10x_tim.o(i.TI2_Config), (180 bytes).
    Removing stm32f10x_tim.o(i.TI3_Config), (176 bytes).
    Removing stm32f10x_tim.o(i.TI4_Config), (180 bytes).
    Removing stm32f10x_tim.o(i.TIM_BDTRConfig), (44 bytes).
    Removing stm32f10x_tim.o(i.TIM_BDTRStructInit), (20 bytes).
    Removing stm32f10x_tim.o(i.TIM_CCPreloadControl), (26 bytes).
    Removing stm32f10x_tim.o(i.TIM_CCxCmd), (50 bytes).
    Removing stm32f10x_tim.o(i.TIM_CCxNCmd), (50 bytes).
    Removing stm32f10x_tim.o(i.TIM_ClearFlag), (8 bytes).
    Removing stm32f10x_tim.o(i.TIM_ClearITPendingBit), (8 bytes).
    Removing stm32f10x_tim.o(i.TIM_ClearOC1Ref), (32 bytes).
    Removing stm32f10x_tim.o(i.TIM_ClearOC2Ref), (32 bytes).
    Removing stm32f10x_tim.o(i.TIM_ClearOC3Ref), (32 bytes).
    Removing stm32f10x_tim.o(i.TIM_ClearOC4Ref), (32 bytes).
    Removing stm32f10x_tim.o(i.TIM_CounterModeConfig), (32 bytes).
    Removing stm32f10x_tim.o(i.TIM_CtrlPWMOutputs), (30 bytes).
    Removing stm32f10x_tim.o(i.TIM_DMACmd), (30 bytes).
    Removing stm32f10x_tim.o(i.TIM_DMAConfig), (10 bytes).
    Removing stm32f10x_tim.o(i.TIM_DeInit), (488 bytes).
    Removing stm32f10x_tim.o(i.TIM_ETRClockMode1Config), (72 bytes).
    Removing stm32f10x_tim.o(i.TIM_ETRClockMode2Config), (32 bytes).
    Removing stm32f10x_tim.o(i.TIM_ETRConfig), (40 bytes).
    Removing stm32f10x_tim.o(i.TIM_EncoderInterfaceConfig), (98 bytes).
    Removing stm32f10x_tim.o(i.TIM_ForcedOC1Config), (32 bytes).
    Removing stm32f10x_tim.o(i.TIM_ForcedOC2Config), (36 bytes).
    Removing stm32f10x_tim.o(i.TIM_ForcedOC3Config), (32 bytes).
    Removing stm32f10x_tim.o(i.TIM_ForcedOC4Config), (36 bytes).
    Removing stm32f10x_tim.o(i.TIM_GenerateEvent), (4 bytes).
    Removing stm32f10x_tim.o(i.TIM_GetCapture1), (6 bytes).
    Removing stm32f10x_tim.o(i.TIM_GetCapture2), (6 bytes).
    Removing stm32f10x_tim.o(i.TIM_GetCapture3), (6 bytes).
    Removing stm32f10x_tim.o(i.TIM_GetCapture4), (8 bytes).
    Removing stm32f10x_tim.o(i.TIM_GetCounter), (6 bytes).
    Removing stm32f10x_tim.o(i.TIM_GetFlagStatus), (30 bytes).
    Removing stm32f10x_tim.o(i.TIM_GetITStatus), (50 bytes).
    Removing stm32f10x_tim.o(i.TIM_GetPrescaler), (6 bytes).
    Removing stm32f10x_tim.o(i.TIM_ICInit), (204 bytes).
    Removing stm32f10x_tim.o(i.TIM_ICStructInit), (24 bytes).
    Removing stm32f10x_tim.o(i.TIM_ITConfig), (30 bytes).
    Removing stm32f10x_tim.o(i.TIM_ITRxExternalClockConfig), (24 bytes).
    Removing stm32f10x_tim.o(i.TIM_InternalClockConfig), (14 bytes).
    Removing stm32f10x_tim.o(i.TIM_OC1FastConfig), (32 bytes).
    Removing stm32f10x_tim.o(i.TIM_OC1Init), (224 bytes).
    Removing stm32f10x_tim.o(i.TIM_OC1NPolarityConfig), (32 bytes).
    Removing stm32f10x_tim.o(i.TIM_OC1PolarityConfig), (32 bytes).
    Removing stm32f10x_tim.o(i.TIM_OC1PreloadConfig), (32 bytes).
    Removing stm32f10x_tim.o(i.TIM_OC2FastConfig), (36 bytes).
    Removing stm32f10x_tim.o(i.TIM_OC2NPolarityConfig), (36 bytes).
    Removing stm32f10x_tim.o(i.TIM_OC2PolarityConfig), (36 bytes).
    Removing stm32f10x_tim.o(i.TIM_OC3FastConfig), (32 bytes).
    Removing stm32f10x_tim.o(i.TIM_OC3Init), (220 bytes).
    Removing stm32f10x_tim.o(i.TIM_OC3NPolarityConfig), (36 bytes).
    Removing stm32f10x_tim.o(i.TIM_OC3PolarityConfig), (36 bytes).
    Removing stm32f10x_tim.o(i.TIM_OC3PreloadConfig), (32 bytes).
    Removing stm32f10x_tim.o(i.TIM_OC4FastConfig), (36 bytes).
    Removing stm32f10x_tim.o(i.TIM_OC4Init), (160 bytes).
    Removing stm32f10x_tim.o(i.TIM_OC4PolarityConfig), (36 bytes).
    Removing stm32f10x_tim.o(i.TIM_OC4PreloadConfig), (36 bytes).
    Removing stm32f10x_tim.o(i.TIM_OCStructInit), (22 bytes).
    Removing stm32f10x_tim.o(i.TIM_PWMIConfig), (172 bytes).
    Removing stm32f10x_tim.o(i.TIM_PrescalerConfig), (6 bytes).
    Removing stm32f10x_tim.o(i.TIM_SelectCCDMA), (26 bytes).
    Removing stm32f10x_tim.o(i.TIM_SelectCOM), (26 bytes).
    Removing stm32f10x_tim.o(i.TIM_SelectHallSensor), (26 bytes).
    Removing stm32f10x_tim.o(i.TIM_SelectInputTrigger), (32 bytes).
    Removing stm32f10x_tim.o(i.TIM_SelectMasterSlaveMode), (22 bytes).
    Removing stm32f10x_tim.o(i.TIM_SelectOCxM), (110 bytes).
    Removing stm32f10x_tim.o(i.TIM_SelectOnePulseMode), (22 bytes).
    Removing stm32f10x_tim.o(i.TIM_SelectOutputTrigger), (22 bytes).
    Removing stm32f10x_tim.o(i.TIM_SelectSlaveMode), (22 bytes).
    Removing stm32f10x_tim.o(i.TIM_SetAutoreload), (4 bytes).
    Removing stm32f10x_tim.o(i.TIM_SetClockDivision), (22 bytes).
    Removing stm32f10x_tim.o(i.TIM_SetCompare1), (4 bytes).
    Removing stm32f10x_tim.o(i.TIM_SetCompare2), (4 bytes).
    Removing stm32f10x_tim.o(i.TIM_SetCompare3), (4 bytes).
    Removing stm32f10x_tim.o(i.TIM_SetCompare4), (6 bytes).
    Removing stm32f10x_tim.o(i.TIM_SetCounter), (4 bytes).
    Removing stm32f10x_tim.o(i.TIM_SetIC1Prescaler), (22 bytes).
    Removing stm32f10x_tim.o(i.TIM_SetIC2Prescaler), (26 bytes).
    Removing stm32f10x_tim.o(i.TIM_SetIC3Prescaler), (22 bytes).
    Removing stm32f10x_tim.o(i.TIM_SetIC4Prescaler), (26 bytes).
    Removing stm32f10x_tim.o(i.TIM_TIxExternalClockConfig), (62 bytes).
    Removing stm32f10x_tim.o(i.TIM_TimeBaseStructInit), (20 bytes).
    Removing stm32f10x_tim.o(i.TIM_UpdateDisableConfig), (26 bytes).
    Removing stm32f10x_tim.o(i.TIM_UpdateRequestConfig), (26 bytes).
    Removing stm32f10x_usart.o(i.USART_ClearFlag), (20 bytes).
    Removing stm32f10x_usart.o(i.USART_ClearITPendingBit), (46 bytes).
    Removing stm32f10x_usart.o(i.USART_ClockInit), (54 bytes).
    Removing stm32f10x_usart.o(i.USART_ClockStructInit), (14 bytes).
    Removing stm32f10x_usart.o(i.USART_Cmd), (26 bytes).
    Removing stm32f10x_usart.o(i.USART_DMACmd), (30 bytes).
    Removing stm32f10x_usart.o(i.USART_DeInit), (156 bytes).
    Removing stm32f10x_usart.o(i.USART_GetFlagStatus), (38 bytes).
    Removing stm32f10x_usart.o(i.USART_GetITStatus), (128 bytes).
    Removing stm32f10x_usart.o(i.USART_HalfDuplexCmd), (26 bytes).
    Removing stm32f10x_usart.o(i.USART_ITConfig), (102 bytes).
    Removing stm32f10x_usart.o(i.USART_Init), (284 bytes).
    Removing stm32f10x_usart.o(i.USART_IrDACmd), (26 bytes).
    Removing stm32f10x_usart.o(i.USART_IrDAConfig), (22 bytes).
    Removing stm32f10x_usart.o(i.USART_LINBreakDetectLengthConfig), (22 bytes).
    Removing stm32f10x_usart.o(i.USART_LINCmd), (26 bytes).
    Removing stm32f10x_usart.o(i.USART_OneBitMethodCmd), (26 bytes).
    Removing stm32f10x_usart.o(i.USART_OverSampling8Cmd), (22 bytes).
    Removing stm32f10x_usart.o(i.USART_ReceiveData), (10 bytes).
    Removing stm32f10x_usart.o(i.USART_ReceiverWakeUpCmd), (26 bytes).
    Removing stm32f10x_usart.o(i.USART_SendBreak), (10 bytes).
    Removing stm32f10x_usart.o(i.USART_SendData), (8 bytes).
    Removing stm32f10x_usart.o(i.USART_SetAddress), (22 bytes).
    Removing stm32f10x_usart.o(i.USART_SetGuardTime), (16 bytes).
    Removing stm32f10x_usart.o(i.USART_SetPrescaler), (18 bytes).
    Removing stm32f10x_usart.o(i.USART_SmartCardCmd), (26 bytes).
    Removing stm32f10x_usart.o(i.USART_SmartCardNACKCmd), (26 bytes).
    Removing stm32f10x_usart.o(i.USART_StructInit), (30 bytes).
    Removing stm32f10x_usart.o(i.USART_WakeUpConfig), (22 bytes).
    Removing stm32f10x_wwdg.o(i.WWDG_ClearFlag), (16 bytes).
    Removing stm32f10x_wwdg.o(i.WWDG_DeInit), (22 bytes).
    Removing stm32f10x_wwdg.o(i.WWDG_Enable), (16 bytes).
    Removing stm32f10x_wwdg.o(i.WWDG_EnableIT), (16 bytes).
    Removing stm32f10x_wwdg.o(i.WWDG_GetFlagStatus), (12 bytes).
    Removing stm32f10x_wwdg.o(i.WWDG_SetCounter), (16 bytes).
    Removing stm32f10x_wwdg.o(i.WWDG_SetPrescaler), (40 bytes).
    Removing stm32f10x_wwdg.o(i.WWDG_SetWindowValue), (44 bytes).
    Removing core_cm3.o(.emb_text), (32 bytes).
    Removing system_stm32f10x.o(i.SystemCoreClockUpdate), (188 bytes).
    Removing startup_stm32f10x_hd.o(HEAP), (512 bytes).
    Removing dadd.o(.text), (336 bytes).
    Removing dmul.o(.text), (226 bytes).
    Removing ddiv.o(.text), (226 bytes).
    Removing dflti.o(.text), (34 bytes).
    Removing dfltui.o(.text), (26 bytes).
    Removing dfixi.o(.text), (62 bytes).
    Removing dfixui.o(.text), (46 bytes).
    Removing cdcmple.o(.text), (40 bytes).
    Removing depilogue.o(.text), (198 bytes).

498 unused section(s) (total 245038 bytes) removed from the image.

==============================================================================

Image Symbol Table

    Local Symbols

    Symbol Name                              Value     Ov Type        Size  Object(Section)

    ../../microlib/fpadd.c                   0x00000000   Number         0  dadd.o ABSOLUTE
    ../../microlib/fpdiv.c                   0x00000000   Number         0  ddiv.o ABSOLUTE
    ../../microlib/fpepilogue.c              0x00000000   Number         0  depilogue.o ABSOLUTE
    ../../microlib/fpfix.c                   0x00000000   Number         0  dfixi.o ABSOLUTE
    ../../microlib/fpfix.c                   0x00000000   Number         0  dfixui.o ABSOLUTE
    ../../microlib/fpflt.c                   0x00000000   Number         0  dfltui.o ABSOLUTE
    ../../microlib/fpflt.c                   0x00000000   Number         0  dflti.o ABSOLUTE
    ../../microlib/fpmul.c                   0x00000000   Number         0  dmul.o ABSOLUTE
    ../../microlib/init/entry.s              0x00000000   Number         0  entry5.o ABSOLUTE
    ../../microlib/init/entry.s              0x00000000   Number         0  entry.o ABSOLUTE
    ../../microlib/init/entry.s              0x00000000   Number         0  entry2.o ABSOLUTE
    ../../microlib/init/entry.s              0x00000000   Number         0  entry7.o ABSOLUTE
    ../../microlib/longlong.c                0x00000000   Number         0  llsshr.o ABSOLUTE
    ../../microlib/longlong.c                0x00000000   Number         0  llushr.o ABSOLUTE
    ../../microlib/longlong.c                0x00000000   Number         0  llshl.o ABSOLUTE
    ../../microlib/string/memcpy.c           0x00000000   Number         0  memcpyb.o ABSOLUTE
    ../../microlib/string/memcpy.c           0x00000000   Number         0  memcpya.o ABSOLUTE
    ../../microlib/string/memset.c           0x00000000   Number         0  memseta.o ABSOLUTE
    ../../microlib/stubs.s                   0x00000000   Number         0  iusefp.o ABSOLUTE
    ..\Libraries\CMSIS\CM3\CoreSupport\core_cm3.c 0x00000000   Number         0  core_cm3.o ABSOLUTE
    ..\Libraries\CMSIS\CM3\DeviceSupport\ST\STM32F10x\startup\arm\startup_stm32f10x_hd.s 0x00000000   Number         0  startup_stm32f10x_hd.o ABSOLUTE
    ..\Libraries\STM32F10x_StdPeriph_Driver\src\misc.c 0x00000000   Number         0  misc.o ABSOLUTE
    ..\Libraries\STM32F10x_StdPeriph_Driver\src\stm32f10x_adc.c 0x00000000   Number         0  stm32f10x_adc.o ABSOLUTE
    ..\Libraries\STM32F10x_StdPeriph_Driver\src\stm32f10x_bkp.c 0x00000000   Number         0  stm32f10x_bkp.o ABSOLUTE
    ..\Libraries\STM32F10x_StdPeriph_Driver\src\stm32f10x_can.c 0x00000000   Number         0  stm32f10x_can.o ABSOLUTE
    ..\Libraries\STM32F10x_StdPeriph_Driver\src\stm32f10x_cec.c 0x00000000   Number         0  stm32f10x_cec.o ABSOLUTE
    ..\Libraries\STM32F10x_StdPeriph_Driver\src\stm32f10x_crc.c 0x00000000   Number         0  stm32f10x_crc.o ABSOLUTE
    ..\Libraries\STM32F10x_StdPeriph_Driver\src\stm32f10x_dac.c 0x00000000   Number         0  stm32f10x_dac.o ABSOLUTE
    ..\Libraries\STM32F10x_StdPeriph_Driver\src\stm32f10x_dbgmcu.c 0x00000000   Number         0  stm32f10x_dbgmcu.o ABSOLUTE
    ..\Libraries\STM32F10x_StdPeriph_Driver\src\stm32f10x_dma.c 0x00000000   Number         0  stm32f10x_dma.o ABSOLUTE
    ..\Libraries\STM32F10x_StdPeriph_Driver\src\stm32f10x_exti.c 0x00000000   Number         0  stm32f10x_exti.o ABSOLUTE
    ..\Libraries\STM32F10x_StdPeriph_Driver\src\stm32f10x_flash.c 0x00000000   Number         0  stm32f10x_flash.o ABSOLUTE
    ..\Libraries\STM32F10x_StdPeriph_Driver\src\stm32f10x_fsmc.c 0x00000000   Number         0  stm32f10x_fsmc.o ABSOLUTE
    ..\Libraries\STM32F10x_StdPeriph_Driver\src\stm32f10x_gpio.c 0x00000000   Number         0  stm32f10x_gpio.o ABSOLUTE
    ..\Libraries\STM32F10x_StdPeriph_Driver\src\stm32f10x_i2c.c 0x00000000   Number         0  stm32f10x_i2c.o ABSOLUTE
    ..\Libraries\STM32F10x_StdPeriph_Driver\src\stm32f10x_iwdg.c 0x00000000   Number         0  stm32f10x_iwdg.o ABSOLUTE
    ..\Libraries\STM32F10x_StdPeriph_Driver\src\stm32f10x_pwr.c 0x00000000   Number         0  stm32f10x_pwr.o ABSOLUTE
    ..\Libraries\STM32F10x_StdPeriph_Driver\src\stm32f10x_rcc.c 0x00000000   Number         0  stm32f10x_rcc.o ABSOLUTE
    ..\Libraries\STM32F10x_StdPeriph_Driver\src\stm32f10x_rtc.c 0x00000000   Number         0  stm32f10x_rtc.o ABSOLUTE
    ..\Libraries\STM32F10x_StdPeriph_Driver\src\stm32f10x_sdio.c 0x00000000   Number         0  stm32f10x_sdio.o ABSOLUTE
    ..\Libraries\STM32F10x_StdPeriph_Driver\src\stm32f10x_spi.c 0x00000000   Number         0  stm32f10x_spi.o ABSOLUTE
    ..\Libraries\STM32F10x_StdPeriph_Driver\src\stm32f10x_tim.c 0x00000000   Number         0  stm32f10x_tim.o ABSOLUTE
    ..\Libraries\STM32F10x_StdPeriph_Driver\src\stm32f10x_usart.c 0x00000000   Number         0  stm32f10x_usart.o ABSOLUTE
    ..\Libraries\STM32F10x_StdPeriph_Driver\src\stm32f10x_wwdg.c 0x00000000   Number         0  stm32f10x_wwdg.o ABSOLUTE
    ..\USER\GLCD\AsciiLib.c                  0x00000000   Number         0  asciilib.o ABSOLUTE
    ..\USER\GLCD\GLCD.c                      0x00000000   Number         0  glcd.o ABSOLUTE
    ..\USER\GLCD\HzLib.c                     0x00000000   Number         0  hzlib.o ABSOLUTE
    ..\USER\SysTick\stm32f10x_systick.c      0x00000000   Number         0  stm32f10x_systick.o ABSOLUTE
    ..\USER\SysTick\systick.c                0x00000000   Number         0  systick.o ABSOLUTE
    ..\USER\TouchPanel\TouchPanel.c          0x00000000   Number         0  touchpanel.o ABSOLUTE
    ..\USER\main.c                           0x00000000   Number         0  main.o ABSOLUTE
    ..\USER\stm32f10x_it.c                   0x00000000   Number         0  stm32f10x_it.o ABSOLUTE
    ..\USER\system_stm32f10x.c               0x00000000   Number         0  system_stm32f10x.o ABSOLUTE
    ..\\Libraries\\CMSIS\\CM3\\CoreSupport\\core_cm3.c 0x00000000   Number         0  core_cm3.o ABSOLUTE
    cdcmple.s                                0x00000000   Number         0  cdcmple.o ABSOLUTE
    dc.s                                     0x00000000   Number         0  dc.o ABSOLUTE
    handlers.s                               0x00000000   Number         0  handlers.o ABSOLUTE
    init.s                                   0x00000000   Number         0  init.o ABSOLUTE
    RESET                                    0x08000000   Section      304  startup_stm32f10x_hd.o(RESET)
    .ARM.Collect$$$$00000000                 0x08000130   Section        0  entry.o(.ARM.Collect$$$$00000000)
    .ARM.Collect$$$$00000001                 0x08000130   Section        4  entry2.o(.ARM.Collect$$$$00000001)
    .ARM.Collect$$$$00000004                 0x08000134   Section        4  entry5.o(.ARM.Collect$$$$00000004)
    .ARM.Collect$$$$00000007                 0x08000138   Section        8  entry7.o(.ARM.Collect$$$$00000007)
    .ARM.Collect$$$$00002712                 0x08000140   Section        4  entry2.o(.ARM.Collect$$$$00002712)
    __lit__00000000                          0x08000140   Data           4  entry2.o(.ARM.Collect$$$$00002712)
    .text                                    0x08000144   Section       36  startup_stm32f10x_hd.o(.text)
    .text                                    0x08000168   Section       36  init.o(.text)
    i.ADS7843_SPI_Init                       0x0800018c   Section        0  touchpanel.o(i.ADS7843_SPI_Init)
    ADS7843_SPI_Init                         0x0800018d   Thumb Code   104  touchpanel.o(i.ADS7843_SPI_Init)
    i.BusFault_Handler                       0x080001f8   Section        0  stm32f10x_it.o(i.BusFault_Handler)
    i.DebugMon_Handler                       0x080001fc   Section        0  stm32f10x_it.o(i.DebugMon_Handler)
    i.Delay                                  0x080001fe   Section        0  main.o(i.Delay)
    i.FSMC_NORSRAMCmd                        0x0800020c   Section        0  stm32f10x_fsmc.o(i.FSMC_NORSRAMCmd)
    i.FSMC_NORSRAMInit                       0x08000240   Section        0  stm32f10x_fsmc.o(i.FSMC_NORSRAMInit)
    i.GPIO_Configuration                     0x0800033c   Section        0  main.o(i.GPIO_Configuration)
    i.GPIO_Init                              0x08000368   Section        0  stm32f10x_gpio.o(i.GPIO_Init)
    i.GPIO_PinRemapConfig                    0x080004c0   Section        0  stm32f10x_gpio.o(i.GPIO_PinRemapConfig)
    i.GPIO_ResetBits                         0x08000578   Section        0  stm32f10x_gpio.o(i.GPIO_ResetBits)
    i.GPIO_SetBits                           0x0800057c   Section        0  stm32f10x_gpio.o(i.GPIO_SetBits)
    i.HardFault_Handler                      0x08000580   Section        0  stm32f10x_it.o(i.HardFault_Handler)
    i.LCD_BackLight                          0x08000584   Section        0  glcd.o(i.LCD_BackLight)
    i.LCD_BackLight_Init                     0x080005a8   Section        0  glcd.o(i.LCD_BackLight_Init)
    i.LCD_Configuration                      0x08000680   Section        0  glcd.o(i.LCD_Configuration)
    LCD_Configuration                        0x08000681   Thumb Code    12  glcd.o(i.LCD_Configuration)
    i.LCD_CtrlLinesConfig                    0x0800068c   Section        0  glcd.o(i.LCD_CtrlLinesConfig)
    LCD_CtrlLinesConfig                      0x0800068d   Thumb Code    84  glcd.o(i.LCD_CtrlLinesConfig)
    i.LCD_Delay                              0x080006e8   Section        0  glcd.o(i.LCD_Delay)
    LCD_Delay                                0x080006e9   Thumb Code    42  glcd.o(i.LCD_Delay)
    i.LCD_FSMCConfig                         0x08000712   Section        0  glcd.o(i.LCD_FSMCConfig)
    LCD_FSMCConfig                           0x08000713   Thumb Code   138  glcd.o(i.LCD_FSMCConfig)
    i.LCD_Initializtion                      0x0800079c   Section        0  glcd.o(i.LCD_Initializtion)
    i.LCD_WriteReg                           0x08001320   Section        0  glcd.o(i.LCD_WriteReg)
    LCD_WriteReg                             0x08001321   Thumb Code    12  glcd.o(i.LCD_WriteReg)
    i.MemManage_Handler                      0x08001330   Section        0  stm32f10x_it.o(i.MemManage_Handler)
    i.NMI_Handler                            0x08001334   Section        0  stm32f10x_it.o(i.NMI_Handler)
    i.PendSV_Handler                         0x08001336   Section        0  stm32f10x_it.o(i.PendSV_Handler)
    i.RCC_AHBPeriphClockCmd                  0x08001338   Section        0  stm32f10x_rcc.o(i.RCC_AHBPeriphClockCmd)
    i.RCC_APB1PeriphClockCmd                 0x0800135c   Section        0  stm32f10x_rcc.o(i.RCC_APB1PeriphClockCmd)
    i.RCC_APB2PeriphClockCmd                 0x08001380   Section        0  stm32f10x_rcc.o(i.RCC_APB2PeriphClockCmd)
    i.RCC_GetClocksFreq                      0x080013a4   Section        0  stm32f10x_rcc.o(i.RCC_GetClocksFreq)
    i.SPI_Cmd                                0x080014b4   Section        0  stm32f10x_spi.o(i.SPI_Cmd)
    i.SPI_Init                               0x080014ce   Section        0  stm32f10x_spi.o(i.SPI_Init)
    i.SVC_Handler                            0x08001526   Section        0  stm32f10x_it.o(i.SVC_Handler)
    i.SetSysClock                            0x08001528   Section        0  system_stm32f10x.o(i.SetSysClock)
    SetSysClock                              0x08001529   Thumb Code     8  system_stm32f10x.o(i.SetSysClock)
    i.SetSysClockTo72                        0x08001530   Section        0  system_stm32f10x.o(i.SetSysClockTo72)
    SetSysClockTo72                          0x08001531   Thumb Code   210  system_stm32f10x.o(i.SetSysClockTo72)
    i.SysTick_CLKSourceConfig                0x0800160c   Section        0  misc.o(i.SysTick_CLKSourceConfig)
    i.SysTick_Handler                        0x08001634   Section        0  stm32f10x_it.o(i.SysTick_Handler)
    i.SysTick_ITConfig                       0x08001636   Section        0  stm32f10x_systick.o(i.SysTick_ITConfig)
    i.SystemInit                             0x0800165c   Section        0  system_stm32f10x.o(i.SystemInit)
    i.TIM_ARRPreloadConfig                   0x080016c0   Section        0  stm32f10x_tim.o(i.TIM_ARRPreloadConfig)
    i.TIM_Cmd                                0x080016da   Section        0  stm32f10x_tim.o(i.TIM_Cmd)
    i.TIM_OC2Init                            0x080016f4   Section        0  stm32f10x_tim.o(i.TIM_OC2Init)
    i.TIM_OC2PreloadConfig                   0x080017d4   Section        0  stm32f10x_tim.o(i.TIM_OC2PreloadConfig)
    i.TIM_TimeBaseInit                       0x080017f8   Section        0  stm32f10x_tim.o(i.TIM_TimeBaseInit)
    i.TP_Init                                0x080018b4   Section        0  touchpanel.o(i.TP_Init)
    i.UsageFault_Handler                     0x08001938   Section        0  stm32f10x_it.o(i.UsageFault_Handler)
    i.__scatterload_copy                     0x0800193c   Section       14  handlers.o(i.__scatterload_copy)
    i.__scatterload_null                     0x0800194a   Section        2  handlers.o(i.__scatterload_null)
    i.__scatterload_zeroinit                 0x0800194c   Section       14  handlers.o(i.__scatterload_zeroinit)
    i.delay_init                             0x0800195c   Section        0  systick.o(i.delay_init)
    i.main                                   0x080019a0   Section        0  main.o(i.main)
    .data                                    0x20000000   Section        6  glcd.o(.data)
    TimerPeriod                              0x20000000   Data           2  glcd.o(.data)
    Channel2Pulse                            0x20000002   Data           2  glcd.o(.data)
    DeviceCode                               0x20000004   Data           2  glcd.o(.data)
    .data                                    0x20000006   Section        5  systick.o(.data)
    delay_fac_us                             0x20000006   Data           1  systick.o(.data)
    delay_fac_ms                             0x20000008   Data           2  systick.o(.data)
    Status                                   0x2000000a   Data           1  systick.o(.data)
    .data                                    0x2000000b   Section       20  stm32f10x_rcc.o(.data)
    APBAHBPrescTable                         0x2000000b   Data          16  stm32f10x_rcc.o(.data)
    ADCPrescTable                            0x2000001b   Data           4  stm32f10x_rcc.o(.data)
    .data                                    0x20000020   Section       20  system_stm32f10x.o(.data)
    STACK                                    0x20000038   Section     1024  startup_stm32f10x_hd.o(STACK)

    Global Symbols

    Symbol Name                              Value     Ov Type        Size  Object(Section)

    BuildAttributes$$THM_ISAv4$P$D$K$B$S$PE$A:L22UL41UL21$X:L11$S22US41US21$IEEE1$IW$USESV6$~STKCKD$USESV7$~SHL$OSPACE$ROPI$EBA8$MICROLIB$REQ8$PRES8$EABIv2 0x00000000   Number         0  anon$$obj.o ABSOLUTE
    __ARM_use_no_argv                        0x00000000   Number         0  main.o ABSOLUTE
    __decompress                              - Undefined Weak Reference
    __Vectors_Size                           0x00000130   Number         0  startup_stm32f10x_hd.o ABSOLUTE
    __Vectors                                0x08000000   Data           4  startup_stm32f10x_hd.o(RESET)
    __Vectors_End                            0x08000130   Data           0  startup_stm32f10x_hd.o(RESET)
    __main                                   0x08000131   Thumb Code     0  entry.o(.ARM.Collect$$$$00000000)
    _main_stk                                0x08000131   Thumb Code     0  entry2.o(.ARM.Collect$$$$00000001)
    _main_scatterload                        0x08000135   Thumb Code     0  entry5.o(.ARM.Collect$$$$00000004)
    __main_after_scatterload                 0x08000139   Thumb Code     0  entry5.o(.ARM.Collect$$$$00000004)
    _main_init                               0x08000139   Thumb Code     0  entry7.o(.ARM.Collect$$$$00000007)
    Reset_Handler                            0x08000145   Thumb Code     8  startup_stm32f10x_hd.o(.text)
    ADC1_2_IRQHandler                        0x0800015f   Thumb Code     0  startup_stm32f10x_hd.o(.text)
    ADC3_IRQHandler                          0x0800015f   Thumb Code     0  startup_stm32f10x_hd.o(.text)
    CAN1_RX1_IRQHandler                      0x0800015f   Thumb Code     0  startup_stm32f10x_hd.o(.text)
    CAN1_SCE_IRQHandler                      0x0800015f   Thumb Code     0  startup_stm32f10x_hd.o(.text)
    DMA1_Channel1_IRQHandler                 0x0800015f   Thumb Code     0  startup_stm32f10x_hd.o(.text)
    DMA1_Channel2_IRQHandler                 0x0800015f   Thumb Code     0  startup_stm32f10x_hd.o(.text)
    DMA1_Channel3_IRQHandler                 0x0800015f   Thumb Code     0  startup_stm32f10x_hd.o(.text)
    DMA1_Channel4_IRQHandler                 0x0800015f   Thumb Code     0  startup_stm32f10x_hd.o(.text)
    DMA1_Channel5_IRQHandler                 0x0800015f   Thumb Code     0  startup_stm32f10x_hd.o(.text)
    DMA1_Channel6_IRQHandler                 0x0800015f   Thumb Code     0  startup_stm32f10x_hd.o(.text)
    DMA1_Channel7_IRQHandler                 0x0800015f   Thumb Code     0  startup_stm32f10x_hd.o(.text)
    DMA2_Channel1_IRQHandler                 0x0800015f   Thumb Code     0  startup_stm32f10x_hd.o(.text)
    DMA2_Channel2_IRQHandler                 0x0800015f   Thumb Code     0  startup_stm32f10x_hd.o(.text)
    DMA2_Channel3_IRQHandler                 0x0800015f   Thumb Code     0  startup_stm32f10x_hd.o(.text)
    DMA2_Channel4_5_IRQHandler               0x0800015f   Thumb Code     0  startup_stm32f10x_hd.o(.text)
    EXTI0_IRQHandler                         0x0800015f   Thumb Code     0  startup_stm32f10x_hd.o(.text)
    EXTI15_10_IRQHandler                     0x0800015f   Thumb Code     0  startup_stm32f10x_hd.o(.text)
    EXTI1_IRQHandler                         0x0800015f   Thumb Code     0  startup_stm32f10x_hd.o(.text)
    EXTI2_IRQHandler                         0x0800015f   Thumb Code     0  startup_stm32f10x_hd.o(.text)
    EXTI3_IRQHandler                         0x0800015f   Thumb Code     0  startup_stm32f10x_hd.o(.text)
    EXTI4_IRQHandler                         0x0800015f   Thumb Code     0  startup_stm32f10x_hd.o(.text)
    EXTI9_5_IRQHandler                       0x0800015f   Thumb Code     0  startup_stm32f10x_hd.o(.text)
    FLASH_IRQHandler                         0x0800015f   Thumb Code     0  startup_stm32f10x_hd.o(.text)
    FSMC_IRQHandler                          0x0800015f   Thumb Code     0  startup_stm32f10x_hd.o(.text)
    I2C1_ER_IRQHandler                       0x0800015f   Thumb Code     0  startup_stm32f10x_hd.o(.text)
    I2C1_EV_IRQHandler                       0x0800015f   Thumb Code     0  startup_stm32f10x_hd.o(.text)
    I2C2_ER_IRQHandler                       0x0800015f   Thumb Code     0  startup_stm32f10x_hd.o(.text)
    I2C2_EV_IRQHandler                       0x0800015f   Thumb Code     0  startup_stm32f10x_hd.o(.text)
    PVD_IRQHandler                           0x0800015f   Thumb Code     0  startup_stm32f10x_hd.o(.text)
    RCC_IRQHandler                           0x0800015f   Thumb Code     0  startup_stm32f10x_hd.o(.text)
    RTCAlarm_IRQHandler                      0x0800015f   Thumb Code     0  startup_stm32f10x_hd.o(.text)
    RTC_IRQHandler                           0x0800015f   Thumb Code     0  startup_stm32f10x_hd.o(.text)
    SDIO_IRQHandler                          0x0800015f   Thumb Code     0  startup_stm32f10x_hd.o(.text)
    SPI1_IRQHandler                          0x0800015f   Thumb Code     0  startup_stm32f10x_hd.o(.text)
    SPI2_IRQHandler                          0x0800015f   Thumb Code     0  startup_stm32f10x_hd.o(.text)
    SPI3_IRQHandler                          0x0800015f   Thumb Code     0  startup_stm32f10x_hd.o(.text)
    TAMPER_IRQHandler                        0x0800015f   Thumb Code     0  startup_stm32f10x_hd.o(.text)
    TIM1_BRK_IRQHandler                      0x0800015f   Thumb Code     0  startup_stm32f10x_hd.o(.text)
    TIM1_CC_IRQHandler                       0x0800015f   Thumb Code     0  startup_stm32f10x_hd.o(.text)
    TIM1_TRG_COM_IRQHandler                  0x0800015f   Thumb Code     0  startup_stm32f10x_hd.o(.text)
    TIM1_UP_IRQHandler                       0x0800015f   Thumb Code     0  startup_stm32f10x_hd.o(.text)
    TIM2_IRQHandler                          0x0800015f   Thumb Code     0  startup_stm32f10x_hd.o(.text)
    TIM3_IRQHandler                          0x0800015f   Thumb Code     0  startup_stm32f10x_hd.o(.text)
    TIM4_IRQHandler                          0x0800015f   Thumb Code     0  startup_stm32f10x_hd.o(.text)
    TIM5_IRQHandler                          0x0800015f   Thumb Code     0  startup_stm32f10x_hd.o(.text)
    TIM6_IRQHandler                          0x0800015f   Thumb Code     0  startup_stm32f10x_hd.o(.text)
    TIM7_IRQHandler                          0x0800015f   Thumb Code     0  startup_stm32f10x_hd.o(.text)
    TIM8_BRK_IRQHandler                      0x0800015f   Thumb Code     0  startup_stm32f10x_hd.o(.text)
    TIM8_CC_IRQHandler                       0x0800015f   Thumb Code     0  startup_stm32f10x_hd.o(.text)
    TIM8_TRG_COM_IRQHandler                  0x0800015f   Thumb Code     0  startup_stm32f10x_hd.o(.text)
    TIM8_UP_IRQHandler                       0x0800015f   Thumb Code     0  startup_stm32f10x_hd.o(.text)
    UART4_IRQHandler                         0x0800015f   Thumb Code     0  startup_stm32f10x_hd.o(.text)
    UART5_IRQHandler                         0x0800015f   Thumb Code     0  startup_stm32f10x_hd.o(.text)
    USART1_IRQHandler                        0x0800015f   Thumb Code     0  startup_stm32f10x_hd.o(.text)
    USART2_IRQHandler                        0x0800015f   Thumb Code     0  startup_stm32f10x_hd.o(.text)
    USART3_IRQHandler                        0x0800015f   Thumb Code     0  startup_stm32f10x_hd.o(.text)
    USBWakeUp_IRQHandler                     0x0800015f   Thumb Code     0  startup_stm32f10x_hd.o(.text)
    USB_HP_CAN1_TX_IRQHandler                0x0800015f   Thumb Code     0  startup_stm32f10x_hd.o(.text)
    USB_LP_CAN1_RX0_IRQHandler               0x0800015f   Thumb Code     0  startup_stm32f10x_hd.o(.text)
    WWDG_IRQHandler                          0x0800015f   Thumb Code     0  startup_stm32f10x_hd.o(.text)
    __scatterload                            0x08000169   Thumb Code    28  init.o(.text)
    __scatterload_rt2                        0x08000169   Thumb Code     0  init.o(.text)
    BusFault_Handler                         0x080001f9   Thumb Code     4  stm32f10x_it.o(i.BusFault_Handler)
    DebugMon_Handler                         0x080001fd   Thumb Code     2  stm32f10x_it.o(i.DebugMon_Handler)
    Delay                                    0x080001ff   Thumb Code    14  main.o(i.Delay)
    FSMC_NORSRAMCmd                          0x0800020d   Thumb Code    48  stm32f10x_fsmc.o(i.FSMC_NORSRAMCmd)
    FSMC_NORSRAMInit                         0x08000241   Thumb Code   252  stm32f10x_fsmc.o(i.FSMC_NORSRAMInit)
    GPIO_Configuration                       0x0800033d   Thumb Code    40  main.o(i.GPIO_Configuration)
    GPIO_Init                                0x08000369   Thumb Code   342  stm32f10x_gpio.o(i.GPIO_Init)
    GPIO_PinRemapConfig                      0x080004c1   Thumb Code   180  stm32f10x_gpio.o(i.GPIO_PinRemapConfig)
    GPIO_ResetBits                           0x08000579   Thumb Code     4  stm32f10x_gpio.o(i.GPIO_ResetBits)
    GPIO_SetBits                             0x0800057d   Thumb Code     4  stm32f10x_gpio.o(i.GPIO_SetBits)
    HardFault_Handler                        0x08000581   Thumb Code     4  stm32f10x_it.o(i.HardFault_Handler)
    LCD_BackLight                            0x08000585   Thumb Code    32  glcd.o(i.LCD_BackLight)
    LCD_BackLight_Init                       0x080005a9   Thumb Code   186  glcd.o(i.LCD_BackLight_Init)
    LCD_Initializtion                        0x0800079d   Thumb Code  2946  glcd.o(i.LCD_Initializtion)
    MemManage_Handler                        0x08001331   Thumb Code     4  stm32f10x_it.o(i.MemManage_Handler)
    NMI_Handler                              0x08001335   Thumb Code     2  stm32f10x_it.o(i.NMI_Handler)
    PendSV_Handler                           0x08001337   Thumb Code     2  stm32f10x_it.o(i.PendSV_Handler)
    RCC_AHBPeriphClockCmd                    0x08001339   Thumb Code    30  stm32f10x_rcc.o(i.RCC_AHBPeriphClockCmd)
    RCC_APB1PeriphClockCmd                   0x0800135d   Thumb Code    30  stm32f10x_rcc.o(i.RCC_APB1PeriphClockCmd)
    RCC_APB2PeriphClockCmd                   0x08001381   Thumb Code    30  stm32f10x_rcc.o(i.RCC_APB2PeriphClockCmd)
    RCC_GetClocksFreq                        0x080013a5   Thumb Code   250  stm32f10x_rcc.o(i.RCC_GetClocksFreq)
    SPI_Cmd                                  0x080014b5   Thumb Code    26  stm32f10x_spi.o(i.SPI_Cmd)
    SPI_Init                                 0x080014cf   Thumb Code    88  stm32f10x_spi.o(i.SPI_Init)
    SVC_Handler                              0x08001527   Thumb Code     2  stm32f10x_it.o(i.SVC_Handler)
    SysTick_CLKSourceConfig                  0x0800160d   Thumb Code    40  misc.o(i.SysTick_CLKSourceConfig)
    SysTick_Handler                          0x08001635   Thumb Code     2  stm32f10x_it.o(i.SysTick_Handler)
    SysTick_ITConfig                         0x08001637   Thumb Code    38  stm32f10x_systick.o(i.SysTick_ITConfig)
    SystemInit                               0x0800165d   Thumb Code    82  system_stm32f10x.o(i.SystemInit)
    TIM_ARRPreloadConfig                     0x080016c1   Thumb Code    26  stm32f10x_tim.o(i.TIM_ARRPreloadConfig)
    TIM_Cmd                                  0x080016db   Thumb Code    26  stm32f10x_tim.o(i.TIM_Cmd)
    TIM_OC2Init                              0x080016f5   Thumb Code   214  stm32f10x_tim.o(i.TIM_OC2Init)
    TIM_OC2PreloadConfig                     0x080017d5   Thumb Code    36  stm32f10x_tim.o(i.TIM_OC2PreloadConfig)
    TIM_TimeBaseInit                         0x080017f9   Thumb Code   146  stm32f10x_tim.o(i.TIM_TimeBaseInit)
    TP_Init                                  0x080018b5   Thumb Code   122  touchpanel.o(i.TP_Init)
    UsageFault_Handler                       0x08001939   Thumb Code     4  stm32f10x_it.o(i.UsageFault_Handler)
    __scatterload_copy                       0x0800193d   Thumb Code    14  handlers.o(i.__scatterload_copy)
    __scatterload_null                       0x0800194b   Thumb Code     2  handlers.o(i.__scatterload_null)
    __scatterload_zeroinit                   0x0800194d   Thumb Code    14  handlers.o(i.__scatterload_zeroinit)
    delay_init                               0x0800195d   Thumb Code    54  systick.o(i.delay_init)
    main                                     0x080019a1   Thumb Code    98  main.o(i.main)
    Region$$Table$$Base                      0x08001a10   Number         0  anon$$obj.o(Region$$Table)
    Region$$Table$$Limit                     0x08001a30   Number         0  anon$$obj.o(Region$$Table)
    SystemCoreClock                          0x20000020   Data           4  system_stm32f10x.o(.data)
    AHBPrescTable                            0x20000024   Data          16  system_stm32f10x.o(.data)
    __initial_sp                             0x20000438   Data           0  startup_stm32f10x_hd.o(STACK)



==============================================================================

Memory Map of the image

  Image Entry point : 0x08000131

  Load Region LR_IROM1 (Base: 0x08000000, Size: 0x00001a64, Max: 0x00040000, ABSOLUTE)

    Execution Region ER_IROM1 (Base: 0x08000000, Size: 0x00001a30, Max: 0x00040000, ABSOLUTE)

    Base Addr    Size         Type   Attr      Idx    E Section Name        Object

    0x08000000   0x00000130   Data   RO         3504    RESET               startup_stm32f10x_hd.o
    0x08000130   0x00000000   Code   RO         3509  * .ARM.Collect$$$$00000000  mc_w.l(entry.o)
    0x08000130   0x00000004   Code   RO         3534    .ARM.Collect$$$$00000001  mc_w.l(entry2.o)
    0x08000134   0x00000004   Code   RO         3537    .ARM.Collect$$$$00000004  mc_w.l(entry5.o)
    0x08000138   0x00000008   Code   RO         3538    .ARM.Collect$$$$00000007  mc_w.l(entry7.o)
    0x08000140   0x00000004   Code   RO         3535    .ARM.Collect$$$$00002712  mc_w.l(entry2.o)
    0x08000144   0x00000024   Code   RO         3505    .text               startup_stm32f10x_hd.o
    0x08000168   0x00000024   Code   RO         3548    .text               mc_w.l(init.o)
    0x0800018c   0x0000006c   Code   RO          385    i.ADS7843_SPI_Init  touchpanel.o
    0x080001f8   0x00000004   Code   RO           75    i.BusFault_Handler  stm32f10x_it.o
    0x080001fc   0x00000002   Code   RO           76    i.DebugMon_Handler  stm32f10x_it.o
    0x080001fe   0x0000000e   Code   RO            1    i.Delay             main.o
    0x0800020c   0x00000034   Code   RO         1825    i.FSMC_NORSRAMCmd   stm32f10x_fsmc.o
    0x08000240   0x000000fc   Code   RO         1827    i.FSMC_NORSRAMInit  stm32f10x_fsmc.o
    0x0800033c   0x0000002c   Code   RO            2    i.GPIO_Configuration  main.o
    0x08000368   0x00000156   Code   RO          697    i.GPIO_Init         stm32f10x_gpio.o
    0x080004be   0x00000002   PAD
    0x080004c0   0x000000b8   Code   RO          699    i.GPIO_PinRemapConfig  stm32f10x_gpio.o
    0x08000578   0x00000004   Code   RO          704    i.GPIO_ResetBits    stm32f10x_gpio.o
    0x0800057c   0x00000004   Code   RO          705    i.GPIO_SetBits      stm32f10x_gpio.o
    0x08000580   0x00000004   Code   RO           77    i.HardFault_Handler  stm32f10x_it.o
    0x08000584   0x00000024   Code   RO          141    i.LCD_BackLight     glcd.o
    0x080005a8   0x000000d8   Code   RO          142    i.LCD_BackLight_Init  glcd.o
    0x08000680   0x0000000c   Code   RO          144    i.LCD_Configuration  glcd.o
    0x0800068c   0x0000005c   Code   RO          145    i.LCD_CtrlLinesConfig  glcd.o
    0x080006e8   0x0000002a   Code   RO          146    i.LCD_Delay         glcd.o
    0x08000712   0x0000008a   Code   RO          149    i.LCD_FSMCConfig    glcd.o
    0x0800079c   0x00000b82   Code   RO          151    i.LCD_Initializtion  glcd.o
    0x0800131e   0x00000002   PAD
    0x08001320   0x00000010   Code   RO          157    i.LCD_WriteReg      glcd.o
    0x08001330   0x00000004   Code   RO           78    i.MemManage_Handler  stm32f10x_it.o
    0x08001334   0x00000002   Code   RO           79    i.NMI_Handler       stm32f10x_it.o
    0x08001336   0x00000002   Code   RO           80    i.PendSV_Handler    stm32f10x_it.o
    0x08001338   0x00000024   Code   RO          806    i.RCC_AHBPeriphClockCmd  stm32f10x_rcc.o
    0x0800135c   0x00000024   Code   RO          807    i.RCC_APB1PeriphClockCmd  stm32f10x_rcc.o
    0x08001380   0x00000024   Code   RO          809    i.RCC_APB2PeriphClockCmd  stm32f10x_rcc.o
    0x080013a4   0x00000110   Code   RO          817    i.RCC_GetClocksFreq  stm32f10x_rcc.o
    0x080014b4   0x0000001a   Code   RO         2530    i.SPI_Cmd           stm32f10x_spi.o
    0x080014ce   0x00000058   Code   RO         2543    i.SPI_Init          stm32f10x_spi.o
    0x08001526   0x00000002   Code   RO           81    i.SVC_Handler       stm32f10x_it.o
    0x08001528   0x00000008   Code   RO         3468    i.SetSysClock       system_stm32f10x.o
    0x08001530   0x000000dc   Code   RO         3469    i.SetSysClockTo72   system_stm32f10x.o
    0x0800160c   0x00000028   Code   RO          482    i.SysTick_CLKSourceConfig  misc.o
    0x08001634   0x00000002   Code   RO           82    i.SysTick_Handler   stm32f10x_it.o
    0x08001636   0x00000026   Code   RO          349    i.SysTick_ITConfig  stm32f10x_systick.o
    0x0800165c   0x00000064   Code   RO         3471    i.SystemInit        system_stm32f10x.o
    0x080016c0   0x0000001a   Code   RO         2673    i.TIM_ARRPreloadConfig  stm32f10x_tim.o
    0x080016da   0x0000001a   Code   RO         2685    i.TIM_Cmd           stm32f10x_tim.o
    0x080016f4   0x000000e0   Code   RO         2719    i.TIM_OC2Init       stm32f10x_tim.o
    0x080017d4   0x00000024   Code   RO         2722    i.TIM_OC2PreloadConfig  stm32f10x_tim.o
    0x080017f8   0x000000bc   Code   RO         2756    i.TIM_TimeBaseInit  stm32f10x_tim.o
    0x080018b4   0x00000084   Code   RO          394    i.TP_Init           touchpanel.o
    0x08001938   0x00000004   Code   RO           83    i.UsageFault_Handler  stm32f10x_it.o
    0x0800193c   0x0000000e   Code   RO         3552    i.__scatterload_copy  mc_w.l(handlers.o)
    0x0800194a   0x00000002   Code   RO         3553    i.__scatterload_null  mc_w.l(handlers.o)
    0x0800194c   0x0000000e   Code   RO         3554    i.__scatterload_zeroinit  mc_w.l(handlers.o)
    0x0800195a   0x00000002   PAD
    0x0800195c   0x00000044   Code   RO          317    i.delay_init        systick.o
    0x080019a0   0x00000070   Code   RO            3    i.main              main.o
    0x08001a10   0x00000020   Data   RO         3550    Region$$Table       anon$$obj.o


    Execution Region RW_IRAM1 (Base: 0x20000000, Size: 0x00000438, Max: 0x0000c000, ABSOLUTE)

    Base Addr    Size         Type   Attr      Idx    E Section Name        Object

    0x20000000   0x00000006   Data   RW          160    .data               glcd.o
    0x20000006   0x00000005   Data   RW          320    .data               systick.o
    0x2000000b   0x00000014   Data   RW          837    .data               stm32f10x_rcc.o
    0x2000001f   0x00000001   PAD
    0x20000020   0x00000014   Data   RW         3472    .data               system_stm32f10x.o
    0x20000034   0x00000004   PAD
    0x20000038   0x00000400   Zero   RW         3502    STACK               startup_stm32f10x_hd.o


==============================================================================

Image component sizes


      Code (inc. data)   RO Data    RW Data    ZI Data      Debug   Object Name

         0          0          0          0          0         32   core_cm3.o
      3498         60          0          6          0       6501   glcd.o
       170         18          0          0          0     259908   main.o
        40          0          0          0          0        530   misc.o
        36          8        304          0       1024        860   startup_stm32f10x_hd.o
       304          4          0          0          0       1853   stm32f10x_fsmc.o
       534          4          0          0          0       3958   stm32f10x_gpio.o
        26          0          0          0          0       3542   stm32f10x_it.o
       380         40          0         20          0       5054   stm32f10x_rcc.o
       114          0          0          0          0       2173   stm32f10x_spi.o
        38          0          0          0          0        475   stm32f10x_systick.o
       500         52          0          0          0       3685   stm32f10x_tim.o
       328         28          0         20          0       2041   system_stm32f10x.o
        68         14          0          5          0        705   systick.o
       240         14          0          0          0       1018   touchpanel.o

    ----------------------------------------------------------------------
      6280        242        336         52       1028     292335   Object Totals
         0          0         32          0          0          0   (incl. Generated)
         4          0          0          1          4          1   (incl. Padding)

    ----------------------------------------------------------------------

      Code (inc. data)   RO Data    RW Data    ZI Data      Debug   Library Member Name

         0          0          0          0          0          0   entry.o
         8          4          0          0          0          0   entry2.o
         4          0          0          0          0          0   entry5.o
         8          4          0          0          0          0   entry7.o
        30          0          0          0          0          0   handlers.o
        36          8          0          0          0         68   init.o

    ----------------------------------------------------------------------
        88         16          0          0          0         68   Library Totals
         2          0          0          0          0          0   (incl. Padding)

    ----------------------------------------------------------------------

      Code (inc. data)   RO Data    RW Data    ZI Data      Debug   Library Name

        86         16          0          0          0         68   mc_w.l

    ----------------------------------------------------------------------
        88         16          0          0          0         68   Library Totals

    ----------------------------------------------------------------------

==============================================================================


      Code (inc. data)   RO Data    RW Data    ZI Data      Debug   

      6368        258        336         52       1028     290220   Grand Totals
      6368        258        336         52       1028     290220   ELF Image Totals
      6368        258        336         52          0          0   ROM Totals

==============================================================================

    Total RO  Size (Code + RO Data)                 6704 (   6.55kB)
    Total RW  Size (RW Data + ZI Data)              1080 (   1.05kB)
    Total ROM Size (Code + RO Data + RW Data)       6756 (   6.60kB)

==============================================================================

