<!doctype html public "-//w3c//dtd html 4.0 transitional//en">
<html><head>
<title>Static Call Graph - [.\STM322xG-EVAL\STM322xG-EVAL.axf]</title></head>
<body><HR>
<H1>Static Call Graph for image .\STM322xG-EVAL\STM322xG-EVAL.axf</H1><HR>
<BR><P>#&#060CALLGRAPH&#062# ARM Linker, 4.1 [Build 644]: Last Updated: Tue Aug 22 14:31:11 2017
<BR><P>
<H3>Maximum Stack Usage =        484 bytes + Unknown(Cycles, Untraceable Function Pointers)</H3><H3>
Call chain for Maximum Stack Depth:</H3>
main &rArr; InputInterface_Init &rArr; TS_Calibration &rArr; TSC_Init &rArr; IOE_Config &rArr; IOE_IsOperational &rArr; IOE_ReadID &rArr; I2C_ReadDeviceRegister &rArr; IOE_DMA_Config &rArr; DMA_DeInit
<P>
<H3>
Mutually Recursive functions
</H3> <LI><a href="#[1c]">ADC_IRQHandler</a>&nbsp;&nbsp;&nbsp;&rArr;&nbsp;&nbsp;&nbsp;<a href="#[1c]">ADC_IRQHandler</a><BR>
 <LI><a href="#[4]">BusFault_Handler</a>&nbsp;&nbsp;&nbsp;&rArr;&nbsp;&nbsp;&nbsp;<a href="#[4]">BusFault_Handler</a><BR>
 <LI><a href="#[2]">HardFault_Handler</a>&nbsp;&nbsp;&nbsp;&rArr;&nbsp;&nbsp;&nbsp;<a href="#[2]">HardFault_Handler</a><BR>
 <LI><a href="#[3]">MemManage_Handler</a>&nbsp;&nbsp;&nbsp;&rArr;&nbsp;&nbsp;&nbsp;<a href="#[3]">MemManage_Handler</a><BR>
 <LI><a href="#[5]">UsageFault_Handler</a>&nbsp;&nbsp;&nbsp;&rArr;&nbsp;&nbsp;&nbsp;<a href="#[5]">UsageFault_Handler</a><BR>
 <LI><a href="#[bd]">AddPageControlObj</a>&nbsp;&nbsp;&nbsp;&rArr;&nbsp;&nbsp;&nbsp;<a href="#[bd]">AddPageControlObj</a><BR>
</UL>
<P>
<H3>
Function Pointers
</H3><UL>
 <LI><a href="#[1c]">ADC_IRQHandler</a> from startup_stm32f2xx.o(.text) referenced from startup_stm32f2xx.o(RESET)
 <LI><a href="#[9e]">AddComboOption</a> from graphicobject.o(i.AddComboOption) referenced from graphicobject.o(i.NewComboBoxGrp)
 <LI><a href="#[9f]">AddRadioOption</a> from graphicobject.o(i.AddRadioOption) referenced from graphicobject.o(i.NewRadioButtonGrp)
 <LI><a href="#[83]">BackFunc</a> from menu.o(i.BackFunc) referenced from menu.o(i.LibPresentation_InitPage1)
 <LI><a href="#[86]">BackFunc1</a> from menu.o(i.BackFunc1) referenced from menu.o(i.LibPresentation_InitPage2)
 <LI><a href="#[89]">BackFunc2</a> from menu.o(i.BackFunc2) referenced from menu.o(i.LibPresentation_InitPage3)
 <LI><a href="#[8e]">BackFunc3</a> from menu.o(i.BackFunc3) referenced from menu.o(i.LibPresentation_InitPage4)
 <LI><a href="#[91]">BackFunc4</a> from menu.o(i.BackFunc4) referenced from menu.o(i.LibPresentation_InitPage5)
 <LI><a href="#[96]">BackFunc5</a> from menu.o(i.BackFunc5) referenced from menu.o(i.LibPresentation_InitPage6)
 <LI><a href="#[98]">BackFunc6</a> from menu.o(i.BackFunc6) referenced from menu.o(i.LibPresentation_InitPage7)
 <LI><a href="#[9a]">BackFunc7</a> from menu.o(i.BackFunc7) referenced from menu.o(i.LibPresentation_InitPage8)
 <LI><a href="#[9d]">BackFunc8</a> from menu.o(i.BackFunc8) referenced from menu.o(i.LibPresentation_InitPage9)
 <LI><a href="#[73]">BackFuncD1</a> from menu.o(i.BackFuncD1) referenced from menu.o(i.Demo_InitPage2)
 <LI><a href="#[76]">BackFuncD2</a> from menu.o(i.BackFuncD2) referenced from menu.o(i.Demo_InitPage3)
 <LI><a href="#[79]">BackFuncD3</a> from menu.o(i.BackFuncD3) referenced from menu.o(i.Demo_InitPage4)
 <LI><a href="#[7c]">BackFuncD4</a> from menu.o(i.BackFuncD4) referenced from menu.o(i.Demo_InitPage5)
 <LI><a href="#[7f]">BackFuncD5</a> from menu.o(i.BackFuncD5) referenced from menu.o(i.Demo_InitPage6)
 <LI><a href="#[4]">BusFault_Handler</a> from stm32f2xx_it.o(i.BusFault_Handler) referenced from startup_stm32f2xx.o(RESET)
 <LI><a href="#[1e]">CAN1_RX0_IRQHandler</a> from startup_stm32f2xx.o(.text) referenced from startup_stm32f2xx.o(RESET)
 <LI><a href="#[1f]">CAN1_RX1_IRQHandler</a> from startup_stm32f2xx.o(.text) referenced from startup_stm32f2xx.o(RESET)
 <LI><a href="#[20]">CAN1_SCE_IRQHandler</a> from startup_stm32f2xx.o(.text) referenced from startup_stm32f2xx.o(RESET)
 <LI><a href="#[1d]">CAN1_TX_IRQHandler</a> from startup_stm32f2xx.o(.text) referenced from startup_stm32f2xx.o(RESET)
 <LI><a href="#[4a]">CAN2_RX0_IRQHandler</a> from startup_stm32f2xx.o(.text) referenced from startup_stm32f2xx.o(RESET)
 <LI><a href="#[4b]">CAN2_RX1_IRQHandler</a> from startup_stm32f2xx.o(.text) referenced from startup_stm32f2xx.o(RESET)
 <LI><a href="#[4c]">CAN2_SCE_IRQHandler</a> from startup_stm32f2xx.o(.text) referenced from startup_stm32f2xx.o(RESET)
 <LI><a href="#[49]">CAN2_TX_IRQHandler</a> from startup_stm32f2xx.o(.text) referenced from startup_stm32f2xx.o(RESET)
 <LI><a href="#[59]">CRYP_IRQHandler</a> from startup_stm32f2xx.o(.text) referenced from startup_stm32f2xx.o(RESET)
 <LI><a href="#[75]">CheckboxDemoFunc</a> from menu.o(i.CheckboxDemoFunc) referenced from menu.o(i.Demo_InitPage3)
 <LI><a href="#[88]">CheckboxFunc</a> from menu.o(i.CheckboxFunc) referenced from menu.o(i.LibPresentation_InitPage3)
 <LI><a href="#[78]">ComboboxDemoFunc</a> from menu.o(i.ComboboxDemoFunc) referenced from menu.o(i.Demo_InitPage4)
 <LI><a href="#[90]">ComboboxFunc</a> from menu.o(i.ComboboxFunc) referenced from menu.o(i.LibPresentation_InitPage5)
 <LI><a href="#[58]">DCMI_IRQHandler</a> from startup_stm32f2xx.o(.text) referenced from startup_stm32f2xx.o(RESET)
 <LI><a href="#[15]">DMA1_Stream0_IRQHandler</a> from startup_stm32f2xx.o(.text) referenced from startup_stm32f2xx.o(RESET)
 <LI><a href="#[16]">DMA1_Stream1_IRQHandler</a> from startup_stm32f2xx.o(.text) referenced from startup_stm32f2xx.o(RESET)
 <LI><a href="#[17]">DMA1_Stream2_IRQHandler</a> from startup_stm32f2xx.o(.text) referenced from startup_stm32f2xx.o(RESET)
 <LI><a href="#[18]">DMA1_Stream3_IRQHandler</a> from startup_stm32f2xx.o(.text) referenced from startup_stm32f2xx.o(RESET)
 <LI><a href="#[19]">DMA1_Stream4_IRQHandler</a> from startup_stm32f2xx.o(.text) referenced from startup_stm32f2xx.o(RESET)
 <LI><a href="#[1a]">DMA1_Stream5_IRQHandler</a> from startup_stm32f2xx.o(.text) referenced from startup_stm32f2xx.o(RESET)
 <LI><a href="#[1b]">DMA1_Stream6_IRQHandler</a> from startup_stm32f2xx.o(.text) referenced from startup_stm32f2xx.o(RESET)
 <LI><a href="#[39]">DMA1_Stream7_IRQHandler</a> from startup_stm32f2xx.o(.text) referenced from startup_stm32f2xx.o(RESET)
 <LI><a href="#[42]">DMA2_Stream0_IRQHandler</a> from startup_stm32f2xx.o(.text) referenced from startup_stm32f2xx.o(RESET)
 <LI><a href="#[43]">DMA2_Stream1_IRQHandler</a> from startup_stm32f2xx.o(.text) referenced from startup_stm32f2xx.o(RESET)
 <LI><a href="#[44]">DMA2_Stream2_IRQHandler</a> from startup_stm32f2xx.o(.text) referenced from startup_stm32f2xx.o(RESET)
 <LI><a href="#[45]">DMA2_Stream3_IRQHandler</a> from startup_stm32f2xx.o(.text) referenced from startup_stm32f2xx.o(RESET)
 <LI><a href="#[46]">DMA2_Stream4_IRQHandler</a> from startup_stm32f2xx.o(.text) referenced from startup_stm32f2xx.o(RESET)
 <LI><a href="#[4e]">DMA2_Stream5_IRQHandler</a> from startup_stm32f2xx.o(.text) referenced from startup_stm32f2xx.o(RESET)
 <LI><a href="#[4f]">DMA2_Stream6_IRQHandler</a> from startup_stm32f2xx.o(.text) referenced from startup_stm32f2xx.o(RESET)
 <LI><a href="#[50]">DMA2_Stream7_IRQHandler</a> from startup_stm32f2xx.o(.text) referenced from startup_stm32f2xx.o(RESET)
 <LI><a href="#[7]">DebugMon_Handler</a> from stm32f2xx_it.o(i.DebugMon_Handler) referenced from startup_stm32f2xx.o(RESET)
 <LI><a href="#[47]">ETH_IRQHandler</a> from startup_stm32f2xx.o(.text) referenced from startup_stm32f2xx.o(RESET)
 <LI><a href="#[48]">ETH_WKUP_IRQHandler</a> from startup_stm32f2xx.o(.text) referenced from startup_stm32f2xx.o(RESET)
 <LI><a href="#[10]">EXTI0_IRQHandler</a> from startup_stm32f2xx.o(.text) referenced from startup_stm32f2xx.o(RESET)
 <LI><a href="#[32]">EXTI15_10_IRQHandler</a> from startup_stm32f2xx.o(.text) referenced from startup_stm32f2xx.o(RESET)
 <LI><a href="#[11]">EXTI1_IRQHandler</a> from startup_stm32f2xx.o(.text) referenced from startup_stm32f2xx.o(RESET)
 <LI><a href="#[12]">EXTI2_IRQHandler</a> from stm32f2xx_it.o(i.EXTI2_IRQHandler) referenced from startup_stm32f2xx.o(RESET)
 <LI><a href="#[13]">EXTI3_IRQHandler</a> from startup_stm32f2xx.o(.text) referenced from startup_stm32f2xx.o(RESET)
 <LI><a href="#[14]">EXTI4_IRQHandler</a> from startup_stm32f2xx.o(.text) referenced from startup_stm32f2xx.o(RESET)
 <LI><a href="#[21]">EXTI9_5_IRQHandler</a> from startup_stm32f2xx.o(.text) referenced from startup_stm32f2xx.o(RESET)
 <LI><a href="#[85]">EnDisBtnFunc</a> from menu.o(i.EnDisBtnFunc) referenced from menu.o(i.LibPresentation_InitPage2)
 <LI><a href="#[e]">FLASH_IRQHandler</a> from startup_stm32f2xx.o(.text) referenced from startup_stm32f2xx.o(RESET)
 <LI><a href="#[3a]">FSMC_IRQHandler</a> from startup_stm32f2xx.o(.text) referenced from startup_stm32f2xx.o(RESET)
 <LI><a href="#[7e]">FinishBtnFunc</a> from menu.o(i.FinishBtnFunc) referenced from menu.o(i.Demo_InitPage6)
 <LI><a href="#[82]">GeneralBtnFunc</a> from menu.o(i.GeneralBtnFunc) referenced from menu.o(i.LibPresentation_InitPage1)
 <LI><a href="#[6b]">GetObjCoordinates</a> from graphicobject.o(i.GetObjCoordinates) referenced from graphicobject.o(i.Create_PageObj)
 <LI><a href="#[6a]">GetObjStatus</a> from graphicobject.o(i.GetObjStatus) referenced from graphicobject.o(i.Create_PageObj)
 <LI><a href="#[5a]">HASH_RNG_IRQHandler</a> from startup_stm32f2xx.o(.text) referenced from startup_stm32f2xx.o(RESET)
 <LI><a href="#[2]">HardFault_Handler</a> from stm32f2xx_it.o(i.HardFault_Handler) referenced from startup_stm32f2xx.o(RESET)
 <LI><a href="#[6e]">HomeFuncDemo</a> from menu.o(i.HomeFuncDemo) referenced from menu.o(i.Demo_InitPage0)
 <LI><a href="#[6e]">HomeFuncDemo</a> from menu.o(i.HomeFuncDemo) referenced from menu.o(i.Demo_InitPage1)
 <LI><a href="#[6e]">HomeFuncDemo</a> from menu.o(i.HomeFuncDemo) referenced from menu.o(i.Demo_InitPage2)
 <LI><a href="#[6e]">HomeFuncDemo</a> from menu.o(i.HomeFuncDemo) referenced from menu.o(i.Demo_InitPage3)
 <LI><a href="#[6e]">HomeFuncDemo</a> from menu.o(i.HomeFuncDemo) referenced from menu.o(i.Demo_InitPage4)
 <LI><a href="#[6e]">HomeFuncDemo</a> from menu.o(i.HomeFuncDemo) referenced from menu.o(i.Demo_InitPage5)
 <LI><a href="#[6e]">HomeFuncDemo</a> from menu.o(i.HomeFuncDemo) referenced from menu.o(i.Demo_InitPage7)
 <LI><a href="#[80]">HomeFuncLibrary</a> from menu.o(i.HomeFuncLibrary) referenced from menu.o(i.LibPresentation_InitPage0)
 <LI><a href="#[80]">HomeFuncLibrary</a> from menu.o(i.HomeFuncLibrary) referenced from menu.o(i.LibPresentation_InitPage1)
 <LI><a href="#[80]">HomeFuncLibrary</a> from menu.o(i.HomeFuncLibrary) referenced from menu.o(i.LibPresentation_InitPage2)
 <LI><a href="#[80]">HomeFuncLibrary</a> from menu.o(i.HomeFuncLibrary) referenced from menu.o(i.LibPresentation_InitPage3)
 <LI><a href="#[80]">HomeFuncLibrary</a> from menu.o(i.HomeFuncLibrary) referenced from menu.o(i.LibPresentation_InitPage4)
 <LI><a href="#[80]">HomeFuncLibrary</a> from menu.o(i.HomeFuncLibrary) referenced from menu.o(i.LibPresentation_InitPage5)
 <LI><a href="#[80]">HomeFuncLibrary</a> from menu.o(i.HomeFuncLibrary) referenced from menu.o(i.LibPresentation_InitPage6)
 <LI><a href="#[80]">HomeFuncLibrary</a> from menu.o(i.HomeFuncLibrary) referenced from menu.o(i.LibPresentation_InitPage7)
 <LI><a href="#[80]">HomeFuncLibrary</a> from menu.o(i.HomeFuncLibrary) referenced from menu.o(i.LibPresentation_InitPage8)
 <LI><a href="#[80]">HomeFuncLibrary</a> from menu.o(i.HomeFuncLibrary) referenced from menu.o(i.LibPresentation_InitPage9)
 <LI><a href="#[2a]">I2C1_ER_IRQHandler</a> from startup_stm32f2xx.o(.text) referenced from startup_stm32f2xx.o(RESET)
 <LI><a href="#[29]">I2C1_EV_IRQHandler</a> from startup_stm32f2xx.o(.text) referenced from startup_stm32f2xx.o(RESET)
 <LI><a href="#[2c]">I2C2_ER_IRQHandler</a> from startup_stm32f2xx.o(.text) referenced from startup_stm32f2xx.o(RESET)
 <LI><a href="#[2b]">I2C2_EV_IRQHandler</a> from startup_stm32f2xx.o(.text) referenced from startup_stm32f2xx.o(RESET)
 <LI><a href="#[53]">I2C3_ER_IRQHandler</a> from startup_stm32f2xx.o(.text) referenced from startup_stm32f2xx.o(RESET)
 <LI><a href="#[52]">I2C3_EV_IRQHandler</a> from startup_stm32f2xx.o(.text) referenced from startup_stm32f2xx.o(RESET)
 <LI><a href="#[9c]">IconFunc</a> from menu.o(i.IconFunc) referenced from menu.o(i.LibPresentation_InitPage9)
 <LI><a href="#[a1]">MENU_Demo_Dummy</a> from menu.o(i.MENU_Demo_Dummy) referenced from menu.o(i.Show_HomeScreen)
 <LI><a href="#[a0]">MENU_LibPresentation_Dummy</a> from menu.o(i.MENU_LibPresentation_Dummy) referenced from menu.o(i.Show_HomeScreen)
 <LI><a href="#[3]">MemManage_Handler</a> from stm32f2xx_it.o(i.MemManage_Handler) referenced from startup_stm32f2xx.o(RESET)
 <LI><a href="#[1]">NMI_Handler</a> from stm32f2xx_it.o(i.NMI_Handler) referenced from startup_stm32f2xx.o(RESET)
 <LI><a href="#[81]">NextFunc</a> from menu.o(i.NextFunc) referenced from menu.o(i.LibPresentation_InitPage0)
 <LI><a href="#[84]">NextFunc1</a> from menu.o(i.NextFunc1) referenced from menu.o(i.LibPresentation_InitPage1)
 <LI><a href="#[87]">NextFunc2</a> from menu.o(i.NextFunc2) referenced from menu.o(i.LibPresentation_InitPage2)
 <LI><a href="#[8a]">NextFunc3</a> from menu.o(i.NextFunc3) referenced from menu.o(i.LibPresentation_InitPage3)
 <LI><a href="#[8f]">NextFunc4</a> from menu.o(i.NextFunc4) referenced from menu.o(i.LibPresentation_InitPage4)
 <LI><a href="#[92]">NextFunc5</a> from menu.o(i.NextFunc5) referenced from menu.o(i.LibPresentation_InitPage5)
 <LI><a href="#[97]">NextFunc6</a> from menu.o(i.NextFunc6) referenced from menu.o(i.LibPresentation_InitPage6)
 <LI><a href="#[99]">NextFunc7</a> from menu.o(i.NextFunc7) referenced from menu.o(i.LibPresentation_InitPage7)
 <LI><a href="#[9b]">NextFunc8</a> from menu.o(i.NextFunc8) referenced from menu.o(i.LibPresentation_InitPage8)
 <LI><a href="#[70]">NextFuncD1</a> from menu.o(i.NextFuncD1) referenced from menu.o(i.Demo_InitPage1)
 <LI><a href="#[74]">NextFuncD2</a> from menu.o(i.NextFuncD2) referenced from menu.o(i.Demo_InitPage2)
 <LI><a href="#[77]">NextFuncD3</a> from menu.o(i.NextFuncD3) referenced from menu.o(i.Demo_InitPage3)
 <LI><a href="#[7a]">NextFuncD4</a> from menu.o(i.NextFuncD4) referenced from menu.o(i.Demo_InitPage4)
 <LI><a href="#[7d]">NextFuncD5</a> from menu.o(i.NextFuncD5) referenced from menu.o(i.Demo_InitPage5)
 <LI><a href="#[6c]">NullFunc</a> from graphicobject.o(i.NullFunc) referenced from menu.o(i.Demo_InitPage0)
 <LI><a href="#[6c]">NullFunc</a> from graphicobject.o(i.NullFunc) referenced from menu.o(i.Demo_InitPage1)
 <LI><a href="#[6c]">NullFunc</a> from graphicobject.o(i.NullFunc) referenced from menu.o(i.Demo_InitPage2)
 <LI><a href="#[6c]">NullFunc</a> from graphicobject.o(i.NullFunc) referenced from menu.o(i.Demo_InitPage3)
 <LI><a href="#[6c]">NullFunc</a> from graphicobject.o(i.NullFunc) referenced from menu.o(i.Demo_InitPage4)
 <LI><a href="#[6c]">NullFunc</a> from graphicobject.o(i.NullFunc) referenced from menu.o(i.Demo_InitPage5)
 <LI><a href="#[6c]">NullFunc</a> from graphicobject.o(i.NullFunc) referenced from menu.o(i.Demo_InitPage6)
 <LI><a href="#[6c]">NullFunc</a> from graphicobject.o(i.NullFunc) referenced from menu.o(i.Demo_InitPage7)
 <LI><a href="#[6c]">NullFunc</a> from graphicobject.o(i.NullFunc) referenced from menu.o(i.LibPresentation_InitPage0)
 <LI><a href="#[6c]">NullFunc</a> from graphicobject.o(i.NullFunc) referenced from menu.o(i.LibPresentation_InitPage1)
 <LI><a href="#[6c]">NullFunc</a> from graphicobject.o(i.NullFunc) referenced from menu.o(i.LibPresentation_InitPage2)
 <LI><a href="#[6c]">NullFunc</a> from graphicobject.o(i.NullFunc) referenced from menu.o(i.LibPresentation_InitPage3)
 <LI><a href="#[6c]">NullFunc</a> from graphicobject.o(i.NullFunc) referenced from menu.o(i.LibPresentation_InitPage4)
 <LI><a href="#[6c]">NullFunc</a> from graphicobject.o(i.NullFunc) referenced from menu.o(i.LibPresentation_InitPage5)
 <LI><a href="#[6c]">NullFunc</a> from graphicobject.o(i.NullFunc) referenced from menu.o(i.LibPresentation_InitPage6)
 <LI><a href="#[6c]">NullFunc</a> from graphicobject.o(i.NullFunc) referenced from menu.o(i.LibPresentation_InitPage9)
 <LI><a href="#[6c]">NullFunc</a> from graphicobject.o(i.NullFunc) referenced from menu.o(i.Show_HomeScreen)
 <LI><a href="#[4d]">OTG_FS_IRQHandler</a> from startup_stm32f2xx.o(.text) referenced from startup_stm32f2xx.o(RESET)
 <LI><a href="#[34]">OTG_FS_WKUP_IRQHandler</a> from startup_stm32f2xx.o(.text) referenced from startup_stm32f2xx.o(RESET)
 <LI><a href="#[55]">OTG_HS_EP1_IN_IRQHandler</a> from startup_stm32f2xx.o(.text) referenced from startup_stm32f2xx.o(RESET)
 <LI><a href="#[54]">OTG_HS_EP1_OUT_IRQHandler</a> from startup_stm32f2xx.o(.text) referenced from startup_stm32f2xx.o(RESET)
 <LI><a href="#[57]">OTG_HS_IRQHandler</a> from startup_stm32f2xx.o(.text) referenced from startup_stm32f2xx.o(RESET)
 <LI><a href="#[56]">OTG_HS_WKUP_IRQHandler</a> from startup_stm32f2xx.o(.text) referenced from startup_stm32f2xx.o(RESET)
 <LI><a href="#[b]">PVD_IRQHandler</a> from startup_stm32f2xx.o(.text) referenced from startup_stm32f2xx.o(RESET)
 <LI><a href="#[8]">PendSV_Handler</a> from stm32f2xx_it.o(i.PendSV_Handler) referenced from startup_stm32f2xx.o(RESET)
 <LI><a href="#[8b]">RButtonFunc1</a> from menu.o(i.RButtonFunc1) referenced from menu.o(i.LibPresentation_InitPage4)
 <LI><a href="#[8c]">RButtonFunc2</a> from menu.o(i.RButtonFunc2) referenced from menu.o(i.LibPresentation_InitPage4)
 <LI><a href="#[8d]">RButtonFunc3</a> from menu.o(i.RButtonFunc3) referenced from menu.o(i.LibPresentation_InitPage4)
 <LI><a href="#[71]">RButtonFuncD1</a> from menu.o(i.RButtonFuncD1) referenced from menu.o(i.Demo_InitPage2)
 <LI><a href="#[72]">RButtonFuncD2</a> from menu.o(i.RButtonFuncD2) referenced from menu.o(i.Demo_InitPage2)
 <LI><a href="#[f]">RCC_IRQHandler</a> from startup_stm32f2xx.o(.text) referenced from startup_stm32f2xx.o(RESET)
 <LI><a href="#[33]">RTC_Alarm_IRQHandler</a> from startup_stm32f2xx.o(.text) referenced from startup_stm32f2xx.o(RESET)
 <LI><a href="#[d]">RTC_WKUP_IRQHandler</a> from startup_stm32f2xx.o(.text) referenced from startup_stm32f2xx.o(RESET)
 <LI><a href="#[0]">Reset_Handler</a> from startup_stm32f2xx.o(.text) referenced from startup_stm32f2xx.o(RESET)
 <LI><a href="#[3b]">SDIO_IRQHandler</a> from startup_stm32f2xx.o(.text) referenced from startup_stm32f2xx.o(RESET)
 <LI><a href="#[2d]">SPI1_IRQHandler</a> from startup_stm32f2xx.o(.text) referenced from startup_stm32f2xx.o(RESET)
 <LI><a href="#[2e]">SPI2_IRQHandler</a> from startup_stm32f2xx.o(.text) referenced from startup_stm32f2xx.o(RESET)
 <LI><a href="#[3d]">SPI3_IRQHandler</a> from startup_stm32f2xx.o(.text) referenced from startup_stm32f2xx.o(RESET)
 <LI><a href="#[6]">SVC_Handler</a> from stm32f2xx_it.o(i.SVC_Handler) referenced from startup_stm32f2xx.o(RESET)
 <LI><a href="#[61]">SetButtonVisible</a> from graphicobject.o(i.SetButtonVisible) referenced from graphicobject.o(i.AddPageControlObj)
 <LI><a href="#[63]">SetCheckboxVisible</a> from graphicobject.o(i.SetCheckboxVisible) referenced from graphicobject.o(i.AddPageControlObj)
 <LI><a href="#[5f]">SetComboBoxVisible</a> from graphicobject.o(i.SetComboBoxVisible) referenced from graphicobject.o(i.AddPageControlObj)
 <LI><a href="#[67]">SetGraphChartVisible</a> from graphicobject.o(i.SetGraphChartVisible) referenced from graphicobject.o(i.AddPageControlObj)
 <LI><a href="#[66]">SetHistogramVisible</a> from graphicobject.o(i.SetHistogramVisible) referenced from graphicobject.o(i.AddPageControlObj)
 <LI><a href="#[64]">SetIconVisible</a> from graphicobject.o(i.SetIconVisible) referenced from graphicobject.o(i.AddPageControlObj)
 <LI><a href="#[5e]">SetLabelVisible</a> from graphicobject.o(i.SetLabelVisible) referenced from graphicobject.o(i.AddPageControlObj)
 <LI><a href="#[69]">SetPage</a> from graphicobject.o(i.SetPage) referenced from graphicobject.o(i.Create_PageObj)
 <LI><a href="#[62]">SetRadioButtonVisible</a> from graphicobject.o(i.SetRadioButtonVisible) referenced from graphicobject.o(i.AddPageControlObj)
 <LI><a href="#[65]">SetSlidebarVisible</a> from graphicobject.o(i.SetSlidebarVisible) referenced from graphicobject.o(i.AddPageControlObj)
 <LI><a href="#[60]">SetSwitchVisible</a> from graphicobject.o(i.SetSwitchVisible) referenced from graphicobject.o(i.AddPageControlObj)
 <LI><a href="#[68]">ShowPage</a> from graphicobject.o(i.ShowPage) referenced from graphicobject.o(i.Create_PageObj)
 <LI><a href="#[7b]">SlidebarDemoFunc</a> from menu.o(i.SlidebarDemoFunc) referenced from menu.o(i.Demo_InitPage5)
 <LI><a href="#[93]">SlidebarFunc</a> from menu.o(i.SlidebarFunc) referenced from menu.o(i.LibPresentation_InitPage6)
 <LI><a href="#[94]">SlidebarLeftFunc</a> from menu.o(i.SlidebarLeftFunc) referenced from menu.o(i.LibPresentation_InitPage6)
 <LI><a href="#[95]">SlidebarRightFunc</a> from menu.o(i.SlidebarRightFunc) referenced from menu.o(i.LibPresentation_InitPage6)
 <LI><a href="#[6d]">StartDemoFunc</a> from menu.o(i.StartDemoFunc) referenced from menu.o(i.Demo_InitPage0)
 <LI><a href="#[6f]">SwitchDemoBtnFunc</a> from menu.o(i.SwitchDemoBtnFunc) referenced from menu.o(i.Demo_InitPage1)
 <LI><a href="#[9]">SysTick_Handler</a> from stm32f2xx_it.o(i.SysTick_Handler) referenced from startup_stm32f2xx.o(RESET)
 <LI><a href="#[5c]">SystemInit</a> from system_stm32f2xx.o(i.SystemInit) referenced from startup_stm32f2xx.o(.text)
 <LI><a href="#[c]">TAMP_STAMP_IRQHandler</a> from startup_stm32f2xx.o(.text) referenced from startup_stm32f2xx.o(RESET)
 <LI><a href="#[22]">TIM1_BRK_TIM9_IRQHandler</a> from startup_stm32f2xx.o(.text) referenced from startup_stm32f2xx.o(RESET)
 <LI><a href="#[25]">TIM1_CC_IRQHandler</a> from startup_stm32f2xx.o(.text) referenced from startup_stm32f2xx.o(RESET)
 <LI><a href="#[24]">TIM1_TRG_COM_TIM11_IRQHandler</a> from startup_stm32f2xx.o(.text) referenced from startup_stm32f2xx.o(RESET)
 <LI><a href="#[23]">TIM1_UP_TIM10_IRQHandler</a> from startup_stm32f2xx.o(.text) referenced from startup_stm32f2xx.o(RESET)
 <LI><a href="#[26]">TIM2_IRQHandler</a> from startup_stm32f2xx.o(.text) referenced from startup_stm32f2xx.o(RESET)
 <LI><a href="#[27]">TIM3_IRQHandler</a> from startup_stm32f2xx.o(.text) referenced from startup_stm32f2xx.o(RESET)
 <LI><a href="#[28]">TIM4_IRQHandler</a> from startup_stm32f2xx.o(.text) referenced from startup_stm32f2xx.o(RESET)
 <LI><a href="#[3c]">TIM5_IRQHandler</a> from startup_stm32f2xx.o(.text) referenced from startup_stm32f2xx.o(RESET)
 <LI><a href="#[40]">TIM6_DAC_IRQHandler</a> from startup_stm32f2xx.o(.text) referenced from startup_stm32f2xx.o(RESET)
 <LI><a href="#[41]">TIM7_IRQHandler</a> from startup_stm32f2xx.o(.text) referenced from startup_stm32f2xx.o(RESET)
 <LI><a href="#[35]">TIM8_BRK_TIM12_IRQHandler</a> from startup_stm32f2xx.o(.text) referenced from startup_stm32f2xx.o(RESET)
 <LI><a href="#[38]">TIM8_CC_IRQHandler</a> from startup_stm32f2xx.o(.text) referenced from startup_stm32f2xx.o(RESET)
 <LI><a href="#[37]">TIM8_TRG_COM_TIM14_IRQHandler</a> from startup_stm32f2xx.o(.text) referenced from startup_stm32f2xx.o(RESET)
 <LI><a href="#[36]">TIM8_UP_TIM13_IRQHandler</a> from startup_stm32f2xx.o(.text) referenced from startup_stm32f2xx.o(RESET)
 <LI><a href="#[3e]">UART4_IRQHandler</a> from startup_stm32f2xx.o(.text) referenced from startup_stm32f2xx.o(RESET)
 <LI><a href="#[3f]">UART5_IRQHandler</a> from startup_stm32f2xx.o(.text) referenced from startup_stm32f2xx.o(RESET)
 <LI><a href="#[2f]">USART1_IRQHandler</a> from startup_stm32f2xx.o(.text) referenced from startup_stm32f2xx.o(RESET)
 <LI><a href="#[30]">USART2_IRQHandler</a> from startup_stm32f2xx.o(.text) referenced from startup_stm32f2xx.o(RESET)
 <LI><a href="#[31]">USART3_IRQHandler</a> from startup_stm32f2xx.o(.text) referenced from startup_stm32f2xx.o(RESET)
 <LI><a href="#[51]">USART6_IRQHandler</a> from startup_stm32f2xx.o(.text) referenced from startup_stm32f2xx.o(RESET)
 <LI><a href="#[5]">UsageFault_Handler</a> from stm32f2xx_it.o(i.UsageFault_Handler) referenced from startup_stm32f2xx.o(RESET)
 <LI><a href="#[a]">WWDG_IRQHandler</a> from startup_stm32f2xx.o(.text) referenced from startup_stm32f2xx.o(RESET)
 <LI><a href="#[5d]">__main</a> from entry.o(.ARM.Collect$$$$00000000) referenced from startup_stm32f2xx.o(.text)
 <LI><a href="#[a2]">_sputc</a> from printfa.o(i._sputc) referenced from printfa.o(i.__0sprintf)
 <LI><a href="#[5b]">main</a> from main.o(i.main) referenced from entry7.o(.ARM.Collect$$$$00000007)
</UL>
<P>
<H3>
Global Symbols
</H3>
<P><STRONG><a name="[5d]"></a>__main</STRONG> (Thumb, 0 bytes, Stack size unknown bytes, entry.o(.ARM.Collect$$$$00000000))
<BR>[Address Reference Count : 1]<UL><LI> startup_stm32f2xx.o(.text)
</UL>
<P><STRONG><a name="[189]"></a>_main_stk</STRONG> (Thumb, 0 bytes, Stack size unknown bytes, entry2.o(.ARM.Collect$$$$00000001))

<P><STRONG><a name="[a3]"></a>_main_scatterload</STRONG> (Thumb, 0 bytes, Stack size unknown bytes, entry5.o(.ARM.Collect$$$$00000004))
<BR><BR>[Calls]<UL><LI><a href="#[a4]">&gt;&gt;</a>&nbsp;&nbsp;&nbsp;__scatterload
</UL>

<P><STRONG><a name="[ba]"></a>__main_after_scatterload</STRONG> (Thumb, 0 bytes, Stack size unknown bytes, entry5.o(.ARM.Collect$$$$00000004))
<BR><BR>[Called By]<UL><LI><a href="#[a4]">&gt;&gt;</a>&nbsp;&nbsp;&nbsp;__scatterload
</UL>

<P><STRONG><a name="[18a]"></a>_main_init</STRONG> (Thumb, 0 bytes, Stack size unknown bytes, entry7.o(.ARM.Collect$$$$00000007))

<P><STRONG><a name="[0]"></a>Reset_Handler</STRONG> (Thumb, 8 bytes, Stack size 0 bytes, startup_stm32f2xx.o(.text))
<BR>[Address Reference Count : 1]<UL><LI> startup_stm32f2xx.o(RESET)
</UL>
<P><STRONG><a name="[1c]"></a>ADC_IRQHandler</STRONG> (Thumb, 0 bytes, Stack size 0 bytes, startup_stm32f2xx.o(.text))
<BR><BR>[Calls]<UL><LI><a href="#[1c]">&gt;&gt;</a>&nbsp;&nbsp;&nbsp;ADC_IRQHandler
</UL>
<BR>[Called By]<UL><LI><a href="#[1c]">&gt;&gt;</a>&nbsp;&nbsp;&nbsp;ADC_IRQHandler
</UL>
<BR>[Address Reference Count : 1]<UL><LI> startup_stm32f2xx.o(RESET)
</UL>
<P><STRONG><a name="[1e]"></a>CAN1_RX0_IRQHandler</STRONG> (Thumb, 0 bytes, Stack size 0 bytes, startup_stm32f2xx.o(.text))
<BR>[Address Reference Count : 1]<UL><LI> startup_stm32f2xx.o(RESET)
</UL>
<P><STRONG><a name="[1f]"></a>CAN1_RX1_IRQHandler</STRONG> (Thumb, 0 bytes, Stack size 0 bytes, startup_stm32f2xx.o(.text))
<BR>[Address Reference Count : 1]<UL><LI> startup_stm32f2xx.o(RESET)
</UL>
<P><STRONG><a name="[20]"></a>CAN1_SCE_IRQHandler</STRONG> (Thumb, 0 bytes, Stack size 0 bytes, startup_stm32f2xx.o(.text))
<BR>[Address Reference Count : 1]<UL><LI> startup_stm32f2xx.o(RESET)
</UL>
<P><STRONG><a name="[1d]"></a>CAN1_TX_IRQHandler</STRONG> (Thumb, 0 bytes, Stack size 0 bytes, startup_stm32f2xx.o(.text))
<BR>[Address Reference Count : 1]<UL><LI> startup_stm32f2xx.o(RESET)
</UL>
<P><STRONG><a name="[4a]"></a>CAN2_RX0_IRQHandler</STRONG> (Thumb, 0 bytes, Stack size 0 bytes, startup_stm32f2xx.o(.text))
<BR>[Address Reference Count : 1]<UL><LI> startup_stm32f2xx.o(RESET)
</UL>
<P><STRONG><a name="[4b]"></a>CAN2_RX1_IRQHandler</STRONG> (Thumb, 0 bytes, Stack size 0 bytes, startup_stm32f2xx.o(.text))
<BR>[Address Reference Count : 1]<UL><LI> startup_stm32f2xx.o(RESET)
</UL>
<P><STRONG><a name="[4c]"></a>CAN2_SCE_IRQHandler</STRONG> (Thumb, 0 bytes, Stack size 0 bytes, startup_stm32f2xx.o(.text))
<BR>[Address Reference Count : 1]<UL><LI> startup_stm32f2xx.o(RESET)
</UL>
<P><STRONG><a name="[49]"></a>CAN2_TX_IRQHandler</STRONG> (Thumb, 0 bytes, Stack size 0 bytes, startup_stm32f2xx.o(.text))
<BR>[Address Reference Count : 1]<UL><LI> startup_stm32f2xx.o(RESET)
</UL>
<P><STRONG><a name="[59]"></a>CRYP_IRQHandler</STRONG> (Thumb, 0 bytes, Stack size 0 bytes, startup_stm32f2xx.o(.text))
<BR>[Address Reference Count : 1]<UL><LI> startup_stm32f2xx.o(RESET)
</UL>
<P><STRONG><a name="[58]"></a>DCMI_IRQHandler</STRONG> (Thumb, 0 bytes, Stack size 0 bytes, startup_stm32f2xx.o(.text))
<BR>[Address Reference Count : 1]<UL><LI> startup_stm32f2xx.o(RESET)
</UL>
<P><STRONG><a name="[15]"></a>DMA1_Stream0_IRQHandler</STRONG> (Thumb, 0 bytes, Stack size 0 bytes, startup_stm32f2xx.o(.text))
<BR>[Address Reference Count : 1]<UL><LI> startup_stm32f2xx.o(RESET)
</UL>
<P><STRONG><a name="[16]"></a>DMA1_Stream1_IRQHandler</STRONG> (Thumb, 0 bytes, Stack size 0 bytes, startup_stm32f2xx.o(.text))
<BR>[Address Reference Count : 1]<UL><LI> startup_stm32f2xx.o(RESET)
</UL>
<P><STRONG><a name="[17]"></a>DMA1_Stream2_IRQHandler</STRONG> (Thumb, 0 bytes, Stack size 0 bytes, startup_stm32f2xx.o(.text))
<BR>[Address Reference Count : 1]<UL><LI> startup_stm32f2xx.o(RESET)
</UL>
<P><STRONG><a name="[18]"></a>DMA1_Stream3_IRQHandler</STRONG> (Thumb, 0 bytes, Stack size 0 bytes, startup_stm32f2xx.o(.text))
<BR>[Address Reference Count : 1]<UL><LI> startup_stm32f2xx.o(RESET)
</UL>
<P><STRONG><a name="[19]"></a>DMA1_Stream4_IRQHandler</STRONG> (Thumb, 0 bytes, Stack size 0 bytes, startup_stm32f2xx.o(.text))
<BR>[Address Reference Count : 1]<UL><LI> startup_stm32f2xx.o(RESET)
</UL>
<P><STRONG><a name="[1a]"></a>DMA1_Stream5_IRQHandler</STRONG> (Thumb, 0 bytes, Stack size 0 bytes, startup_stm32f2xx.o(.text))
<BR>[Address Reference Count : 1]<UL><LI> startup_stm32f2xx.o(RESET)
</UL>
<P><STRONG><a name="[1b]"></a>DMA1_Stream6_IRQHandler</STRONG> (Thumb, 0 bytes, Stack size 0 bytes, startup_stm32f2xx.o(.text))
<BR>[Address Reference Count : 1]<UL><LI> startup_stm32f2xx.o(RESET)
</UL>
<P><STRONG><a name="[39]"></a>DMA1_Stream7_IRQHandler</STRONG> (Thumb, 0 bytes, Stack size 0 bytes, startup_stm32f2xx.o(.text))
<BR>[Address Reference Count : 1]<UL><LI> startup_stm32f2xx.o(RESET)
</UL>
<P><STRONG><a name="[42]"></a>DMA2_Stream0_IRQHandler</STRONG> (Thumb, 0 bytes, Stack size 0 bytes, startup_stm32f2xx.o(.text))
<BR>[Address Reference Count : 1]<UL><LI> startup_stm32f2xx.o(RESET)
</UL>
<P><STRONG><a name="[43]"></a>DMA2_Stream1_IRQHandler</STRONG> (Thumb, 0 bytes, Stack size 0 bytes, startup_stm32f2xx.o(.text))
<BR>[Address Reference Count : 1]<UL><LI> startup_stm32f2xx.o(RESET)
</UL>
<P><STRONG><a name="[44]"></a>DMA2_Stream2_IRQHandler</STRONG> (Thumb, 0 bytes, Stack size 0 bytes, startup_stm32f2xx.o(.text))
<BR>[Address Reference Count : 1]<UL><LI> startup_stm32f2xx.o(RESET)
</UL>
<P><STRONG><a name="[45]"></a>DMA2_Stream3_IRQHandler</STRONG> (Thumb, 0 bytes, Stack size 0 bytes, startup_stm32f2xx.o(.text))
<BR>[Address Reference Count : 1]<UL><LI> startup_stm32f2xx.o(RESET)
</UL>
<P><STRONG><a name="[46]"></a>DMA2_Stream4_IRQHandler</STRONG> (Thumb, 0 bytes, Stack size 0 bytes, startup_stm32f2xx.o(.text))
<BR>[Address Reference Count : 1]<UL><LI> startup_stm32f2xx.o(RESET)
</UL>
<P><STRONG><a name="[4e]"></a>DMA2_Stream5_IRQHandler</STRONG> (Thumb, 0 bytes, Stack size 0 bytes, startup_stm32f2xx.o(.text))
<BR>[Address Reference Count : 1]<UL><LI> startup_stm32f2xx.o(RESET)
</UL>
<P><STRONG><a name="[4f]"></a>DMA2_Stream6_IRQHandler</STRONG> (Thumb, 0 bytes, Stack size 0 bytes, startup_stm32f2xx.o(.text))
<BR>[Address Reference Count : 1]<UL><LI> startup_stm32f2xx.o(RESET)
</UL>
<P><STRONG><a name="[50]"></a>DMA2_Stream7_IRQHandler</STRONG> (Thumb, 0 bytes, Stack size 0 bytes, startup_stm32f2xx.o(.text))
<BR>[Address Reference Count : 1]<UL><LI> startup_stm32f2xx.o(RESET)
</UL>
<P><STRONG><a name="[47]"></a>ETH_IRQHandler</STRONG> (Thumb, 0 bytes, Stack size 0 bytes, startup_stm32f2xx.o(.text))
<BR>[Address Reference Count : 1]<UL><LI> startup_stm32f2xx.o(RESET)
</UL>
<P><STRONG><a name="[48]"></a>ETH_WKUP_IRQHandler</STRONG> (Thumb, 0 bytes, Stack size 0 bytes, startup_stm32f2xx.o(.text))
<BR>[Address Reference Count : 1]<UL><LI> startup_stm32f2xx.o(RESET)
</UL>
<P><STRONG><a name="[10]"></a>EXTI0_IRQHandler</STRONG> (Thumb, 0 bytes, Stack size 0 bytes, startup_stm32f2xx.o(.text))
<BR>[Address Reference Count : 1]<UL><LI> startup_stm32f2xx.o(RESET)
</UL>
<P><STRONG><a name="[32]"></a>EXTI15_10_IRQHandler</STRONG> (Thumb, 0 bytes, Stack size 0 bytes, startup_stm32f2xx.o(.text))
<BR>[Address Reference Count : 1]<UL><LI> startup_stm32f2xx.o(RESET)
</UL>
<P><STRONG><a name="[11]"></a>EXTI1_IRQHandler</STRONG> (Thumb, 0 bytes, Stack size 0 bytes, startup_stm32f2xx.o(.text))
<BR>[Address Reference Count : 1]<UL><LI> startup_stm32f2xx.o(RESET)
</UL>
<P><STRONG><a name="[13]"></a>EXTI3_IRQHandler</STRONG> (Thumb, 0 bytes, Stack size 0 bytes, startup_stm32f2xx.o(.text))
<BR>[Address Reference Count : 1]<UL><LI> startup_stm32f2xx.o(RESET)
</UL>
<P><STRONG><a name="[14]"></a>EXTI4_IRQHandler</STRONG> (Thumb, 0 bytes, Stack size 0 bytes, startup_stm32f2xx.o(.text))
<BR>[Address Reference Count : 1]<UL><LI> startup_stm32f2xx.o(RESET)
</UL>
<P><STRONG><a name="[21]"></a>EXTI9_5_IRQHandler</STRONG> (Thumb, 0 bytes, Stack size 0 bytes, startup_stm32f2xx.o(.text))
<BR>[Address Reference Count : 1]<UL><LI> startup_stm32f2xx.o(RESET)
</UL>
<P><STRONG><a name="[e]"></a>FLASH_IRQHandler</STRONG> (Thumb, 0 bytes, Stack size 0 bytes, startup_stm32f2xx.o(.text))
<BR>[Address Reference Count : 1]<UL><LI> startup_stm32f2xx.o(RESET)
</UL>
<P><STRONG><a name="[3a]"></a>FSMC_IRQHandler</STRONG> (Thumb, 0 bytes, Stack size 0 bytes, startup_stm32f2xx.o(.text))
<BR>[Address Reference Count : 1]<UL><LI> startup_stm32f2xx.o(RESET)
</UL>
<P><STRONG><a name="[5a]"></a>HASH_RNG_IRQHandler</STRONG> (Thumb, 0 bytes, Stack size 0 bytes, startup_stm32f2xx.o(.text))
<BR>[Address Reference Count : 1]<UL><LI> startup_stm32f2xx.o(RESET)
</UL>
<P><STRONG><a name="[2a]"></a>I2C1_ER_IRQHandler</STRONG> (Thumb, 0 bytes, Stack size 0 bytes, startup_stm32f2xx.o(.text))
<BR>[Address Reference Count : 1]<UL><LI> startup_stm32f2xx.o(RESET)
</UL>
<P><STRONG><a name="[29]"></a>I2C1_EV_IRQHandler</STRONG> (Thumb, 0 bytes, Stack size 0 bytes, startup_stm32f2xx.o(.text))
<BR>[Address Reference Count : 1]<UL><LI> startup_stm32f2xx.o(RESET)
</UL>
<P><STRONG><a name="[2c]"></a>I2C2_ER_IRQHandler</STRONG> (Thumb, 0 bytes, Stack size 0 bytes, startup_stm32f2xx.o(.text))
<BR>[Address Reference Count : 1]<UL><LI> startup_stm32f2xx.o(RESET)
</UL>
<P><STRONG><a name="[2b]"></a>I2C2_EV_IRQHandler</STRONG> (Thumb, 0 bytes, Stack size 0 bytes, startup_stm32f2xx.o(.text))
<BR>[Address Reference Count : 1]<UL><LI> startup_stm32f2xx.o(RESET)
</UL>
<P><STRONG><a name="[53]"></a>I2C3_ER_IRQHandler</STRONG> (Thumb, 0 bytes, Stack size 0 bytes, startup_stm32f2xx.o(.text))
<BR>[Address Reference Count : 1]<UL><LI> startup_stm32f2xx.o(RESET)
</UL>
<P><STRONG><a name="[52]"></a>I2C3_EV_IRQHandler</STRONG> (Thumb, 0 bytes, Stack size 0 bytes, startup_stm32f2xx.o(.text))
<BR>[Address Reference Count : 1]<UL><LI> startup_stm32f2xx.o(RESET)
</UL>
<P><STRONG><a name="[4d]"></a>OTG_FS_IRQHandler</STRONG> (Thumb, 0 bytes, Stack size 0 bytes, startup_stm32f2xx.o(.text))
<BR>[Address Reference Count : 1]<UL><LI> startup_stm32f2xx.o(RESET)
</UL>
<P><STRONG><a name="[34]"></a>OTG_FS_WKUP_IRQHandler</STRONG> (Thumb, 0 bytes, Stack size 0 bytes, startup_stm32f2xx.o(.text))
<BR>[Address Reference Count : 1]<UL><LI> startup_stm32f2xx.o(RESET)
</UL>
<P><STRONG><a name="[55]"></a>OTG_HS_EP1_IN_IRQHandler</STRONG> (Thumb, 0 bytes, Stack size 0 bytes, startup_stm32f2xx.o(.text))
<BR>[Address Reference Count : 1]<UL><LI> startup_stm32f2xx.o(RESET)
</UL>
<P><STRONG><a name="[54]"></a>OTG_HS_EP1_OUT_IRQHandler</STRONG> (Thumb, 0 bytes, Stack size 0 bytes, startup_stm32f2xx.o(.text))
<BR>[Address Reference Count : 1]<UL><LI> startup_stm32f2xx.o(RESET)
</UL>
<P><STRONG><a name="[57]"></a>OTG_HS_IRQHandler</STRONG> (Thumb, 0 bytes, Stack size 0 bytes, startup_stm32f2xx.o(.text))
<BR>[Address Reference Count : 1]<UL><LI> startup_stm32f2xx.o(RESET)
</UL>
<P><STRONG><a name="[56]"></a>OTG_HS_WKUP_IRQHandler</STRONG> (Thumb, 0 bytes, Stack size 0 bytes, startup_stm32f2xx.o(.text))
<BR>[Address Reference Count : 1]<UL><LI> startup_stm32f2xx.o(RESET)
</UL>
<P><STRONG><a name="[b]"></a>PVD_IRQHandler</STRONG> (Thumb, 0 bytes, Stack size 0 bytes, startup_stm32f2xx.o(.text))
<BR>[Address Reference Count : 1]<UL><LI> startup_stm32f2xx.o(RESET)
</UL>
<P><STRONG><a name="[f]"></a>RCC_IRQHandler</STRONG> (Thumb, 0 bytes, Stack size 0 bytes, startup_stm32f2xx.o(.text))
<BR>[Address Reference Count : 1]<UL><LI> startup_stm32f2xx.o(RESET)
</UL>
<P><STRONG><a name="[33]"></a>RTC_Alarm_IRQHandler</STRONG> (Thumb, 0 bytes, Stack size 0 bytes, startup_stm32f2xx.o(.text))
<BR>[Address Reference Count : 1]<UL><LI> startup_stm32f2xx.o(RESET)
</UL>
<P><STRONG><a name="[d]"></a>RTC_WKUP_IRQHandler</STRONG> (Thumb, 0 bytes, Stack size 0 bytes, startup_stm32f2xx.o(.text))
<BR>[Address Reference Count : 1]<UL><LI> startup_stm32f2xx.o(RESET)
</UL>
<P><STRONG><a name="[3b]"></a>SDIO_IRQHandler</STRONG> (Thumb, 0 bytes, Stack size 0 bytes, startup_stm32f2xx.o(.text))
<BR>[Address Reference Count : 1]<UL><LI> startup_stm32f2xx.o(RESET)
</UL>
<P><STRONG><a name="[2d]"></a>SPI1_IRQHandler</STRONG> (Thumb, 0 bytes, Stack size 0 bytes, startup_stm32f2xx.o(.text))
<BR>[Address Reference Count : 1]<UL><LI> startup_stm32f2xx.o(RESET)
</UL>
<P><STRONG><a name="[2e]"></a>SPI2_IRQHandler</STRONG> (Thumb, 0 bytes, Stack size 0 bytes, startup_stm32f2xx.o(.text))
<BR>[Address Reference Count : 1]<UL><LI> startup_stm32f2xx.o(RESET)
</UL>
<P><STRONG><a name="[3d]"></a>SPI3_IRQHandler</STRONG> (Thumb, 0 bytes, Stack size 0 bytes, startup_stm32f2xx.o(.text))
<BR>[Address Reference Count : 1]<UL><LI> startup_stm32f2xx.o(RESET)
</UL>
<P><STRONG><a name="[c]"></a>TAMP_STAMP_IRQHandler</STRONG> (Thumb, 0 bytes, Stack size 0 bytes, startup_stm32f2xx.o(.text))
<BR>[Address Reference Count : 1]<UL><LI> startup_stm32f2xx.o(RESET)
</UL>
<P><STRONG><a name="[22]"></a>TIM1_BRK_TIM9_IRQHandler</STRONG> (Thumb, 0 bytes, Stack size 0 bytes, startup_stm32f2xx.o(.text))
<BR>[Address Reference Count : 1]<UL><LI> startup_stm32f2xx.o(RESET)
</UL>
<P><STRONG><a name="[25]"></a>TIM1_CC_IRQHandler</STRONG> (Thumb, 0 bytes, Stack size 0 bytes, startup_stm32f2xx.o(.text))
<BR>[Address Reference Count : 1]<UL><LI> startup_stm32f2xx.o(RESET)
</UL>
<P><STRONG><a name="[24]"></a>TIM1_TRG_COM_TIM11_IRQHandler</STRONG> (Thumb, 0 bytes, Stack size 0 bytes, startup_stm32f2xx.o(.text))
<BR>[Address Reference Count : 1]<UL><LI> startup_stm32f2xx.o(RESET)
</UL>
<P><STRONG><a name="[23]"></a>TIM1_UP_TIM10_IRQHandler</STRONG> (Thumb, 0 bytes, Stack size 0 bytes, startup_stm32f2xx.o(.text))
<BR>[Address Reference Count : 1]<UL><LI> startup_stm32f2xx.o(RESET)
</UL>
<P><STRONG><a name="[26]"></a>TIM2_IRQHandler</STRONG> (Thumb, 0 bytes, Stack size 0 bytes, startup_stm32f2xx.o(.text))
<BR>[Address Reference Count : 1]<UL><LI> startup_stm32f2xx.o(RESET)
</UL>
<P><STRONG><a name="[27]"></a>TIM3_IRQHandler</STRONG> (Thumb, 0 bytes, Stack size 0 bytes, startup_stm32f2xx.o(.text))
<BR>[Address Reference Count : 1]<UL><LI> startup_stm32f2xx.o(RESET)
</UL>
<P><STRONG><a name="[28]"></a>TIM4_IRQHandler</STRONG> (Thumb, 0 bytes, Stack size 0 bytes, startup_stm32f2xx.o(.text))
<BR>[Address Reference Count : 1]<UL><LI> startup_stm32f2xx.o(RESET)
</UL>
<P><STRONG><a name="[3c]"></a>TIM5_IRQHandler</STRONG> (Thumb, 0 bytes, Stack size 0 bytes, startup_stm32f2xx.o(.text))
<BR>[Address Reference Count : 1]<UL><LI> startup_stm32f2xx.o(RESET)
</UL>
<P><STRONG><a name="[40]"></a>TIM6_DAC_IRQHandler</STRONG> (Thumb, 0 bytes, Stack size 0 bytes, startup_stm32f2xx.o(.text))
<BR>[Address Reference Count : 1]<UL><LI> startup_stm32f2xx.o(RESET)
</UL>
<P><STRONG><a name="[41]"></a>TIM7_IRQHandler</STRONG> (Thumb, 0 bytes, Stack size 0 bytes, startup_stm32f2xx.o(.text))
<BR>[Address Reference Count : 1]<UL><LI> startup_stm32f2xx.o(RESET)
</UL>
<P><STRONG><a name="[35]"></a>TIM8_BRK_TIM12_IRQHandler</STRONG> (Thumb, 0 bytes, Stack size 0 bytes, startup_stm32f2xx.o(.text))
<BR>[Address Reference Count : 1]<UL><LI> startup_stm32f2xx.o(RESET)
</UL>
<P><STRONG><a name="[38]"></a>TIM8_CC_IRQHandler</STRONG> (Thumb, 0 bytes, Stack size 0 bytes, startup_stm32f2xx.o(.text))
<BR>[Address Reference Count : 1]<UL><LI> startup_stm32f2xx.o(RESET)
</UL>
<P><STRONG><a name="[37]"></a>TIM8_TRG_COM_TIM14_IRQHandler</STRONG> (Thumb, 0 bytes, Stack size 0 bytes, startup_stm32f2xx.o(.text))
<BR>[Address Reference Count : 1]<UL><LI> startup_stm32f2xx.o(RESET)
</UL>
<P><STRONG><a name="[36]"></a>TIM8_UP_TIM13_IRQHandler</STRONG> (Thumb, 0 bytes, Stack size 0 bytes, startup_stm32f2xx.o(.text))
<BR>[Address Reference Count : 1]<UL><LI> startup_stm32f2xx.o(RESET)
</UL>
<P><STRONG><a name="[3e]"></a>UART4_IRQHandler</STRONG> (Thumb, 0 bytes, Stack size 0 bytes, startup_stm32f2xx.o(.text))
<BR>[Address Reference Count : 1]<UL><LI> startup_stm32f2xx.o(RESET)
</UL>
<P><STRONG><a name="[3f]"></a>UART5_IRQHandler</STRONG> (Thumb, 0 bytes, Stack size 0 bytes, startup_stm32f2xx.o(.text))
<BR>[Address Reference Count : 1]<UL><LI> startup_stm32f2xx.o(RESET)
</UL>
<P><STRONG><a name="[2f]"></a>USART1_IRQHandler</STRONG> (Thumb, 0 bytes, Stack size 0 bytes, startup_stm32f2xx.o(.text))
<BR>[Address Reference Count : 1]<UL><LI> startup_stm32f2xx.o(RESET)
</UL>
<P><STRONG><a name="[30]"></a>USART2_IRQHandler</STRONG> (Thumb, 0 bytes, Stack size 0 bytes, startup_stm32f2xx.o(.text))
<BR>[Address Reference Count : 1]<UL><LI> startup_stm32f2xx.o(RESET)
</UL>
<P><STRONG><a name="[31]"></a>USART3_IRQHandler</STRONG> (Thumb, 0 bytes, Stack size 0 bytes, startup_stm32f2xx.o(.text))
<BR>[Address Reference Count : 1]<UL><LI> startup_stm32f2xx.o(RESET)
</UL>
<P><STRONG><a name="[51]"></a>USART6_IRQHandler</STRONG> (Thumb, 0 bytes, Stack size 0 bytes, startup_stm32f2xx.o(.text))
<BR>[Address Reference Count : 1]<UL><LI> startup_stm32f2xx.o(RESET)
</UL>
<P><STRONG><a name="[a]"></a>WWDG_IRQHandler</STRONG> (Thumb, 0 bytes, Stack size 0 bytes, startup_stm32f2xx.o(.text))
<BR>[Address Reference Count : 1]<UL><LI> startup_stm32f2xx.o(RESET)
</UL>
<P><STRONG><a name="[163]"></a>__aeabi_memcpy</STRONG> (Thumb, 36 bytes, Stack size 0 bytes, memcpya.o(.text))
<BR><BR>[Called By]<UL><LI><a href="#[15e]">&gt;&gt;</a>&nbsp;&nbsp;&nbsp;NewHistogram
<LI><a href="#[160]">&gt;&gt;</a>&nbsp;&nbsp;&nbsp;NewGraphChart
</UL>

<P><STRONG><a name="[15d]"></a>__aeabi_memcpy4</STRONG> (Thumb, 0 bytes, Stack size 0 bytes, memcpya.o(.text))
<BR><BR>[Called By]<UL><LI><a href="#[15f]">&gt;&gt;</a>&nbsp;&nbsp;&nbsp;LibPresentation_InitPage8
<LI><a href="#[15c]">&gt;&gt;</a>&nbsp;&nbsp;&nbsp;LibPresentation_InitPage7
</UL>

<P><STRONG><a name="[18b]"></a>__aeabi_memcpy8</STRONG> (Thumb, 0 bytes, Stack size 0 bytes, memcpya.o(.text), UNUSED)

<P><STRONG><a name="[a6]"></a>__aeabi_memset</STRONG> (Thumb, 14 bytes, Stack size 0 bytes, memseta.o(.text))
<BR><BR>[Called By]<UL><LI><a href="#[a7]">&gt;&gt;</a>&nbsp;&nbsp;&nbsp;_memset$wrapper
<LI><a href="#[a5]">&gt;&gt;</a>&nbsp;&nbsp;&nbsp;__aeabi_memclr
</UL>

<P><STRONG><a name="[18c]"></a>__aeabi_memset4</STRONG> (Thumb, 0 bytes, Stack size 0 bytes, memseta.o(.text), UNUSED)

<P><STRONG><a name="[18d]"></a>__aeabi_memset8</STRONG> (Thumb, 0 bytes, Stack size 0 bytes, memseta.o(.text), UNUSED)

<P><STRONG><a name="[a5]"></a>__aeabi_memclr</STRONG> (Thumb, 4 bytes, Stack size 0 bytes, memseta.o(.text))
<BR><BR>[Calls]<UL><LI><a href="#[a6]">&gt;&gt;</a>&nbsp;&nbsp;&nbsp;__aeabi_memset
</UL>
<BR>[Called By]<UL><LI><a href="#[e6]">&gt;&gt;</a>&nbsp;&nbsp;&nbsp;DestroyPageControl
</UL>

<P><STRONG><a name="[cd]"></a>__aeabi_memclr4</STRONG> (Thumb, 0 bytes, Stack size 0 bytes, memseta.o(.text))
<BR><BR>[Called By]<UL><LI><a href="#[cc]">&gt;&gt;</a>&nbsp;&nbsp;&nbsp;Create_PageObj
</UL>

<P><STRONG><a name="[18e]"></a>__aeabi_memclr8</STRONG> (Thumb, 0 bytes, Stack size 0 bytes, memseta.o(.text), UNUSED)

<P><STRONG><a name="[a7]"></a>_memset$wrapper</STRONG> (Thumb, 20 bytes, Stack size 8 bytes, memseta.o(.text), UNUSED)
<BR><BR>[Calls]<UL><LI><a href="#[a6]">&gt;&gt;</a>&nbsp;&nbsp;&nbsp;__aeabi_memset
</UL>

<P><STRONG><a name="[170]"></a>strcat</STRONG> (Thumb, 28 bytes, Stack size 0 bytes, strcat.o(.text))
<BR><BR>[Called By]<UL><LI><a href="#[171]">&gt;&gt;</a>&nbsp;&nbsp;&nbsp;SlidebarLeftRightFunc
<LI><a href="#[93]">&gt;&gt;</a>&nbsp;&nbsp;&nbsp;SlidebarFunc
<LI><a href="#[7b]">&gt;&gt;</a>&nbsp;&nbsp;&nbsp;SlidebarDemoFunc
</UL>

<P><STRONG><a name="[119]"></a>strncpy</STRONG> (Thumb, 24 bytes, Stack size 8 bytes, strncpy.o(.text))
<BR><BR>[Stack]<UL><LI>Max Depth = 8<LI>Call Chain = strncpy
</UL>
<BR>[Called By]<UL><LI><a href="#[bc]">&gt;&gt;</a>&nbsp;&nbsp;&nbsp;GL_SetStringFieldValue
</UL>

<P><STRONG><a name="[118]"></a>strlen</STRONG> (Thumb, 16 bytes, Stack size 0 bytes, strlen.o(.text))
<BR><BR>[Called By]<UL><LI><a href="#[60]">&gt;&gt;</a>&nbsp;&nbsp;&nbsp;SetSwitchVisible
<LI><a href="#[65]">&gt;&gt;</a>&nbsp;&nbsp;&nbsp;SetSlidebarVisible
<LI><a href="#[62]">&gt;&gt;</a>&nbsp;&nbsp;&nbsp;SetRadioButtonVisible
<LI><a href="#[5e]">&gt;&gt;</a>&nbsp;&nbsp;&nbsp;SetLabelVisible
<LI><a href="#[63]">&gt;&gt;</a>&nbsp;&nbsp;&nbsp;SetCheckboxVisible
<LI><a href="#[61]">&gt;&gt;</a>&nbsp;&nbsp;&nbsp;SetButtonVisible
<LI><a href="#[11b]">&gt;&gt;</a>&nbsp;&nbsp;&nbsp;GetObjSize
<LI><a href="#[bc]">&gt;&gt;</a>&nbsp;&nbsp;&nbsp;GL_SetStringFieldValue
</UL>

<P><STRONG><a name="[a8]"></a>__aeabi_dadd</STRONG> (Thumb, 324 bytes, Stack size 48 bytes, dadd.o(.text))
<BR><BR>[Stack]<UL><LI>Max Depth = 104<LI>Call Chain = __aeabi_dadd &rArr; _double_epilogue &rArr; _double_round
</UL>
<BR>[Calls]<UL><LI><a href="#[aa]">&gt;&gt;</a>&nbsp;&nbsp;&nbsp;__aeabi_lasr
<LI><a href="#[a9]">&gt;&gt;</a>&nbsp;&nbsp;&nbsp;__aeabi_llsl
<LI><a href="#[ac]">&gt;&gt;</a>&nbsp;&nbsp;&nbsp;_double_round
<LI><a href="#[ab]">&gt;&gt;</a>&nbsp;&nbsp;&nbsp;_double_epilogue
</UL>
<BR>[Called By]<UL><LI><a href="#[147]">&gt;&gt;</a>&nbsp;&nbsp;&nbsp;TS_Calibration
<LI><a href="#[ad]">&gt;&gt;</a>&nbsp;&nbsp;&nbsp;__aeabi_dsub
<LI><a href="#[ae]">&gt;&gt;</a>&nbsp;&nbsp;&nbsp;__aeabi_drsub
<LI><a href="#[66]">&gt;&gt;</a>&nbsp;&nbsp;&nbsp;SetHistogramVisible
<LI><a href="#[67]">&gt;&gt;</a>&nbsp;&nbsp;&nbsp;SetGraphChartVisible
<LI><a href="#[181]">&gt;&gt;</a>&nbsp;&nbsp;&nbsp;_fp_digits
</UL>

<P><STRONG><a name="[ad]"></a>__aeabi_dsub</STRONG> (Thumb, 6 bytes, Stack size 0 bytes, dadd.o(.text))
<BR><BR>[Stack]<UL><LI>Max Depth = 104<LI>Call Chain = __aeabi_dsub &rArr; __aeabi_dadd &rArr; _double_epilogue &rArr; _double_round
</UL>
<BR>[Calls]<UL><LI><a href="#[a8]">&gt;&gt;</a>&nbsp;&nbsp;&nbsp;__aeabi_dadd
</UL>
<BR>[Called By]<UL><LI><a href="#[147]">&gt;&gt;</a>&nbsp;&nbsp;&nbsp;TS_Calibration
<LI><a href="#[66]">&gt;&gt;</a>&nbsp;&nbsp;&nbsp;SetHistogramVisible
<LI><a href="#[67]">&gt;&gt;</a>&nbsp;&nbsp;&nbsp;SetGraphChartVisible
</UL>

<P><STRONG><a name="[ae]"></a>__aeabi_drsub</STRONG> (Thumb, 6 bytes, Stack size 0 bytes, dadd.o(.text))
<BR><BR>[Stack]<UL><LI>Max Depth = 104<LI>Call Chain = __aeabi_drsub &rArr; __aeabi_dadd &rArr; _double_epilogue &rArr; _double_round
</UL>
<BR>[Calls]<UL><LI><a href="#[a8]">&gt;&gt;</a>&nbsp;&nbsp;&nbsp;__aeabi_dadd
</UL>
<BR>[Called By]<UL><LI><a href="#[66]">&gt;&gt;</a>&nbsp;&nbsp;&nbsp;SetHistogramVisible
<LI><a href="#[67]">&gt;&gt;</a>&nbsp;&nbsp;&nbsp;SetGraphChartVisible
</UL>

<P><STRONG><a name="[af]"></a>__aeabi_dmul</STRONG> (Thumb, 226 bytes, Stack size 48 bytes, dmul.o(.text))
<BR><BR>[Stack]<UL><LI>Max Depth = 104<LI>Call Chain = __aeabi_dmul &rArr; _double_epilogue &rArr; _double_round
</UL>
<BR>[Calls]<UL><LI><a href="#[ab]">&gt;&gt;</a>&nbsp;&nbsp;&nbsp;_double_epilogue
</UL>
<BR>[Called By]<UL><LI><a href="#[171]">&gt;&gt;</a>&nbsp;&nbsp;&nbsp;SlidebarLeftRightFunc
<LI><a href="#[93]">&gt;&gt;</a>&nbsp;&nbsp;&nbsp;SlidebarFunc
<LI><a href="#[7b]">&gt;&gt;</a>&nbsp;&nbsp;&nbsp;SlidebarDemoFunc
<LI><a href="#[8d]">&gt;&gt;</a>&nbsp;&nbsp;&nbsp;RButtonFunc3
<LI><a href="#[8c]">&gt;&gt;</a>&nbsp;&nbsp;&nbsp;RButtonFunc2
<LI><a href="#[8b]">&gt;&gt;</a>&nbsp;&nbsp;&nbsp;RButtonFunc1
<LI><a href="#[161]">&gt;&gt;</a>&nbsp;&nbsp;&nbsp;LibPresentation_InitPage9
<LI><a href="#[15f]">&gt;&gt;</a>&nbsp;&nbsp;&nbsp;LibPresentation_InitPage8
<LI><a href="#[15c]">&gt;&gt;</a>&nbsp;&nbsp;&nbsp;LibPresentation_InitPage7
<LI><a href="#[15b]">&gt;&gt;</a>&nbsp;&nbsp;&nbsp;LibPresentation_InitPage6
<LI><a href="#[15a]">&gt;&gt;</a>&nbsp;&nbsp;&nbsp;LibPresentation_InitPage5
<LI><a href="#[159]">&gt;&gt;</a>&nbsp;&nbsp;&nbsp;LibPresentation_InitPage4
<LI><a href="#[158]">&gt;&gt;</a>&nbsp;&nbsp;&nbsp;LibPresentation_InitPage3
<LI><a href="#[157]">&gt;&gt;</a>&nbsp;&nbsp;&nbsp;LibPresentation_InitPage2
<LI><a href="#[156]">&gt;&gt;</a>&nbsp;&nbsp;&nbsp;LibPresentation_InitPage1
<LI><a href="#[155]">&gt;&gt;</a>&nbsp;&nbsp;&nbsp;LibPresentation_InitPage0
<LI><a href="#[82]">&gt;&gt;</a>&nbsp;&nbsp;&nbsp;GeneralBtnFunc
<LI><a href="#[85]">&gt;&gt;</a>&nbsp;&nbsp;&nbsp;EnDisBtnFunc
<LI><a href="#[e4]">&gt;&gt;</a>&nbsp;&nbsp;&nbsp;Demo_InitPage7
<LI><a href="#[e3]">&gt;&gt;</a>&nbsp;&nbsp;&nbsp;Demo_InitPage6
<LI><a href="#[e1]">&gt;&gt;</a>&nbsp;&nbsp;&nbsp;Demo_InitPage5
<LI><a href="#[e0]">&gt;&gt;</a>&nbsp;&nbsp;&nbsp;Demo_InitPage4
<LI><a href="#[de]">&gt;&gt;</a>&nbsp;&nbsp;&nbsp;Demo_InitPage3
<LI><a href="#[dc]">&gt;&gt;</a>&nbsp;&nbsp;&nbsp;Demo_InitPage2
<LI><a href="#[da]">&gt;&gt;</a>&nbsp;&nbsp;&nbsp;Demo_InitPage1
<LI><a href="#[d6]">&gt;&gt;</a>&nbsp;&nbsp;&nbsp;Demo_InitPage0
<LI><a href="#[90]">&gt;&gt;</a>&nbsp;&nbsp;&nbsp;ComboboxFunc
<LI><a href="#[88]">&gt;&gt;</a>&nbsp;&nbsp;&nbsp;CheckboxFunc
<LI><a href="#[147]">&gt;&gt;</a>&nbsp;&nbsp;&nbsp;TS_Calibration
<LI><a href="#[122]">&gt;&gt;</a>&nbsp;&nbsp;&nbsp;Show_HomeScreen
<LI><a href="#[66]">&gt;&gt;</a>&nbsp;&nbsp;&nbsp;SetHistogramVisible
<LI><a href="#[67]">&gt;&gt;</a>&nbsp;&nbsp;&nbsp;SetGraphChartVisible
<LI><a href="#[181]">&gt;&gt;</a>&nbsp;&nbsp;&nbsp;_fp_digits
</UL>

<P><STRONG><a name="[b0]"></a>__aeabi_ddiv</STRONG> (Thumb, 226 bytes, Stack size 32 bytes, ddiv.o(.text))
<BR><BR>[Stack]<UL><LI>Max Depth = 40<LI>Call Chain = __aeabi_ddiv &rArr; _double_round
</UL>
<BR>[Calls]<UL><LI><a href="#[ac]">&gt;&gt;</a>&nbsp;&nbsp;&nbsp;_double_round
</UL>
<BR>[Called By]<UL><LI><a href="#[147]">&gt;&gt;</a>&nbsp;&nbsp;&nbsp;TS_Calibration
<LI><a href="#[66]">&gt;&gt;</a>&nbsp;&nbsp;&nbsp;SetHistogramVisible
<LI><a href="#[67]">&gt;&gt;</a>&nbsp;&nbsp;&nbsp;SetGraphChartVisible
<LI><a href="#[181]">&gt;&gt;</a>&nbsp;&nbsp;&nbsp;_fp_digits
</UL>

<P><STRONG><a name="[17b]"></a>__ARM_scalbn</STRONG> (Thumb, 46 bytes, Stack size 16 bytes, dscalb.o(.text))
<BR><BR>[Stack]<UL><LI>Max Depth = 16<LI>Call Chain = __ARM_scalbn
</UL>
<BR>[Called By]<UL><LI><a href="#[147]">&gt;&gt;</a>&nbsp;&nbsp;&nbsp;TS_Calibration
</UL>

<P><STRONG><a name="[18f]"></a>scalbn</STRONG> (Thumb, 0 bytes, Stack size 16 bytes, dscalb.o(.text), UNUSED)

<P><STRONG><a name="[b1]"></a>__aeabi_i2f</STRONG> (Thumb, 18 bytes, Stack size 0 bytes, fflti.o(.text))
<BR><BR>[Stack]<UL><LI>Max Depth = 4<LI>Call Chain = __aeabi_i2f &rArr; _float_epilogue
</UL>
<BR>[Calls]<UL><LI><a href="#[b2]">&gt;&gt;</a>&nbsp;&nbsp;&nbsp;_float_epilogue
</UL>
<BR>[Called By]<UL><LI><a href="#[177]">&gt;&gt;</a>&nbsp;&nbsp;&nbsp;getDisplayCoordinateY
<LI><a href="#[176]">&gt;&gt;</a>&nbsp;&nbsp;&nbsp;getDisplayCoordinateX
</UL>

<P><STRONG><a name="[b3]"></a>__aeabi_i2d</STRONG> (Thumb, 34 bytes, Stack size 16 bytes, dflti.o(.text))
<BR><BR>[Stack]<UL><LI>Max Depth = 72<LI>Call Chain = __aeabi_i2d &rArr; _double_epilogue &rArr; _double_round
</UL>
<BR>[Calls]<UL><LI><a href="#[ab]">&gt;&gt;</a>&nbsp;&nbsp;&nbsp;_double_epilogue
</UL>
<BR>[Called By]<UL><LI><a href="#[66]">&gt;&gt;</a>&nbsp;&nbsp;&nbsp;SetHistogramVisible
<LI><a href="#[67]">&gt;&gt;</a>&nbsp;&nbsp;&nbsp;SetGraphChartVisible
</UL>

<P><STRONG><a name="[b4]"></a>__aeabi_ui2d</STRONG> (Thumb, 26 bytes, Stack size 16 bytes, dfltui.o(.text))
<BR><BR>[Stack]<UL><LI>Max Depth = 72<LI>Call Chain = __aeabi_ui2d &rArr; _double_epilogue &rArr; _double_round
</UL>
<BR>[Calls]<UL><LI><a href="#[ab]">&gt;&gt;</a>&nbsp;&nbsp;&nbsp;_double_epilogue
</UL>
<BR>[Called By]<UL><LI><a href="#[171]">&gt;&gt;</a>&nbsp;&nbsp;&nbsp;SlidebarLeftRightFunc
<LI><a href="#[93]">&gt;&gt;</a>&nbsp;&nbsp;&nbsp;SlidebarFunc
<LI><a href="#[7b]">&gt;&gt;</a>&nbsp;&nbsp;&nbsp;SlidebarDemoFunc
<LI><a href="#[8d]">&gt;&gt;</a>&nbsp;&nbsp;&nbsp;RButtonFunc3
<LI><a href="#[8c]">&gt;&gt;</a>&nbsp;&nbsp;&nbsp;RButtonFunc2
<LI><a href="#[8b]">&gt;&gt;</a>&nbsp;&nbsp;&nbsp;RButtonFunc1
<LI><a href="#[161]">&gt;&gt;</a>&nbsp;&nbsp;&nbsp;LibPresentation_InitPage9
<LI><a href="#[15f]">&gt;&gt;</a>&nbsp;&nbsp;&nbsp;LibPresentation_InitPage8
<LI><a href="#[15c]">&gt;&gt;</a>&nbsp;&nbsp;&nbsp;LibPresentation_InitPage7
<LI><a href="#[15b]">&gt;&gt;</a>&nbsp;&nbsp;&nbsp;LibPresentation_InitPage6
<LI><a href="#[15a]">&gt;&gt;</a>&nbsp;&nbsp;&nbsp;LibPresentation_InitPage5
<LI><a href="#[159]">&gt;&gt;</a>&nbsp;&nbsp;&nbsp;LibPresentation_InitPage4
<LI><a href="#[158]">&gt;&gt;</a>&nbsp;&nbsp;&nbsp;LibPresentation_InitPage3
<LI><a href="#[157]">&gt;&gt;</a>&nbsp;&nbsp;&nbsp;LibPresentation_InitPage2
<LI><a href="#[156]">&gt;&gt;</a>&nbsp;&nbsp;&nbsp;LibPresentation_InitPage1
<LI><a href="#[155]">&gt;&gt;</a>&nbsp;&nbsp;&nbsp;LibPresentation_InitPage0
<LI><a href="#[82]">&gt;&gt;</a>&nbsp;&nbsp;&nbsp;GeneralBtnFunc
<LI><a href="#[85]">&gt;&gt;</a>&nbsp;&nbsp;&nbsp;EnDisBtnFunc
<LI><a href="#[e4]">&gt;&gt;</a>&nbsp;&nbsp;&nbsp;Demo_InitPage7
<LI><a href="#[e3]">&gt;&gt;</a>&nbsp;&nbsp;&nbsp;Demo_InitPage6
<LI><a href="#[e1]">&gt;&gt;</a>&nbsp;&nbsp;&nbsp;Demo_InitPage5
<LI><a href="#[e0]">&gt;&gt;</a>&nbsp;&nbsp;&nbsp;Demo_InitPage4
<LI><a href="#[de]">&gt;&gt;</a>&nbsp;&nbsp;&nbsp;Demo_InitPage3
<LI><a href="#[dc]">&gt;&gt;</a>&nbsp;&nbsp;&nbsp;Demo_InitPage2
<LI><a href="#[da]">&gt;&gt;</a>&nbsp;&nbsp;&nbsp;Demo_InitPage1
<LI><a href="#[d6]">&gt;&gt;</a>&nbsp;&nbsp;&nbsp;Demo_InitPage0
<LI><a href="#[90]">&gt;&gt;</a>&nbsp;&nbsp;&nbsp;ComboboxFunc
<LI><a href="#[88]">&gt;&gt;</a>&nbsp;&nbsp;&nbsp;CheckboxFunc
<LI><a href="#[147]">&gt;&gt;</a>&nbsp;&nbsp;&nbsp;TS_Calibration
<LI><a href="#[122]">&gt;&gt;</a>&nbsp;&nbsp;&nbsp;Show_HomeScreen
<LI><a href="#[66]">&gt;&gt;</a>&nbsp;&nbsp;&nbsp;SetHistogramVisible
<LI><a href="#[67]">&gt;&gt;</a>&nbsp;&nbsp;&nbsp;SetGraphChartVisible
</UL>

<P><STRONG><a name="[185]"></a>__aeabi_f2uiz</STRONG> (Thumb, 40 bytes, Stack size 0 bytes, ffixui.o(.text))
<BR><BR>[Called By]<UL><LI><a href="#[177]">&gt;&gt;</a>&nbsp;&nbsp;&nbsp;getDisplayCoordinateY
<LI><a href="#[176]">&gt;&gt;</a>&nbsp;&nbsp;&nbsp;getDisplayCoordinateX
</UL>

<P><STRONG><a name="[b5]"></a>__aeabi_d2iz</STRONG> (Thumb, 62 bytes, Stack size 16 bytes, dfixi.o(.text))
<BR><BR>[Stack]<UL><LI>Max Depth = 16<LI>Call Chain = __aeabi_d2iz
</UL>
<BR>[Calls]<UL><LI><a href="#[b6]">&gt;&gt;</a>&nbsp;&nbsp;&nbsp;__aeabi_llsr
</UL>
<BR>[Called By]<UL><LI><a href="#[147]">&gt;&gt;</a>&nbsp;&nbsp;&nbsp;TS_Calibration
</UL>

<P><STRONG><a name="[b7]"></a>__aeabi_d2uiz</STRONG> (Thumb, 46 bytes, Stack size 0 bytes, dfixui.o(.text))
<BR><BR>[Calls]<UL><LI><a href="#[b6]">&gt;&gt;</a>&nbsp;&nbsp;&nbsp;__aeabi_llsr
</UL>
<BR>[Called By]<UL><LI><a href="#[171]">&gt;&gt;</a>&nbsp;&nbsp;&nbsp;SlidebarLeftRightFunc
<LI><a href="#[93]">&gt;&gt;</a>&nbsp;&nbsp;&nbsp;SlidebarFunc
<LI><a href="#[7b]">&gt;&gt;</a>&nbsp;&nbsp;&nbsp;SlidebarDemoFunc
<LI><a href="#[8d]">&gt;&gt;</a>&nbsp;&nbsp;&nbsp;RButtonFunc3
<LI><a href="#[8c]">&gt;&gt;</a>&nbsp;&nbsp;&nbsp;RButtonFunc2
<LI><a href="#[8b]">&gt;&gt;</a>&nbsp;&nbsp;&nbsp;RButtonFunc1
<LI><a href="#[161]">&gt;&gt;</a>&nbsp;&nbsp;&nbsp;LibPresentation_InitPage9
<LI><a href="#[15f]">&gt;&gt;</a>&nbsp;&nbsp;&nbsp;LibPresentation_InitPage8
<LI><a href="#[15c]">&gt;&gt;</a>&nbsp;&nbsp;&nbsp;LibPresentation_InitPage7
<LI><a href="#[15b]">&gt;&gt;</a>&nbsp;&nbsp;&nbsp;LibPresentation_InitPage6
<LI><a href="#[15a]">&gt;&gt;</a>&nbsp;&nbsp;&nbsp;LibPresentation_InitPage5
<LI><a href="#[159]">&gt;&gt;</a>&nbsp;&nbsp;&nbsp;LibPresentation_InitPage4
<LI><a href="#[158]">&gt;&gt;</a>&nbsp;&nbsp;&nbsp;LibPresentation_InitPage3
<LI><a href="#[157]">&gt;&gt;</a>&nbsp;&nbsp;&nbsp;LibPresentation_InitPage2
<LI><a href="#[156]">&gt;&gt;</a>&nbsp;&nbsp;&nbsp;LibPresentation_InitPage1
<LI><a href="#[155]">&gt;&gt;</a>&nbsp;&nbsp;&nbsp;LibPresentation_InitPage0
<LI><a href="#[82]">&gt;&gt;</a>&nbsp;&nbsp;&nbsp;GeneralBtnFunc
<LI><a href="#[85]">&gt;&gt;</a>&nbsp;&nbsp;&nbsp;EnDisBtnFunc
<LI><a href="#[e4]">&gt;&gt;</a>&nbsp;&nbsp;&nbsp;Demo_InitPage7
<LI><a href="#[e3]">&gt;&gt;</a>&nbsp;&nbsp;&nbsp;Demo_InitPage6
<LI><a href="#[e1]">&gt;&gt;</a>&nbsp;&nbsp;&nbsp;Demo_InitPage5
<LI><a href="#[e0]">&gt;&gt;</a>&nbsp;&nbsp;&nbsp;Demo_InitPage4
<LI><a href="#[de]">&gt;&gt;</a>&nbsp;&nbsp;&nbsp;Demo_InitPage3
<LI><a href="#[dc]">&gt;&gt;</a>&nbsp;&nbsp;&nbsp;Demo_InitPage2
<LI><a href="#[da]">&gt;&gt;</a>&nbsp;&nbsp;&nbsp;Demo_InitPage1
<LI><a href="#[d6]">&gt;&gt;</a>&nbsp;&nbsp;&nbsp;Demo_InitPage0
<LI><a href="#[90]">&gt;&gt;</a>&nbsp;&nbsp;&nbsp;ComboboxFunc
<LI><a href="#[88]">&gt;&gt;</a>&nbsp;&nbsp;&nbsp;CheckboxFunc
<LI><a href="#[122]">&gt;&gt;</a>&nbsp;&nbsp;&nbsp;Show_HomeScreen
<LI><a href="#[66]">&gt;&gt;</a>&nbsp;&nbsp;&nbsp;SetHistogramVisible
<LI><a href="#[67]">&gt;&gt;</a>&nbsp;&nbsp;&nbsp;SetGraphChartVisible
</UL>

<P><STRONG><a name="[190]"></a>__aeabi_cdcmpeq</STRONG> (Thumb, 0 bytes, Stack size 0 bytes, cdcmple.o(.text), UNUSED)

<P><STRONG><a name="[16c]"></a>__aeabi_cdcmple</STRONG> (Thumb, 40 bytes, Stack size 0 bytes, cdcmple.o(.text))
<BR><BR>[Called By]<UL><LI><a href="#[66]">&gt;&gt;</a>&nbsp;&nbsp;&nbsp;SetHistogramVisible
<LI><a href="#[67]">&gt;&gt;</a>&nbsp;&nbsp;&nbsp;SetGraphChartVisible
</UL>

<P><STRONG><a name="[16a]"></a>__aeabi_cdrcmple</STRONG> (Thumb, 40 bytes, Stack size 0 bytes, cdrcmple.o(.text))
<BR><BR>[Called By]<UL><LI><a href="#[66]">&gt;&gt;</a>&nbsp;&nbsp;&nbsp;SetHistogramVisible
<LI><a href="#[67]">&gt;&gt;</a>&nbsp;&nbsp;&nbsp;SetGraphChartVisible
<LI><a href="#[181]">&gt;&gt;</a>&nbsp;&nbsp;&nbsp;_fp_digits
</UL>

<P><STRONG><a name="[191]"></a>__aeabi_uidiv</STRONG> (Thumb, 0 bytes, Stack size 12 bytes, uidiv.o(.text), UNUSED)

<P><STRONG><a name="[184]"></a>__aeabi_uidivmod</STRONG> (Thumb, 44 bytes, Stack size 12 bytes, uidiv.o(.text), UNUSED)
<BR><BR>[Called By]<UL><LI><a href="#[180]">&gt;&gt;</a>&nbsp;&nbsp;&nbsp;_printf_core
</UL>

<P><STRONG><a name="[b8]"></a>__aeabi_uldivmod</STRONG> (Thumb, 100 bytes, Stack size 40 bytes, uldiv.o(.text), UNUSED)
<BR><BR>[Calls]<UL><LI><a href="#[b6]">&gt;&gt;</a>&nbsp;&nbsp;&nbsp;__aeabi_llsr
<LI><a href="#[a9]">&gt;&gt;</a>&nbsp;&nbsp;&nbsp;__aeabi_llsl
</UL>
<BR>[Called By]<UL><LI><a href="#[180]">&gt;&gt;</a>&nbsp;&nbsp;&nbsp;_printf_core
<LI><a href="#[181]">&gt;&gt;</a>&nbsp;&nbsp;&nbsp;_fp_digits
</UL>

<P><STRONG><a name="[a9]"></a>__aeabi_llsl</STRONG> (Thumb, 30 bytes, Stack size 0 bytes, llshl.o(.text))
<BR><BR>[Called By]<UL><LI><a href="#[a8]">&gt;&gt;</a>&nbsp;&nbsp;&nbsp;__aeabi_dadd
<LI><a href="#[b8]">&gt;&gt;</a>&nbsp;&nbsp;&nbsp;__aeabi_uldivmod
<LI><a href="#[ab]">&gt;&gt;</a>&nbsp;&nbsp;&nbsp;_double_epilogue
<LI><a href="#[b9]">&gt;&gt;</a>&nbsp;&nbsp;&nbsp;__aeabi_d2ulz
</UL>

<P><STRONG><a name="[192]"></a>_ll_shift_l</STRONG> (Thumb, 0 bytes, Stack size 0 bytes, llshl.o(.text), UNUSED)

<P><STRONG><a name="[b6]"></a>__aeabi_llsr</STRONG> (Thumb, 32 bytes, Stack size 0 bytes, llushr.o(.text))
<BR><BR>[Called By]<UL><LI><a href="#[b7]">&gt;&gt;</a>&nbsp;&nbsp;&nbsp;__aeabi_d2uiz
<LI><a href="#[b5]">&gt;&gt;</a>&nbsp;&nbsp;&nbsp;__aeabi_d2iz
<LI><a href="#[b8]">&gt;&gt;</a>&nbsp;&nbsp;&nbsp;__aeabi_uldivmod
<LI><a href="#[ab]">&gt;&gt;</a>&nbsp;&nbsp;&nbsp;_double_epilogue
<LI><a href="#[b9]">&gt;&gt;</a>&nbsp;&nbsp;&nbsp;__aeabi_d2ulz
</UL>

<P><STRONG><a name="[193]"></a>_ll_ushift_r</STRONG> (Thumb, 0 bytes, Stack size 0 bytes, llushr.o(.text), UNUSED)

<P><STRONG><a name="[aa]"></a>__aeabi_lasr</STRONG> (Thumb, 36 bytes, Stack size 0 bytes, llsshr.o(.text))
<BR><BR>[Called By]<UL><LI><a href="#[a8]">&gt;&gt;</a>&nbsp;&nbsp;&nbsp;__aeabi_dadd
</UL>

<P><STRONG><a name="[194]"></a>_ll_sshift_r</STRONG> (Thumb, 0 bytes, Stack size 0 bytes, llsshr.o(.text), UNUSED)

<P><STRONG><a name="[195]"></a>__I$use$fp</STRONG> (Thumb, 0 bytes, Stack size 0 bytes, iusefp.o(.text), UNUSED)

<P><STRONG><a name="[196]"></a>_float_round</STRONG> (Thumb, 18 bytes, Stack size 0 bytes, fepilogue.o(.text), UNUSED)

<P><STRONG><a name="[b2]"></a>_float_epilogue</STRONG> (Thumb, 90 bytes, Stack size 4 bytes, fepilogue.o(.text))
<BR><BR>[Stack]<UL><LI>Max Depth = 4<LI>Call Chain = _float_epilogue
</UL>
<BR>[Called By]<UL><LI><a href="#[b1]">&gt;&gt;</a>&nbsp;&nbsp;&nbsp;__aeabi_i2f
</UL>

<P><STRONG><a name="[ac]"></a>_double_round</STRONG> (Thumb, 26 bytes, Stack size 8 bytes, depilogue.o(.text))
<BR><BR>[Stack]<UL><LI>Max Depth = 8<LI>Call Chain = _double_round
</UL>
<BR>[Called By]<UL><LI><a href="#[b0]">&gt;&gt;</a>&nbsp;&nbsp;&nbsp;__aeabi_ddiv
<LI><a href="#[a8]">&gt;&gt;</a>&nbsp;&nbsp;&nbsp;__aeabi_dadd
<LI><a href="#[ab]">&gt;&gt;</a>&nbsp;&nbsp;&nbsp;_double_epilogue
</UL>

<P><STRONG><a name="[ab]"></a>_double_epilogue</STRONG> (Thumb, 172 bytes, Stack size 48 bytes, depilogue.o(.text))
<BR><BR>[Stack]<UL><LI>Max Depth = 56<LI>Call Chain = _double_epilogue &rArr; _double_round
</UL>
<BR>[Calls]<UL><LI><a href="#[b6]">&gt;&gt;</a>&nbsp;&nbsp;&nbsp;__aeabi_llsr
<LI><a href="#[a9]">&gt;&gt;</a>&nbsp;&nbsp;&nbsp;__aeabi_llsl
<LI><a href="#[ac]">&gt;&gt;</a>&nbsp;&nbsp;&nbsp;_double_round
</UL>
<BR>[Called By]<UL><LI><a href="#[b4]">&gt;&gt;</a>&nbsp;&nbsp;&nbsp;__aeabi_ui2d
<LI><a href="#[af]">&gt;&gt;</a>&nbsp;&nbsp;&nbsp;__aeabi_dmul
<LI><a href="#[b3]">&gt;&gt;</a>&nbsp;&nbsp;&nbsp;__aeabi_i2d
<LI><a href="#[a8]">&gt;&gt;</a>&nbsp;&nbsp;&nbsp;__aeabi_dadd
</UL>

<P><STRONG><a name="[b9]"></a>__aeabi_d2ulz</STRONG> (Thumb, 48 bytes, Stack size 0 bytes, dfixul.o(.text), UNUSED)
<BR><BR>[Calls]<UL><LI><a href="#[b6]">&gt;&gt;</a>&nbsp;&nbsp;&nbsp;__aeabi_llsr
<LI><a href="#[a9]">&gt;&gt;</a>&nbsp;&nbsp;&nbsp;__aeabi_llsl
</UL>
<BR>[Called By]<UL><LI><a href="#[181]">&gt;&gt;</a>&nbsp;&nbsp;&nbsp;_fp_digits
</UL>

<P><STRONG><a name="[a4]"></a>__scatterload</STRONG> (Thumb, 28 bytes, Stack size 0 bytes, init.o(.text))
<BR><BR>[Calls]<UL><LI><a href="#[ba]">&gt;&gt;</a>&nbsp;&nbsp;&nbsp;__main_after_scatterload
</UL>
<BR>[Called By]<UL><LI><a href="#[a3]">&gt;&gt;</a>&nbsp;&nbsp;&nbsp;_main_scatterload
</UL>

<P><STRONG><a name="[197]"></a>__scatterload_rt2</STRONG> (Thumb, 0 bytes, Stack size 0 bytes, init.o(.text), UNUSED)

<P><STRONG><a name="[198]"></a>__decompress</STRONG> (Thumb, 0 bytes, Stack size unknown bytes, __dczerorl2.o(.text), UNUSED)

<P><STRONG><a name="[199]"></a>__decompress1</STRONG> (Thumb, 92 bytes, Stack size unknown bytes, __dczerorl2.o(.text), UNUSED)

<P><STRONG><a name="[9e]"></a>AddComboOption</STRONG> (Thumb, 96 bytes, Stack size 24 bytes, graphicobject.o(i.AddComboOption))
<BR><BR>[Stack]<UL><LI>Max Depth = 56<LI>Call Chain = AddComboOption &rArr; GL_SetStringFieldValue &rArr; strncpy
</UL>
<BR>[Calls]<UL><LI><a href="#[bc]">&gt;&gt;</a>&nbsp;&nbsp;&nbsp;GL_SetStringFieldValue
<LI><a href="#[bb]">&gt;&gt;</a>&nbsp;&nbsp;&nbsp;malloc
</UL>
<BR>[Called By]<UL><LI><a href="#[15a]">&gt;&gt;</a>&nbsp;&nbsp;&nbsp;LibPresentation_InitPage5
<LI><a href="#[e0]">&gt;&gt;</a>&nbsp;&nbsp;&nbsp;Demo_InitPage4
</UL>
<BR>[Address Reference Count : 1]<UL><LI> graphicobject.o(i.NewComboBoxGrp)
</UL>
<P><STRONG><a name="[bd]"></a>AddPageControlObj</STRONG> (Thumb, 432 bytes, Stack size 24 bytes, graphicobject.o(i.AddPageControlObj))
<BR><BR>[Stack]<UL><LI>Max Depth = 60 + In Cycle
<LI>Call Chain = AddPageControlObj &rArr;  AddPageControlObj (Cycle)
</UL>
<BR>[Calls]<UL><LI><a href="#[be]">&gt;&gt;</a>&nbsp;&nbsp;&nbsp;NewComboBoxGrp
<LI><a href="#[bd]">&gt;&gt;</a>&nbsp;&nbsp;&nbsp;AddPageControlObj
</UL>
<BR>[Called By]<UL><LI><a href="#[bd]">&gt;&gt;</a>&nbsp;&nbsp;&nbsp;AddPageControlObj
<LI><a href="#[161]">&gt;&gt;</a>&nbsp;&nbsp;&nbsp;LibPresentation_InitPage9
<LI><a href="#[15f]">&gt;&gt;</a>&nbsp;&nbsp;&nbsp;LibPresentation_InitPage8
<LI><a href="#[15c]">&gt;&gt;</a>&nbsp;&nbsp;&nbsp;LibPresentation_InitPage7
<LI><a href="#[15b]">&gt;&gt;</a>&nbsp;&nbsp;&nbsp;LibPresentation_InitPage6
<LI><a href="#[15a]">&gt;&gt;</a>&nbsp;&nbsp;&nbsp;LibPresentation_InitPage5
<LI><a href="#[159]">&gt;&gt;</a>&nbsp;&nbsp;&nbsp;LibPresentation_InitPage4
<LI><a href="#[158]">&gt;&gt;</a>&nbsp;&nbsp;&nbsp;LibPresentation_InitPage3
<LI><a href="#[157]">&gt;&gt;</a>&nbsp;&nbsp;&nbsp;LibPresentation_InitPage2
<LI><a href="#[156]">&gt;&gt;</a>&nbsp;&nbsp;&nbsp;LibPresentation_InitPage1
<LI><a href="#[155]">&gt;&gt;</a>&nbsp;&nbsp;&nbsp;LibPresentation_InitPage0
<LI><a href="#[e4]">&gt;&gt;</a>&nbsp;&nbsp;&nbsp;Demo_InitPage7
<LI><a href="#[e3]">&gt;&gt;</a>&nbsp;&nbsp;&nbsp;Demo_InitPage6
<LI><a href="#[e1]">&gt;&gt;</a>&nbsp;&nbsp;&nbsp;Demo_InitPage5
<LI><a href="#[e0]">&gt;&gt;</a>&nbsp;&nbsp;&nbsp;Demo_InitPage4
<LI><a href="#[de]">&gt;&gt;</a>&nbsp;&nbsp;&nbsp;Demo_InitPage3
<LI><a href="#[dc]">&gt;&gt;</a>&nbsp;&nbsp;&nbsp;Demo_InitPage2
<LI><a href="#[da]">&gt;&gt;</a>&nbsp;&nbsp;&nbsp;Demo_InitPage1
<LI><a href="#[d6]">&gt;&gt;</a>&nbsp;&nbsp;&nbsp;Demo_InitPage0
<LI><a href="#[122]">&gt;&gt;</a>&nbsp;&nbsp;&nbsp;Show_HomeScreen
</UL>

<P><STRONG><a name="[9f]"></a>AddRadioOption</STRONG> (Thumb, 126 bytes, Stack size 24 bytes, graphicobject.o(i.AddRadioOption))
<BR><BR>[Stack]<UL><LI>Max Depth = 56<LI>Call Chain = AddRadioOption &rArr; GL_SetStringFieldValue &rArr; strncpy
</UL>
<BR>[Calls]<UL><LI><a href="#[bc]">&gt;&gt;</a>&nbsp;&nbsp;&nbsp;GL_SetStringFieldValue
<LI><a href="#[bb]">&gt;&gt;</a>&nbsp;&nbsp;&nbsp;malloc
<LI><a href="#[bf]">&gt;&gt;</a>&nbsp;&nbsp;&nbsp;free
</UL>
<BR>[Address Reference Count : 1]<UL><LI> graphicobject.o(i.NewRadioButtonGrp)
</UL>
<P><STRONG><a name="[4]"></a>BusFault_Handler</STRONG> (Thumb, 2 bytes, Stack size 0 bytes, stm32f2xx_it.o(i.BusFault_Handler))
<BR><BR>[Calls]<UL><LI><a href="#[4]">&gt;&gt;</a>&nbsp;&nbsp;&nbsp;BusFault_Handler
</UL>
<BR>[Called By]<UL><LI><a href="#[4]">&gt;&gt;</a>&nbsp;&nbsp;&nbsp;BusFault_Handler
</UL>
<BR>[Address Reference Count : 1]<UL><LI> startup_stm32f2xx.o(RESET)
</UL>
<P><STRONG><a name="[c6]"></a>CatchInputEvents</STRONG> (Thumb, 16 bytes, Stack size 8 bytes, main.o(i.CatchInputEvents))
<BR><BR>[Stack]<UL><LI>Max Depth = 204<LI>Call Chain = CatchInputEvents &rArr; CursorReadJoystick &rArr; GL_JoyStickState &rArr; GL_JoyStickStateIOEXP &rArr; IOE_IsOperational &rArr; IOE_ReadID &rArr; I2C_ReadDeviceRegister &rArr; IOE_DMA_Config &rArr; DMA_DeInit
</UL>
<BR>[Calls]<UL><LI><a href="#[c7]">&gt;&gt;</a>&nbsp;&nbsp;&nbsp;TSC_Read
<LI><a href="#[c8]">&gt;&gt;</a>&nbsp;&nbsp;&nbsp;CursorReadJoystick
</UL>
<BR>[Called By]<UL><LI><a href="#[5b]">&gt;&gt;</a>&nbsp;&nbsp;&nbsp;main
</UL>

<P><STRONG><a name="[165]"></a>CompareCoordinates</STRONG> (Thumb, 48 bytes, Stack size 20 bytes, graphicobject.o(i.CompareCoordinates))
<BR><BR>[Stack]<UL><LI>Max Depth = 20<LI>Call Chain = CompareCoordinates
</UL>
<BR>[Called By]<UL><LI><a href="#[164]">&gt;&gt;</a>&nbsp;&nbsp;&nbsp;ProcessInputData
</UL>

<P><STRONG><a name="[167]"></a>CompareJoyCoordinates</STRONG> (Thumb, 46 bytes, Stack size 20 bytes, graphicobject.o(i.CompareJoyCoordinates))
<BR><BR>[Stack]<UL><LI>Max Depth = 20<LI>Call Chain = CompareJoyCoordinates
</UL>
<BR>[Called By]<UL><LI><a href="#[164]">&gt;&gt;</a>&nbsp;&nbsp;&nbsp;ProcessInputData
</UL>

<P><STRONG><a name="[cc]"></a>Create_PageObj</STRONG> (Thumb, 82 bytes, Stack size 8 bytes, graphicobject.o(i.Create_PageObj))
<BR><BR>[Stack]<UL><LI>Max Depth = 8<LI>Call Chain = Create_PageObj
</UL>
<BR>[Calls]<UL><LI><a href="#[cd]">&gt;&gt;</a>&nbsp;&nbsp;&nbsp;__aeabi_memclr4
</UL>
<BR>[Called By]<UL><LI><a href="#[161]">&gt;&gt;</a>&nbsp;&nbsp;&nbsp;LibPresentation_InitPage9
<LI><a href="#[15f]">&gt;&gt;</a>&nbsp;&nbsp;&nbsp;LibPresentation_InitPage8
<LI><a href="#[15c]">&gt;&gt;</a>&nbsp;&nbsp;&nbsp;LibPresentation_InitPage7
<LI><a href="#[15b]">&gt;&gt;</a>&nbsp;&nbsp;&nbsp;LibPresentation_InitPage6
<LI><a href="#[15a]">&gt;&gt;</a>&nbsp;&nbsp;&nbsp;LibPresentation_InitPage5
<LI><a href="#[159]">&gt;&gt;</a>&nbsp;&nbsp;&nbsp;LibPresentation_InitPage4
<LI><a href="#[158]">&gt;&gt;</a>&nbsp;&nbsp;&nbsp;LibPresentation_InitPage3
<LI><a href="#[157]">&gt;&gt;</a>&nbsp;&nbsp;&nbsp;LibPresentation_InitPage2
<LI><a href="#[156]">&gt;&gt;</a>&nbsp;&nbsp;&nbsp;LibPresentation_InitPage1
<LI><a href="#[155]">&gt;&gt;</a>&nbsp;&nbsp;&nbsp;LibPresentation_InitPage0
<LI><a href="#[e4]">&gt;&gt;</a>&nbsp;&nbsp;&nbsp;Demo_InitPage7
<LI><a href="#[e3]">&gt;&gt;</a>&nbsp;&nbsp;&nbsp;Demo_InitPage6
<LI><a href="#[e1]">&gt;&gt;</a>&nbsp;&nbsp;&nbsp;Demo_InitPage5
<LI><a href="#[e0]">&gt;&gt;</a>&nbsp;&nbsp;&nbsp;Demo_InitPage4
<LI><a href="#[de]">&gt;&gt;</a>&nbsp;&nbsp;&nbsp;Demo_InitPage3
<LI><a href="#[dc]">&gt;&gt;</a>&nbsp;&nbsp;&nbsp;Demo_InitPage2
<LI><a href="#[da]">&gt;&gt;</a>&nbsp;&nbsp;&nbsp;Demo_InitPage1
<LI><a href="#[d6]">&gt;&gt;</a>&nbsp;&nbsp;&nbsp;Demo_InitPage0
<LI><a href="#[122]">&gt;&gt;</a>&nbsp;&nbsp;&nbsp;Show_HomeScreen
</UL>

<P><STRONG><a name="[c5]"></a>CursorDraw</STRONG> (Thumb, 352 bytes, Stack size 56 bytes, cursor.o(i.CursorDraw))
<BR><BR>[Stack]<UL><LI>Max Depth = 76<LI>Call Chain = CursorDraw &rArr; LCD_PutPixel &rArr; LCD_SetCursor
</UL>
<BR>[Calls]<UL><LI><a href="#[ce]">&gt;&gt;</a>&nbsp;&nbsp;&nbsp;LCD_PutPixel
<LI><a href="#[cf]">&gt;&gt;</a>&nbsp;&nbsp;&nbsp;LCD_GetPixel
</UL>
<BR>[Called By]<UL><LI><a href="#[164]">&gt;&gt;</a>&nbsp;&nbsp;&nbsp;ProcessInputData
<LI><a href="#[d5]">&gt;&gt;</a>&nbsp;&nbsp;&nbsp;CursorShow
<LI><a href="#[d1]">&gt;&gt;</a>&nbsp;&nbsp;&nbsp;CursorPosition
<LI><a href="#[68]">&gt;&gt;</a>&nbsp;&nbsp;&nbsp;ShowPage
<LI><a href="#[65]">&gt;&gt;</a>&nbsp;&nbsp;&nbsp;SetSlidebarVisible
<LI><a href="#[c2]">&gt;&gt;</a>&nbsp;&nbsp;&nbsp;CallPreEvents
</UL>

<P><STRONG><a name="[d0]"></a>CursorInit</STRONG> (Thumb, 60 bytes, Stack size 16 bytes, cursor.o(i.CursorInit))
<BR><BR>[Stack]<UL><LI>Max Depth = 36<LI>Call Chain = CursorInit &rArr; malloc
</UL>
<BR>[Calls]<UL><LI><a href="#[bb]">&gt;&gt;</a>&nbsp;&nbsp;&nbsp;malloc
</UL>
<BR>[Called By]<UL><LI><a href="#[5b]">&gt;&gt;</a>&nbsp;&nbsp;&nbsp;main
</UL>

<P><STRONG><a name="[d1]"></a>CursorPosition</STRONG> (Thumb, 26 bytes, Stack size 16 bytes, cursor.o(i.CursorPosition))
<BR><BR>[Stack]<UL><LI>Max Depth = 92<LI>Call Chain = CursorPosition &rArr; CursorDraw &rArr; LCD_PutPixel &rArr; LCD_SetCursor
</UL>
<BR>[Calls]<UL><LI><a href="#[c5]">&gt;&gt;</a>&nbsp;&nbsp;&nbsp;CursorDraw
</UL>
<BR>[Called By]<UL><LI><a href="#[d4]">&gt;&gt;</a>&nbsp;&nbsp;&nbsp;CursorStepMove
</UL>

<P><STRONG><a name="[c8]"></a>CursorReadJoystick</STRONG> (Thumb, 122 bytes, Stack size 16 bytes, cursor.o(i.CursorReadJoystick))
<BR><BR>[Stack]<UL><LI>Max Depth = 196<LI>Call Chain = CursorReadJoystick &rArr; GL_JoyStickState &rArr; GL_JoyStickStateIOEXP &rArr; IOE_IsOperational &rArr; IOE_ReadID &rArr; I2C_ReadDeviceRegister &rArr; IOE_DMA_Config &rArr; DMA_DeInit
</UL>
<BR>[Calls]<UL><LI><a href="#[d4]">&gt;&gt;</a>&nbsp;&nbsp;&nbsp;CursorStepMove
<LI><a href="#[d2]">&gt;&gt;</a>&nbsp;&nbsp;&nbsp;GL_JoyStickState
<LI><a href="#[d3]">&gt;&gt;</a>&nbsp;&nbsp;&nbsp;GL_GPIO_ReadInputDataBit
</UL>
<BR>[Called By]<UL><LI><a href="#[c6]">&gt;&gt;</a>&nbsp;&nbsp;&nbsp;CatchInputEvents
</UL>

<P><STRONG><a name="[d5]"></a>CursorShow</STRONG> (Thumb, 6 bytes, Stack size 0 bytes, cursor.o(i.CursorShow))
<BR><BR>[Stack]<UL><LI>Max Depth = 76<LI>Call Chain = CursorShow &rArr; CursorDraw &rArr; LCD_PutPixel &rArr; LCD_SetCursor
</UL>
<BR>[Calls]<UL><LI><a href="#[c5]">&gt;&gt;</a>&nbsp;&nbsp;&nbsp;CursorDraw
</UL>
<BR>[Called By]<UL><LI><a href="#[5b]">&gt;&gt;</a>&nbsp;&nbsp;&nbsp;main
</UL>

<P><STRONG><a name="[d4]"></a>CursorStepMove</STRONG> (Thumb, 112 bytes, Stack size 8 bytes, cursor.o(i.CursorStepMove))
<BR><BR>[Stack]<UL><LI>Max Depth = 100<LI>Call Chain = CursorStepMove &rArr; CursorPosition &rArr; CursorDraw &rArr; LCD_PutPixel &rArr; LCD_SetCursor
</UL>
<BR>[Calls]<UL><LI><a href="#[c4]">&gt;&gt;</a>&nbsp;&nbsp;&nbsp;GL_Delay
<LI><a href="#[d1]">&gt;&gt;</a>&nbsp;&nbsp;&nbsp;CursorPosition
</UL>
<BR>[Called By]<UL><LI><a href="#[c8]">&gt;&gt;</a>&nbsp;&nbsp;&nbsp;CursorReadJoystick
</UL>

<P><STRONG><a name="[131]"></a>DMA_ClearFlag</STRONG> (Thumb, 32 bytes, Stack size 0 bytes, stm32f2xx_dma.o(i.DMA_ClearFlag))
<BR><BR>[Called By]<UL><LI><a href="#[111]">&gt;&gt;</a>&nbsp;&nbsp;&nbsp;I2C_WriteDeviceRegister
<LI><a href="#[110]">&gt;&gt;</a>&nbsp;&nbsp;&nbsp;I2C_ReadDeviceRegister
<LI><a href="#[125]">&gt;&gt;</a>&nbsp;&nbsp;&nbsp;I2C_ReadDataBuffer
</UL>

<P><STRONG><a name="[12e]"></a>DMA_Cmd</STRONG> (Thumb, 20 bytes, Stack size 0 bytes, stm32f2xx_dma.o(i.DMA_Cmd))
<BR><BR>[Called By]<UL><LI><a href="#[111]">&gt;&gt;</a>&nbsp;&nbsp;&nbsp;I2C_WriteDeviceRegister
<LI><a href="#[110]">&gt;&gt;</a>&nbsp;&nbsp;&nbsp;I2C_ReadDeviceRegister
<LI><a href="#[125]">&gt;&gt;</a>&nbsp;&nbsp;&nbsp;I2C_ReadDataBuffer
</UL>

<P><STRONG><a name="[13b]"></a>DMA_DeInit</STRONG> (Thumb, 272 bytes, Stack size 28 bytes, stm32f2xx_dma.o(i.DMA_DeInit))
<BR><BR>[Stack]<UL><LI>Max Depth = 28<LI>Call Chain = DMA_DeInit
</UL>
<BR>[Called By]<UL><LI><a href="#[126]">&gt;&gt;</a>&nbsp;&nbsp;&nbsp;IOE_DMA_Config
</UL>

<P><STRONG><a name="[12f]"></a>DMA_GetFlagStatus</STRONG> (Thumb, 40 bytes, Stack size 0 bytes, stm32f2xx_dma.o(i.DMA_GetFlagStatus))
<BR><BR>[Called By]<UL><LI><a href="#[111]">&gt;&gt;</a>&nbsp;&nbsp;&nbsp;I2C_WriteDeviceRegister
<LI><a href="#[110]">&gt;&gt;</a>&nbsp;&nbsp;&nbsp;I2C_ReadDeviceRegister
<LI><a href="#[125]">&gt;&gt;</a>&nbsp;&nbsp;&nbsp;I2C_ReadDataBuffer
</UL>

<P><STRONG><a name="[13c]"></a>DMA_Init</STRONG> (Thumb, 80 bytes, Stack size 12 bytes, stm32f2xx_dma.o(i.DMA_Init))
<BR><BR>[Stack]<UL><LI>Max Depth = 12<LI>Call Chain = DMA_Init
</UL>
<BR>[Called By]<UL><LI><a href="#[126]">&gt;&gt;</a>&nbsp;&nbsp;&nbsp;IOE_DMA_Config
</UL>

<P><STRONG><a name="[7]"></a>DebugMon_Handler</STRONG> (Thumb, 2 bytes, Stack size 0 bytes, stm32f2xx_it.o(i.DebugMon_Handler))
<BR>[Address Reference Count : 1]<UL><LI> startup_stm32f2xx.o(RESET)
</UL>
<P><STRONG><a name="[e5]"></a>DestroyPage</STRONG> (Thumb, 100 bytes, Stack size 16 bytes, graphicobject.o(i.DestroyPage))
<BR><BR>[Stack]<UL><LI>Max Depth = 56<LI>Call Chain = DestroyPage &rArr; DestroyPageControl &rArr; free
</UL>
<BR>[Calls]<UL><LI><a href="#[e6]">&gt;&gt;</a>&nbsp;&nbsp;&nbsp;DestroyPageControl
</UL>
<BR>[Called By]<UL><LI><a href="#[c0]">&gt;&gt;</a>&nbsp;&nbsp;&nbsp;MENU_LibPresentation_SwitchPage
<LI><a href="#[c1]">&gt;&gt;</a>&nbsp;&nbsp;&nbsp;MENU_DemoPresentation_SwitchPage
<LI><a href="#[80]">&gt;&gt;</a>&nbsp;&nbsp;&nbsp;HomeFuncLibrary
<LI><a href="#[6e]">&gt;&gt;</a>&nbsp;&nbsp;&nbsp;HomeFuncDemo
<LI><a href="#[7e]">&gt;&gt;</a>&nbsp;&nbsp;&nbsp;FinishBtnFunc
</UL>

<P><STRONG><a name="[e6]"></a>DestroyPageControl</STRONG> (Thumb, 268 bytes, Stack size 32 bytes, graphicobject.o(i.DestroyPageControl))
<BR><BR>[Stack]<UL><LI>Max Depth = 40<LI>Call Chain = DestroyPageControl &rArr; free
</UL>
<BR>[Calls]<UL><LI><a href="#[a5]">&gt;&gt;</a>&nbsp;&nbsp;&nbsp;__aeabi_memclr
<LI><a href="#[bf]">&gt;&gt;</a>&nbsp;&nbsp;&nbsp;free
</UL>
<BR>[Called By]<UL><LI><a href="#[e5]">&gt;&gt;</a>&nbsp;&nbsp;&nbsp;DestroyPage
</UL>

<P><STRONG><a name="[12]"></a>EXTI2_IRQHandler</STRONG> (Thumb, 4 bytes, Stack size 0 bytes, stm32f2xx_it.o(i.EXTI2_IRQHandler))
<BR><BR>[Stack]<UL><LI>Max Depth = 164<LI>Call Chain = EXTI2_IRQHandler &rArr; GL_EXTI_TSC_IRQHandler &rArr; TSC_Read &rArr; I2C_WriteDeviceRegister &rArr; IOE_DMA_Config &rArr; DMA_DeInit
</UL>
<BR>[Calls]<UL><LI><a href="#[e7]">&gt;&gt;</a>&nbsp;&nbsp;&nbsp;GL_EXTI_TSC_IRQHandler
</UL>
<BR>[Address Reference Count : 1]<UL><LI> startup_stm32f2xx.o(RESET)
</UL>
<P><STRONG><a name="[108]"></a>EXTI_ClearITPendingBit</STRONG> (Thumb, 6 bytes, Stack size 0 bytes, stm32f2xx_exti.o(i.EXTI_ClearITPendingBit))
<BR><BR>[Called By]<UL><LI><a href="#[e7]">&gt;&gt;</a>&nbsp;&nbsp;&nbsp;GL_EXTI_TSC_IRQHandler
</UL>

<P><STRONG><a name="[105]"></a>EXTI_GetITStatus</STRONG> (Thumb, 26 bytes, Stack size 0 bytes, stm32f2xx_exti.o(i.EXTI_GetITStatus))
<BR><BR>[Called By]<UL><LI><a href="#[e7]">&gt;&gt;</a>&nbsp;&nbsp;&nbsp;GL_EXTI_TSC_IRQHandler
</UL>

<P><STRONG><a name="[17a]"></a>FLASH_ClearFlag</STRONG> (Thumb, 6 bytes, Stack size 0 bytes, stm32f2xx_flash.o(i.FLASH_ClearFlag))
<BR><BR>[Called By]<UL><LI><a href="#[178]">&gt;&gt;</a>&nbsp;&nbsp;&nbsp;TSC_WriteDataToNVM
</UL>

<P><STRONG><a name="[e8]"></a>FLASH_EraseSector</STRONG> (Thumb, 108 bytes, Stack size 12 bytes, stm32f2xx_flash.o(i.FLASH_EraseSector))
<BR><BR>[Stack]<UL><LI>Max Depth = 16<LI>Call Chain = FLASH_EraseSector &rArr; FLASH_WaitForLastOperation
</UL>
<BR>[Calls]<UL><LI><a href="#[e9]">&gt;&gt;</a>&nbsp;&nbsp;&nbsp;FLASH_WaitForLastOperation
</UL>
<BR>[Called By]<UL><LI><a href="#[174]">&gt;&gt;</a>&nbsp;&nbsp;&nbsp;TSC_FLASH_ErasePage
</UL>

<P><STRONG><a name="[eb]"></a>FLASH_GetStatus</STRONG> (Thumb, 54 bytes, Stack size 0 bytes, stm32f2xx_flash.o(i.FLASH_GetStatus))
<BR><BR>[Called By]<UL><LI><a href="#[e9]">&gt;&gt;</a>&nbsp;&nbsp;&nbsp;FLASH_WaitForLastOperation
</UL>

<P><STRONG><a name="[ea]"></a>FLASH_ProgramWord</STRONG> (Thumb, 56 bytes, Stack size 12 bytes, stm32f2xx_flash.o(i.FLASH_ProgramWord))
<BR><BR>[Stack]<UL><LI>Max Depth = 16<LI>Call Chain = FLASH_ProgramWord &rArr; FLASH_WaitForLastOperation
</UL>
<BR>[Calls]<UL><LI><a href="#[e9]">&gt;&gt;</a>&nbsp;&nbsp;&nbsp;FLASH_WaitForLastOperation
</UL>
<BR>[Called By]<UL><LI><a href="#[175]">&gt;&gt;</a>&nbsp;&nbsp;&nbsp;TSC_FLASH_ProgramWord
</UL>

<P><STRONG><a name="[179]"></a>FLASH_Unlock</STRONG> (Thumb, 24 bytes, Stack size 0 bytes, stm32f2xx_flash.o(i.FLASH_Unlock))
<BR><BR>[Called By]<UL><LI><a href="#[178]">&gt;&gt;</a>&nbsp;&nbsp;&nbsp;TSC_WriteDataToNVM
</UL>

<P><STRONG><a name="[e9]"></a>FLASH_WaitForLastOperation</STRONG> (Thumb, 14 bytes, Stack size 4 bytes, stm32f2xx_flash.o(i.FLASH_WaitForLastOperation))
<BR><BR>[Stack]<UL><LI>Max Depth = 4<LI>Call Chain = FLASH_WaitForLastOperation
</UL>
<BR>[Calls]<UL><LI><a href="#[eb]">&gt;&gt;</a>&nbsp;&nbsp;&nbsp;FLASH_GetStatus
</UL>
<BR>[Called By]<UL><LI><a href="#[ea]">&gt;&gt;</a>&nbsp;&nbsp;&nbsp;FLASH_ProgramWord
<LI><a href="#[e8]">&gt;&gt;</a>&nbsp;&nbsp;&nbsp;FLASH_EraseSector
</UL>

<P><STRONG><a name="[14f]"></a>FSMC_NORSRAMCmd</STRONG> (Thumb, 28 bytes, Stack size 0 bytes, stm32f2xx_fsmc.o(i.FSMC_NORSRAMCmd))
<BR><BR>[Called By]<UL><LI><a href="#[14c]">&gt;&gt;</a>&nbsp;&nbsp;&nbsp;LCD_FSMCConfig
</UL>

<P><STRONG><a name="[14e]"></a>FSMC_NORSRAMInit</STRONG> (Thumb, 192 bytes, Stack size 12 bytes, stm32f2xx_fsmc.o(i.FSMC_NORSRAMInit))
<BR><BR>[Stack]<UL><LI>Max Depth = 12<LI>Call Chain = FSMC_NORSRAMInit
</UL>
<BR>[Called By]<UL><LI><a href="#[14c]">&gt;&gt;</a>&nbsp;&nbsp;&nbsp;LCD_FSMCConfig
</UL>

[...]
<BR><BR>[Stack]<UL><LI>Max Depth = 20<LI>Call Chain = SwitchDemoBtnFunc &rArr; GetObjStatus
</UL>
<BR>[Calls]<UL><LI><a href="#[6a]">&gt;&gt;</a>&nbsp;&nbsp;&nbsp;GetObjStatus
</UL>
<BR>[Address Reference Count : 1]<UL><LI> menu.o(i.Demo_InitPage1)
</UL>
<P><STRONG><a name="[168]"></a>delay</STRONG> (Thumb, 14 bytes, Stack size 0 bytes, stm322xg_eval_lcd.o(i.delay))
<BR><BR>[Called By]<UL><LI><a href="#[115]">&gt;&gt;</a>&nbsp;&nbsp;&nbsp;STM322xG_LCD_Init
</UL>

<P><STRONG><a name="[126]"></a>IOE_DMA_Config</STRONG> (Thumb, 102 bytes, Stack size 72 bytes, stm322xg_eval_ioe.o(i.IOE_DMA_Config))
<BR><BR>[Stack]<UL><LI>Max Depth = 100<LI>Call Chain = IOE_DMA_Config &rArr; DMA_DeInit
</UL>
<BR>[Calls]<UL><LI><a href="#[f4]">&gt;&gt;</a>&nbsp;&nbsp;&nbsp;RCC_AHB1PeriphClockCmd
<LI><a href="#[13c]">&gt;&gt;</a>&nbsp;&nbsp;&nbsp;DMA_Init
<LI><a href="#[13b]">&gt;&gt;</a>&nbsp;&nbsp;&nbsp;DMA_DeInit
</UL>
<BR>[Called By]<UL><LI><a href="#[111]">&gt;&gt;</a>&nbsp;&nbsp;&nbsp;I2C_WriteDeviceRegister
<LI><a href="#[110]">&gt;&gt;</a>&nbsp;&nbsp;&nbsp;I2C_ReadDeviceRegister
<LI><a href="#[125]">&gt;&gt;</a>&nbsp;&nbsp;&nbsp;I2C_ReadDataBuffer
</UL>

<P><STRONG><a name="[132]"></a>IOE_GPIO_Config</STRONG> (Thumb, 144 bytes, Stack size 24 bytes, stm322xg_eval_ioe.o(i.IOE_GPIO_Config))
<BR><BR>[Stack]<UL><LI>Max Depth = 44<LI>Call Chain = IOE_GPIO_Config &rArr; GPIO_Init
</UL>
<BR>[Calls]<UL><LI><a href="#[141]">&gt;&gt;</a>&nbsp;&nbsp;&nbsp;SYSCFG_EXTILineConfig
<LI><a href="#[13e]">&gt;&gt;</a>&nbsp;&nbsp;&nbsp;RCC_APB2PeriphClockCmd
<LI><a href="#[13f]">&gt;&gt;</a>&nbsp;&nbsp;&nbsp;RCC_APB1PeriphResetCmd
<LI><a href="#[13d]">&gt;&gt;</a>&nbsp;&nbsp;&nbsp;RCC_APB1PeriphClockCmd
<LI><a href="#[f4]">&gt;&gt;</a>&nbsp;&nbsp;&nbsp;RCC_AHB1PeriphClockCmd
<LI><a href="#[140]">&gt;&gt;</a>&nbsp;&nbsp;&nbsp;GPIO_PinAFConfig
<LI><a href="#[f5]">&gt;&gt;</a>&nbsp;&nbsp;&nbsp;GPIO_Init
</UL>
<BR>[Called By]<UL><LI><a href="#[10b]">&gt;&gt;</a>&nbsp;&nbsp;&nbsp;IOE_Config
</UL>

<P><STRONG><a name="[143]"></a>delay</STRONG> (Thumb, 14 bytes, Stack size 0 bytes, stm322xg_eval_ioe.o(i.delay))
<BR><BR>[Called By]<UL><LI><a href="#[139]">&gt;&gt;</a>&nbsp;&nbsp;&nbsp;IOE_TS_Config
<LI><a href="#[133]">&gt;&gt;</a>&nbsp;&nbsp;&nbsp;IOE_Reset
</UL>

<P><STRONG><a name="[fc]"></a>BmpBuffer32BitRead</STRONG> (Thumb, 34 bytes, Stack size 0 bytes, lcdhal.o(i.BmpBuffer32BitRead))
<BR><BR>[Called By]<UL><LI><a href="#[14b]">&gt;&gt;</a>&nbsp;&nbsp;&nbsp;LCD_DrawColorBMP
<LI><a href="#[fb]">&gt;&gt;</a>&nbsp;&nbsp;&nbsp;GL_DrawBMP
</UL>

<P><STRONG><a name="[17c]"></a>TS_SaveCalibrationVariables</STRONG> (Thumb, 68 bytes, Stack size 40 bytes, touchscreen.o(i.TS_SaveCalibrationVariables))
<BR><BR>[Stack]<UL><LI>Max Depth = 88<LI>Call Chain = TS_SaveCalibrationVariables &rArr; TSC_WriteDataToNVM &rArr; TSC_FLASH_ErasePage &rArr; FLASH_EraseSector &rArr; FLASH_WaitForLastOperation
</UL>
<BR>[Calls]<UL><LI><a href="#[178]">&gt;&gt;</a>&nbsp;&nbsp;&nbsp;TSC_WriteDataToNVM
</UL>
<BR>[Called By]<UL><LI><a href="#[147]">&gt;&gt;</a>&nbsp;&nbsp;&nbsp;TS_Calibration
</UL>

<P><STRONG><a name="[166]"></a>CallEvent</STRONG> (Thumb, 136 bytes, Stack size 0 bytes, graphicobject.o(i.CallEvent))
<BR><BR>[Called By]<UL><LI><a href="#[164]">&gt;&gt;</a>&nbsp;&nbsp;&nbsp;ProcessInputData
</UL>

<P><STRONG><a name="[c2]"></a>CallPreEvents</STRONG> (Thumb, 504 bytes, Stack size 32 bytes, graphicobject.o(i.CallPreEvents))
<BR><BR>[Stack]<UL><LI>Max Depth = 108<LI>Call Chain = CallPreEvents &rArr; CursorDraw &rArr; LCD_PutPixel &rArr; LCD_SetCursor
</UL>
<BR>[Calls]<UL><LI><a href="#[c3]">&gt;&gt;</a>&nbsp;&nbsp;&nbsp;GL_DrawButtonBMP
<LI><a href="#[c4]">&gt;&gt;</a>&nbsp;&nbsp;&nbsp;GL_Delay
<LI><a href="#[c5]">&gt;&gt;</a>&nbsp;&nbsp;&nbsp;CursorDraw
</UL>
<BR>[Called By]<UL><LI><a href="#[164]">&gt;&gt;</a>&nbsp;&nbsp;&nbsp;ProcessInputData
</UL>

<P><STRONG><a name="[101]"></a>GL_DrawFilledRectangle</STRONG> (Thumb, 132 bytes, Stack size 32 bytes, graphicobject.o(i.GL_DrawFilledRectangle))
<BR><BR>[Stack]<UL><LI>Max Depth = 68<LI>Call Chain = GL_DrawFilledRectangle &rArr; GL_DrawLine &rArr; LCD_DrawLine &rArr; LCD_SetCursor
</UL>
<BR>[Calls]<UL><LI><a href="#[c9]">&gt;&gt;</a>&nbsp;&nbsp;&nbsp;GL_SetTextColor
<LI><a href="#[f9]">&gt;&gt;</a>&nbsp;&nbsp;&nbsp;GL_DrawLine
</UL>
<BR>[Called By]<UL><LI><a href="#[66]">&gt;&gt;</a>&nbsp;&nbsp;&nbsp;SetHistogramVisible
<LI><a href="#[5f]">&gt;&gt;</a>&nbsp;&nbsp;&nbsp;SetComboBoxVisible
<LI><a href="#[103]">&gt;&gt;</a>&nbsp;&nbsp;&nbsp;GL_DrawObliqueLine
</UL>

<P><STRONG><a name="[103]"></a>GL_DrawObliqueLine</STRONG> (Thumb, 304 bytes, Stack size 40 bytes, graphicobject.o(i.GL_DrawObliqueLine))
<BR><BR>[Stack]<UL><LI>Max Depth = 108<LI>Call Chain = GL_DrawObliqueLine &rArr; GL_DrawFilledRectangle &rArr; GL_DrawLine &rArr; LCD_DrawLine &rArr; LCD_SetCursor
</UL>
<BR>[Calls]<UL><LI><a href="#[ce]">&gt;&gt;</a>&nbsp;&nbsp;&nbsp;LCD_PutPixel
<LI><a href="#[101]">&gt;&gt;</a>&nbsp;&nbsp;&nbsp;GL_DrawFilledRectangle
</UL>
<BR>[Called By]<UL><LI><a href="#[67]">&gt;&gt;</a>&nbsp;&nbsp;&nbsp;SetGraphChartVisible
</UL>

<P><STRONG><a name="[104]"></a>GL_DrawRectangle</STRONG> (Thumb, 74 bytes, Stack size 24 bytes, graphicobject.o(i.GL_DrawRectangle))
<BR><BR>[Stack]<UL><LI>Max Depth = 60<LI>Call Chain = GL_DrawRectangle &rArr; GL_DrawLine &rArr; LCD_DrawLine &rArr; LCD_SetCursor
</UL>
<BR>[Calls]<UL><LI><a href="#[f9]">&gt;&gt;</a>&nbsp;&nbsp;&nbsp;GL_DrawLine
</UL>
<BR>[Called By]<UL><LI><a href="#[65]">&gt;&gt;</a>&nbsp;&nbsp;&nbsp;SetSlidebarVisible
</UL>

<P><STRONG><a name="[bc]"></a>GL_SetStringFieldValue</STRONG> (Thumb, 60 bytes, Stack size 24 bytes, graphicobject.o(i.GL_SetStringFieldValue))
<BR><BR>[Stack]<UL><LI>Max Depth = 32<LI>Call Chain = GL_SetStringFieldValue &rArr; strncpy
</UL>
<BR>[Calls]<UL><LI><a href="#[118]">&gt;&gt;</a>&nbsp;&nbsp;&nbsp;strlen
<LI><a href="#[119]">&gt;&gt;</a>&nbsp;&nbsp;&nbsp;strncpy
</UL>
<BR>[Called By]<UL><LI><a href="#[db]">&gt;&gt;</a>&nbsp;&nbsp;&nbsp;NewSwitch
<LI><a href="#[e2]">&gt;&gt;</a>&nbsp;&nbsp;&nbsp;NewSlidebar
<LI><a href="#[d8]">&gt;&gt;</a>&nbsp;&nbsp;&nbsp;NewLabel
<LI><a href="#[15e]">&gt;&gt;</a>&nbsp;&nbsp;&nbsp;NewHistogram
<LI><a href="#[160]">&gt;&gt;</a>&nbsp;&nbsp;&nbsp;NewGraphChart
<LI><a href="#[df]">&gt;&gt;</a>&nbsp;&nbsp;&nbsp;NewCheckbox
<LI><a href="#[d9]">&gt;&gt;</a>&nbsp;&nbsp;&nbsp;NewButton
<LI><a href="#[9e]">&gt;&gt;</a>&nbsp;&nbsp;&nbsp;AddComboOption
<LI><a href="#[9f]">&gt;&gt;</a>&nbsp;&nbsp;&nbsp;AddRadioOption
</UL>

<P><STRONG><a name="[6b]"></a>GetObjCoordinates</STRONG> (Thumb, 216 bytes, Stack size 20 bytes, graphicobject.o(i.GetObjCoordinates))
<BR><BR>[Stack]<UL><LI>Max Depth = 20<LI>Call Chain = GetObjCoordinates
</UL>
<BR>[Address Reference Count : 1]<UL><LI> graphicobject.o(i.Create_PageObj)
</UL>
<P><STRONG><a name="[11b]"></a>GetObjSize</STRONG> (Thumb, 158 bytes, Stack size 32 bytes, graphicobject.o(i.GetObjSize))
<BR><BR>[Stack]<UL><LI>Max Depth = 32<LI>Call Chain = GetObjSize
</UL>
<BR>[Calls]<UL><LI><a href="#[118]">&gt;&gt;</a>&nbsp;&nbsp;&nbsp;strlen
</UL>
<BR>[Called By]<UL><LI><a href="#[164]">&gt;&gt;</a>&nbsp;&nbsp;&nbsp;ProcessInputData
</UL>

<P><STRONG><a name="[61]"></a>SetButtonVisible</STRONG> (Thumb, 360 bytes, Stack size 64 bytes, graphicobject.o(i.SetButtonVisible))
<BR><BR>[Stack]<UL><LI>Max Depth = 172<LI>Call Chain = SetButtonVisible &rArr; GL_DisplayAdjStringLine &rArr; GL_LCD_DisplayChar &rArr; GL_LCD_DrawCharTransparent &rArr; LCD_PutPixel &rArr; LCD_SetCursor
</UL>
<BR>[Calls]<UL><LI><a href="#[c9]">&gt;&gt;</a>&nbsp;&nbsp;&nbsp;GL_SetTextColor
<LI><a href="#[ec]">&gt;&gt;</a>&nbsp;&nbsp;&nbsp;GL_SetBackColor
<LI><a href="#[c3]">&gt;&gt;</a>&nbsp;&nbsp;&nbsp;GL_DrawButtonBMP
<LI><a href="#[ca]">&gt;&gt;</a>&nbsp;&nbsp;&nbsp;GL_DisplayAdjStringLine
<LI><a href="#[169]">&gt;&gt;</a>&nbsp;&nbsp;&nbsp;GL_SetFont
<LI><a href="#[118]">&gt;&gt;</a>&nbsp;&nbsp;&nbsp;strlen
</UL>
<BR>[Address Reference Count : 1]<UL><LI> graphicobject.o(i.AddPageControlObj)
</UL>
<P><STRONG><a name="[63]"></a>SetCheckboxVisible</STRONG> (Thumb, 146 bytes, Stack size 32 bytes, graphicobject.o(i.SetCheckboxVisible))
<BR><BR>[Stack]<UL><LI>Max Depth = 140<LI>Call Chain = SetCheckboxVisible &rArr; GL_DisplayAdjStringLine &rArr; GL_LCD_DisplayChar &rArr; GL_LCD_DrawCharTransparent &rArr; LCD_PutPixel &rArr; LCD_SetCursor
</UL>
<BR>[Calls]<UL><LI><a href="#[c9]">&gt;&gt;</a>&nbsp;&nbsp;&nbsp;GL_SetTextColor
<LI><a href="#[c3]">&gt;&gt;</a>&nbsp;&nbsp;&nbsp;GL_DrawButtonBMP
<LI><a href="#[ca]">&gt;&gt;</a>&nbsp;&nbsp;&nbsp;GL_DisplayAdjStringLine
<LI><a href="#[169]">&gt;&gt;</a>&nbsp;&nbsp;&nbsp;GL_SetFont
<LI><a href="#[118]">&gt;&gt;</a>&nbsp;&nbsp;&nbsp;strlen
</UL>
<BR>[Address Reference Count : 1]<UL><LI> graphicobject.o(i.AddPageControlObj)
</UL>
<P><STRONG><a name="[5f]"></a>SetComboBoxVisible</STRONG> (Thumb, 270 bytes, Stack size 40 bytes, graphicobject.o(i.SetComboBoxVisible))
<BR><BR>[Stack]<UL><LI>Max Depth = 148<LI>Call Chain = SetComboBoxVisible &rArr; GL_DisplayAdjStringLine &rArr; GL_LCD_DisplayChar &rArr; GL_LCD_DrawCharTransparent &rArr; LCD_PutPixel &rArr; LCD_SetCursor
</UL>
<BR>[Calls]<UL><LI><a href="#[c9]">&gt;&gt;</a>&nbsp;&nbsp;&nbsp;GL_SetTextColor
<LI><a href="#[ec]">&gt;&gt;</a>&nbsp;&nbsp;&nbsp;GL_SetBackColor
<LI><a href="#[c3]">&gt;&gt;</a>&nbsp;&nbsp;&nbsp;GL_DrawButtonBMP
<LI><a href="#[ca]">&gt;&gt;</a>&nbsp;&nbsp;&nbsp;GL_DisplayAdjStringLine
<LI><a href="#[169]">&gt;&gt;</a>&nbsp;&nbsp;&nbsp;GL_SetFont
<LI><a href="#[101]">&gt;&gt;</a>&nbsp;&nbsp;&nbsp;GL_DrawFilledRectangle
</UL>
<BR>[Address Reference Count : 1]<UL><LI> graphicobject.o(i.AddPageControlObj)
</UL>
<P><STRONG><a name="[67]"></a>SetGraphChartVisible</STRONG> (Thumb, 1852 bytes, Stack size 160 bytes, graphicobject.o(i.SetGraphChartVisible))
<BR><BR>[Stack]<UL><LI>Max Depth = 268<LI>Call Chain = SetGraphChartVisible &rArr; GL_DisplayAdjStringLine &rArr; GL_LCD_DisplayChar &rArr; GL_LCD_DrawCharTransparent &rArr; LCD_PutPixel &rArr; LCD_SetCursor
</UL>
<BR>[Calls]<UL><LI><a href="#[b4]">&gt;&gt;</a>&nbsp;&nbsp;&nbsp;__aeabi_ui2d
<LI><a href="#[af]">&gt;&gt;</a>&nbsp;&nbsp;&nbsp;__aeabi_dmul
<LI><a href="#[b7]">&gt;&gt;</a>&nbsp;&nbsp;&nbsp;__aeabi_d2uiz
<LI><a href="#[c9]">&gt;&gt;</a>&nbsp;&nbsp;&nbsp;GL_SetTextColor
<LI><a href="#[ca]">&gt;&gt;</a>&nbsp;&nbsp;&nbsp;GL_DisplayAdjStringLine
<LI><a href="#[f6]">&gt;&gt;</a>&nbsp;&nbsp;&nbsp;GL_Clear
<LI><a href="#[b3]">&gt;&gt;</a>&nbsp;&nbsp;&nbsp;__aeabi_i2d
<LI><a href="#[16a]">&gt;&gt;</a>&nbsp;&nbsp;&nbsp;__aeabi_cdrcmple
<LI><a href="#[16c]">&gt;&gt;</a>&nbsp;&nbsp;&nbsp;__aeabi_cdcmple
<LI><a href="#[ad]">&gt;&gt;</a>&nbsp;&nbsp;&nbsp;__aeabi_dsub
<LI><a href="#[b0]">&gt;&gt;</a>&nbsp;&nbsp;&nbsp;__aeabi_ddiv
<LI><a href="#[a8]">&gt;&gt;</a>&nbsp;&nbsp;&nbsp;__aeabi_dadd
<LI><a href="#[169]">&gt;&gt;</a>&nbsp;&nbsp;&nbsp;GL_SetFont
<LI><a href="#[100]">&gt;&gt;</a>&nbsp;&nbsp;&nbsp;GL_SetDisplayWindow
<LI><a href="#[f9]">&gt;&gt;</a>&nbsp;&nbsp;&nbsp;GL_DrawLine
<LI><a href="#[ae]">&gt;&gt;</a>&nbsp;&nbsp;&nbsp;__aeabi_drsub
<LI><a href="#[103]">&gt;&gt;</a>&nbsp;&nbsp;&nbsp;GL_DrawObliqueLine
<LI><a href="#[16b]">&gt;&gt;</a>&nbsp;&nbsp;&nbsp;__2sprintf
</UL>
<BR>[Address Reference Count : 1]<UL><LI> graphicobject.o(i.AddPageControlObj)
</UL>
<P><STRONG><a name="[66]"></a>SetHistogramVisible</STRONG> (Thumb, 790 bytes, Stack size 80 bytes, graphicobject.o(i.SetHistogramVisible))
<BR><BR>[Stack]<UL><LI>Max Depth = 188<LI>Call Chain = SetHistogramVisible &rArr; GL_DisplayAdjStringLine &rArr; GL_LCD_DisplayChar &rArr; GL_LCD_DrawCharTransparent &rArr; LCD_PutPixel &rArr; LCD_SetCursor
</UL>
<BR>[Calls]<UL><LI><a href="#[b4]">&gt;&gt;</a>&nbsp;&nbsp;&nbsp;__aeabi_ui2d
<LI><a href="#[af]">&gt;&gt;</a>&nbsp;&nbsp;&nbsp;__aeabi_dmul
<LI><a href="#[b7]">&gt;&gt;</a>&nbsp;&nbsp;&nbsp;__aeabi_d2uiz
<LI><a href="#[c9]">&gt;&gt;</a>&nbsp;&nbsp;&nbsp;GL_SetTextColor
<LI><a href="#[ca]">&gt;&gt;</a>&nbsp;&nbsp;&nbsp;GL_DisplayAdjStringLine
<LI><a href="#[b3]">&gt;&gt;</a>&nbsp;&nbsp;&nbsp;__aeabi_i2d
<LI><a href="#[16a]">&gt;&gt;</a>&nbsp;&nbsp;&nbsp;__aeabi_cdrcmple
<LI><a href="#[16c]">&gt;&gt;</a>&nbsp;&nbsp;&nbsp;__aeabi_cdcmple
<LI><a href="#[ad]">&gt;&gt;</a>&nbsp;&nbsp;&nbsp;__aeabi_dsub
<LI><a href="#[b0]">&gt;&gt;</a>&nbsp;&nbsp;&nbsp;__aeabi_ddiv
<LI><a href="#[a8]">&gt;&gt;</a>&nbsp;&nbsp;&nbsp;__aeabi_dadd
<LI><a href="#[169]">&gt;&gt;</a>&nbsp;&nbsp;&nbsp;GL_SetFont
<LI><a href="#[f9]">&gt;&gt;</a>&nbsp;&nbsp;&nbsp;GL_DrawLine
<LI><a href="#[ae]">&gt;&gt;</a>&nbsp;&nbsp;&nbsp;__aeabi_drsub
<LI><a href="#[101]">&gt;&gt;</a>&nbsp;&nbsp;&nbsp;GL_DrawFilledRectangle
<LI><a href="#[16b]">&gt;&gt;</a>&nbsp;&nbsp;&nbsp;__2sprintf
</UL>
<BR>[Address Reference Count : 1]<UL><LI> graphicobject.o(i.AddPageControlObj)
</UL>
<P><STRONG><a name="[64]"></a>SetIconVisible</STRONG> (Thumb, 36 bytes, Stack size 16 bytes, graphicobject.o(i.SetIconVisible))
<BR><BR>[Stack]<UL><LI>Max Depth = 48<LI>Call Chain = SetIconVisible &rArr; GL_DrawButtonBMP &rArr; GL_SetDisplayWindow &rArr; LCD_SetDisplayWindow &rArr; LCD_SetCursor
</UL>
<BR>[Calls]<UL><LI><a href="#[c3]">&gt;&gt;</a>&nbsp;&nbsp;&nbsp;GL_DrawButtonBMP
</UL>
<BR>[Address Reference Count : 1]<UL><LI> graphicobject.o(i.AddPageControlObj)
</UL>
<P><STRONG><a name="[5e]"></a>SetLabelVisible</STRONG> (Thumb, 234 bytes, Stack size 24 bytes, graphicobject.o(i.SetLabelVisible))
<BR><BR>[Stack]<UL><LI>Max Depth = 132<LI>Call Chain = SetLabelVisible &rArr; GL_DisplayAdjStringLine &rArr; GL_LCD_DisplayChar &rArr; GL_LCD_DrawCharTransparent &rArr; LCD_PutPixel &rArr; LCD_SetCursor
</UL>
<BR>[Calls]<UL><LI><a href="#[c9]">&gt;&gt;</a>&nbsp;&nbsp;&nbsp;GL_SetTextColor
<LI><a href="#[ca]">&gt;&gt;</a>&nbsp;&nbsp;&nbsp;GL_DisplayAdjStringLine
<LI><a href="#[154]">&gt;&gt;</a>&nbsp;&nbsp;&nbsp;LCD_PrintStringLine
<LI><a href="#[148]">&gt;&gt;</a>&nbsp;&nbsp;&nbsp;LCD_Change_Direction
<LI><a href="#[169]">&gt;&gt;</a>&nbsp;&nbsp;&nbsp;GL_SetFont
<LI><a href="#[118]">&gt;&gt;</a>&nbsp;&nbsp;&nbsp;strlen
</UL>
<BR>[Address Reference Count : 1]<UL><LI> graphicobject.o(i.AddPageControlObj)
</UL>
<P><STRONG><a name="[69]"></a>SetPage</STRONG> (Thumb, 10 bytes, Stack size 0 bytes, graphicobject.o(i.SetPage))
<BR>[Address Reference Count : 1]<UL><LI> graphicobject.o(i.Create_PageObj)
</UL>
<P><STRONG><a name="[62]"></a>SetRadioButtonVisible</STRONG> (Thumb, 142 bytes, Stack size 32 bytes, graphicobject.o(i.SetRadioButtonVisible))
<BR><BR>[Stack]<UL><LI>Max Depth = 140<LI>Call Chain = SetRadioButtonVisible &rArr; GL_DisplayAdjStringLine &rArr; GL_LCD_DisplayChar &rArr; GL_LCD_DrawCharTransparent &rArr; LCD_PutPixel &rArr; LCD_SetCursor
</UL>
<BR>[Calls]<UL><LI><a href="#[c9]">&gt;&gt;</a>&nbsp;&nbsp;&nbsp;GL_SetTextColor
<LI><a href="#[c3]">&gt;&gt;</a>&nbsp;&nbsp;&nbsp;GL_DrawButtonBMP
<LI><a href="#[ca]">&gt;&gt;</a>&nbsp;&nbsp;&nbsp;GL_DisplayAdjStringLine
<LI><a href="#[169]">&gt;&gt;</a>&nbsp;&nbsp;&nbsp;GL_SetFont
<LI><a href="#[118]">&gt;&gt;</a>&nbsp;&nbsp;&nbsp;strlen
</UL>
<BR>[Address Reference Count : 1]<UL><LI> graphicobject.o(i.AddPageControlObj)
</UL>
<P><STRONG><a name="[65]"></a>SetSlidebarVisible</STRONG> (Thumb, 886 bytes, Stack size 56 bytes, graphicobject.o(i.SetSlidebarVisible))
<BR><BR>[Stack]<UL><LI>Max Depth = 164<LI>Call Chain = SetSlidebarVisible &rArr; GL_DisplayAdjStringLine &rArr; GL_LCD_DisplayChar &rArr; GL_LCD_DrawCharTransparent &rArr; LCD_PutPixel &rArr; LCD_SetCursor
</UL>
<BR>[Calls]<UL><LI><a href="#[c9]">&gt;&gt;</a>&nbsp;&nbsp;&nbsp;GL_SetTextColor
<LI><a href="#[c3]">&gt;&gt;</a>&nbsp;&nbsp;&nbsp;GL_DrawButtonBMP
<LI><a href="#[ca]">&gt;&gt;</a>&nbsp;&nbsp;&nbsp;GL_DisplayAdjStringLine
<LI><a href="#[c5]">&gt;&gt;</a>&nbsp;&nbsp;&nbsp;CursorDraw
<LI><a href="#[154]">&gt;&gt;</a>&nbsp;&nbsp;&nbsp;LCD_PrintStringLine
<LI><a href="#[14b]">&gt;&gt;</a>&nbsp;&nbsp;&nbsp;LCD_DrawColorBMP
<LI><a href="#[148]">&gt;&gt;</a>&nbsp;&nbsp;&nbsp;LCD_Change_Direction
<LI><a href="#[169]">&gt;&gt;</a>&nbsp;&nbsp;&nbsp;GL_SetFont
<LI><a href="#[16d]">&gt;&gt;</a>&nbsp;&nbsp;&nbsp;SlidebarCursorPreDraw
<LI><a href="#[104]">&gt;&gt;</a>&nbsp;&nbsp;&nbsp;GL_DrawRectangle
<LI><a href="#[118]">&gt;&gt;</a>&nbsp;&nbsp;&nbsp;strlen
</UL>
<BR>[Address Reference Count : 1]<UL><LI> graphicobject.o(i.AddPageControlObj)
</UL>
<P><STRONG><a name="[60]"></a>SetSwitchVisible</STRONG> (Thumb, 372 bytes, Stack size 64 bytes, graphicobject.o(i.SetSwitchVisible))
<BR><BR>[Stack]<UL><LI>Max Depth = 172<LI>Call Chain = SetSwitchVisible &rArr; GL_DisplayAdjStringLine &rArr; GL_LCD_DisplayChar &rArr; GL_LCD_DrawCharTransparent &rArr; LCD_PutPixel &rArr; LCD_SetCursor
</UL>
<BR>[Calls]<UL><LI><a href="#[c9]">&gt;&gt;</a>&nbsp;&nbsp;&nbsp;GL_SetTextColor
<LI><a href="#[ec]">&gt;&gt;</a>&nbsp;&nbsp;&nbsp;GL_SetBackColor
<LI><a href="#[c3]">&gt;&gt;</a>&nbsp;&nbsp;&nbsp;GL_DrawButtonBMP
<LI><a href="#[ca]">&gt;&gt;</a>&nbsp;&nbsp;&nbsp;GL_DisplayAdjStringLine
<LI><a href="#[169]">&gt;&gt;</a>&nbsp;&nbsp;&nbsp;GL_SetFont
<LI><a href="#[118]">&gt;&gt;</a>&nbsp;&nbsp;&nbsp;strlen
</UL>
<BR>[Address Reference Count : 1]<UL><LI> graphicobject.o(i.AddPageControlObj)
</UL>
<P><STRONG><a name="[16d]"></a>SlidebarCursorPreDraw</STRONG> (Thumb, 272 bytes, Stack size 40 bytes, graphicobject.o(i.SlidebarCursorPreDraw))
<BR><BR>[Stack]<UL><LI>Max Depth = 60<LI>Call Chain = SlidebarCursorPreDraw &rArr; LCD_PutPixel &rArr; LCD_SetCursor
</UL>
<BR>[Calls]<UL><LI><a href="#[ce]">&gt;&gt;</a>&nbsp;&nbsp;&nbsp;LCD_PutPixel
<LI><a href="#[cf]">&gt;&gt;</a>&nbsp;&nbsp;&nbsp;LCD_GetPixel
</UL>
<BR>[Called By]<UL><LI><a href="#[65]">&gt;&gt;</a>&nbsp;&nbsp;&nbsp;SetSlidebarVisible
</UL>

<P><STRONG><a name="[181]"></a>_fp_digits</STRONG> (Thumb, 320 bytes, Stack size 56 bytes, printfa.o(i._fp_digits), UNUSED)
<BR><BR>[Calls]<UL><LI><a href="#[af]">&gt;&gt;</a>&nbsp;&nbsp;&nbsp;__aeabi_dmul
<LI><a href="#[16a]">&gt;&gt;</a>&nbsp;&nbsp;&nbsp;__aeabi_cdrcmple
<LI><a href="#[b0]">&gt;&gt;</a>&nbsp;&nbsp;&nbsp;__aeabi_ddiv
<LI><a href="#[a8]">&gt;&gt;</a>&nbsp;&nbsp;&nbsp;__aeabi_dadd
<LI><a href="#[b8]">&gt;&gt;</a>&nbsp;&nbsp;&nbsp;__aeabi_uldivmod
<LI><a href="#[b9]">&gt;&gt;</a>&nbsp;&nbsp;&nbsp;__aeabi_d2ulz
</UL>
<BR>[Called By]<UL><LI><a href="#[180]">&gt;&gt;</a>&nbsp;&nbsp;&nbsp;_printf_core
</UL>

<P><STRONG><a name="[180]"></a>_printf_core</STRONG> (Thumb, 1818 bytes, Stack size 136 bytes, printfa.o(i._printf_core), UNUSED)
<BR><BR>[Calls]<UL><LI><a href="#[b8]">&gt;&gt;</a>&nbsp;&nbsp;&nbsp;__aeabi_uldivmod
<LI><a href="#[184]">&gt;&gt;</a>&nbsp;&nbsp;&nbsp;__aeabi_uidivmod
<LI><a href="#[182]">&gt;&gt;</a>&nbsp;&nbsp;&nbsp;_printf_pre_padding
<LI><a href="#[183]">&gt;&gt;</a>&nbsp;&nbsp;&nbsp;_printf_post_padding
<LI><a href="#[181]">&gt;&gt;</a>&nbsp;&nbsp;&nbsp;_fp_digits
</UL>
<BR>[Called By]<UL><LI><a href="#[17f]">&gt;&gt;</a>&nbsp;&nbsp;&nbsp;__0sprintf
</UL>

<P><STRONG><a name="[183]"></a>_printf_post_padding</STRONG> (Thumb, 38 bytes, Stack size 24 bytes, printfa.o(i._printf_post_padding), UNUSED)
<BR><BR>[Called By]<UL><LI><a href="#[180]">&gt;&gt;</a>&nbsp;&nbsp;&nbsp;_printf_core
</UL>

<P><STRONG><a name="[182]"></a>_printf_pre_padding</STRONG> (Thumb, 46 bytes, Stack size 24 bytes, printfa.o(i._printf_pre_padding), UNUSED)
<BR><BR>[Called By]<UL><LI><a href="#[180]">&gt;&gt;</a>&nbsp;&nbsp;&nbsp;_printf_core
</UL>

<P><STRONG><a name="[a2]"></a>_sputc</STRONG> (Thumb, 10 bytes, Stack size 0 bytes, printfa.o(i._sputc))
<BR><BR>[Called By]<UL><LI><a href="#[17f]">&gt;&gt;</a>&nbsp;&nbsp;&nbsp;__0sprintf
</UL>
<BR>[Address Reference Count : 1]<UL><LI> printfa.o(i.__0sprintf)
</UL><P>
<H3>
Undefined Global Symbols
</H3><HR></body></html>
