<html>
<body>
<pre>
<h1>µVision Build Log</h1>
<h2>Project:</h2>
E:\Users\Pal\DEVICES\UKU209\SANDBOX\HY-MINI\3\uCOSII2.91+UCGUI3.90A(FSMC)\MDK-ARM\Project.uvproj
Project File Date:  12/22/2010

<h2>Output:</h2>
Build target 'HY-MiniSTM32V'
compiling main.c...
compiling uctsk_Task.c...
compiling stm32f10x_it.c...
compiling uctsk_OSView.c...
compiling TouchPanel.c...
compiling misc.c...
compiling stm32f10x_flash.c...
compiling stm32f10x_gpio.c...
compiling stm32f10x_rcc.c...
compiling stm32f10x_adc.c...
compiling stm32f10x_bkp.c...
compiling stm32f10x_can.c...
compiling stm32f10x_cec.c...
compiling stm32f10x_crc.c...
compiling stm32f10x_dac.c...
compiling stm32f10x_dbgmcu.c...
compiling stm32f10x_dma.c...
compiling stm32f10x_exti.c...
compiling stm32f10x_fsmc.c...
compiling stm32f10x_i2c.c...
compiling stm32f10x_iwdg.c...
compiling stm32f10x_pwr.c...
compiling stm32f10x_rtc.c...
compiling stm32f10x_sdio.c...
compiling stm32f10x_spi.c...
compiling stm32f10x_tim.c...
compiling stm32f10x_usart.c...
compiling stm32f10x_wwdg.c...
compiling core_cm3.c...
compiling system_stm32f10x.c...
assembling startup_stm32f10x_hd.s...
compiling os_dbg.c...
compiling os_cpu_c.c...
assembling os_cpu_a.asm...
compiling os_core.c...
compiling os_flag.c...
compiling os_mbox.c...
compiling os_mem.c...
compiling os_mutex.c...
compiling os_q.c...
compiling os_sem.c...
compiling os_task.c...
compiling os_time.c...
compiling os_tmr.c...
compiling OS_AppHooks.c...
compiling cpu_c.c...
assembling cpu_a.asm...
compiling lib_mem.c...
compiling lib_str.c...
assembling lib_mem_a.asm...
compiling os_view.c...
compiling os_viewc.c...
compiling GUI_X_uCOS.c...
compiling GUI_X_Touch.c...
compiling AsciiLib.c...
compiling GLCD.c...
compiling GLCD_UCGUI.c...
compiling GUIDEMO.c...
compiling GUIDEMO_Automotive.c...
compiling GUIDEMO_Bitmap4bpp.c...
compiling GUIDEMO_Bitmap.c...
compiling GUIDEMO_Circle.c...
compiling GUIDEMO_ColorBar.c...
compiling GUIDEMO_ColorList.c...
compiling GUIDEMO_Cursor.c...
compiling GUIDEMO_Dialog.c...
compiling GUIDEMO_Font.c...
compiling GUIDEMO_FrameWin.c...
compiling GUIDEMO_Graph.c...
compiling GUIDEMO_HardwareInfo.c...
compiling GUIDEMO_Intro.c...
compiling GUIDEMO_LUT.c...
compiling GUIDEMO_MemDevB.c...
compiling GUIDEMO_Messagebox.c...
compiling GUIDEMO_Navi.c...
compiling GUIDEMO_Polygon.c...
compiling GUIDEMO_ProgBar.c...
compiling GUIDEMO_Speed.c...
compiling GUIDEMO_Touch.c...
compiling GUIDEMO_WM.c...
compiling MainTask.c...
compiling MicriumLogo.c...
compiling MicriumLogoWRed.c...
linking...
Program Size: Code=101232 RO-data=142944 RW-data=1124 ZI-data=25676  
FromELF: creating hex file...
".\Obj\Project.axf" - 0 Error(s), 0 Warning(s).
Build target 'HY-MiniSTM32V'
compiling main.c...
compiling uctsk_Task.c...
compiling stm32f10x_it.c...
compiling uctsk_OSView.c...
compiling TouchPanel.c...
compiling misc.c...
compiling stm32f10x_flash.c...
compiling stm32f10x_gpio.c...
compiling stm32f10x_rcc.c...
compiling stm32f10x_adc.c...
compiling stm32f10x_bkp.c...
compiling stm32f10x_can.c...
compiling stm32f10x_cec.c...
compiling stm32f10x_crc.c...
compiling stm32f10x_dac.c...
compiling stm32f10x_dbgmcu.c...
compiling stm32f10x_dma.c...
compiling stm32f10x_exti.c...
compiling stm32f10x_fsmc.c...
compiling stm32f10x_i2c.c...
compiling stm32f10x_iwdg.c...
compiling stm32f10x_pwr.c...
compiling stm32f10x_rtc.c...
compiling stm32f10x_sdio.c...
compiling stm32f10x_spi.c...
compiling stm32f10x_tim.c...
compiling stm32f10x_usart.c...
compiling stm32f10x_wwdg.c...
compiling core_cm3.c...
compiling system_stm32f10x.c...
assembling startup_stm32f10x_hd.s...
compiling os_dbg.c...
compiling os_cpu_c.c...
assembling os_cpu_a.asm...
compiling os_core.c...
compiling os_flag.c...
compiling os_mbox.c...
compiling os_mem.c...
compiling os_mutex.c...
compiling os_q.c...
compiling os_sem.c...
compiling os_task.c...
compiling os_time.c...
compiling os_tmr.c...
compiling OS_AppHooks.c...
compiling cpu_c.c...
assembling cpu_a.asm...
compiling lib_mem.c...
compiling lib_str.c...
assembling lib_mem_a.asm...
compiling os_view.c...
compiling os_viewc.c...
compiling GUI_X_uCOS.c...
compiling GUI_X_Touch.c...
compiling AsciiLib.c...
compiling GLCD.c...
compiling GLCD_UCGUI.c...
compiling GUIDEMO.c...
compiling GUIDEMO_Automotive.c...
compiling GUIDEMO_Bitmap4bpp.c...
compiling GUIDEMO_Bitmap.c...
compiling GUIDEMO_Circle.c...
compiling GUIDEMO_ColorBar.c...
compiling GUIDEMO_ColorList.c...
compiling GUIDEMO_Cursor.c...
compiling GUIDEMO_Dialog.c...
compiling GUIDEMO_Font.c...
compiling GUIDEMO_FrameWin.c...
compiling GUIDEMO_Graph.c...
compiling GUIDEMO_HardwareInfo.c...
compiling GUIDEMO_Intro.c...
compiling GUIDEMO_LUT.c...
compiling GUIDEMO_MemDevB.c...
compiling GUIDEMO_Messagebox.c...
compiling GUIDEMO_Navi.c...
compiling GUIDEMO_Polygon.c...
compiling GUIDEMO_ProgBar.c...
compiling GUIDEMO_Speed.c...
compiling GUIDEMO_Touch.c...
compiling GUIDEMO_WM.c...
compiling MainTask.c...
compiling MicriumLogo.c...
compiling MicriumLogoWRed.c...
linking...
Program Size: Code=101292 RO-data=142948 RW-data=1124 ZI-data=25676  
FromELF: creating hex file...
".\Obj\Project.axf" - 0 Error(s), 0 Warning(s).
Build target 'HY-MiniSTM32V'
compiling main.c...
compiling uctsk_Task.c...
compiling stm32f10x_it.c...
compiling uctsk_OSView.c...
compiling TouchPanel.c...
compiling misc.c...
compiling stm32f10x_flash.c...
compiling stm32f10x_gpio.c...
compiling stm32f10x_rcc.c...
compiling stm32f10x_adc.c...
compiling stm32f10x_bkp.c...
compiling stm32f10x_can.c...
compiling stm32f10x_cec.c...
compiling stm32f10x_crc.c...
compiling stm32f10x_dac.c...
compiling stm32f10x_dbgmcu.c...
compiling stm32f10x_dma.c...
compiling stm32f10x_exti.c...
compiling stm32f10x_fsmc.c...
compiling stm32f10x_i2c.c...
compiling stm32f10x_iwdg.c...
compiling stm32f10x_pwr.c...
compiling stm32f10x_rtc.c...
compiling stm32f10x_sdio.c...
compiling stm32f10x_spi.c...
compiling stm32f10x_tim.c...
compiling stm32f10x_usart.c...
compiling stm32f10x_wwdg.c...
compiling core_cm3.c...
compiling system_stm32f10x.c...
assembling startup_stm32f10x_hd.s...
compiling os_dbg.c...
compiling os_cpu_c.c...
assembling os_cpu_a.asm...
compiling os_core.c...
compiling os_flag.c...
compiling os_mbox.c...
compiling os_mem.c...
compiling os_mutex.c...
compiling os_q.c...
compiling os_sem.c...
compiling os_task.c...
compiling os_time.c...
compiling os_tmr.c...
compiling OS_AppHooks.c...
compiling cpu_c.c...
assembling cpu_a.asm...
compiling lib_mem.c...
compiling lib_str.c...
assembling lib_mem_a.asm...
compiling os_view.c...
compiling os_viewc.c...
compiling GUI_X_uCOS.c...
compiling GUI_X_Touch.c...
compiling AsciiLib.c...
compiling GLCD.c...
compiling GLCD_UCGUI.c...
compiling GUIDEMO.c...
compiling GUIDEMO_Automotive.c...
compiling GUIDEMO_Bitmap4bpp.c...
compiling GUIDEMO_Bitmap.c...
compiling GUIDEMO_Circle.c...
compiling GUIDEMO_ColorBar.c...
compiling GUIDEMO_ColorList.c...
compiling GUIDEMO_Cursor.c...
compiling GUIDEMO_Dialog.c...
compiling GUIDEMO_Font.c...
compiling GUIDEMO_FrameWin.c...
compiling GUIDEMO_Graph.c...
compiling GUIDEMO_HardwareInfo.c...
compiling GUIDEMO_Intro.c...
compiling GUIDEMO_LUT.c...
compiling GUIDEMO_MemDevB.c...
compiling GUIDEMO_Messagebox.c...
compiling GUIDEMO_Navi.c...
compiling GUIDEMO_Polygon.c...
compiling GUIDEMO_ProgBar.c...
compiling GUIDEMO_Speed.c...
compiling GUIDEMO_Touch.c...
compiling GUIDEMO_WM.c...
compiling MainTask.c...
compiling MicriumLogo.c...
compiling MicriumLogoWRed.c...
linking...
Program Size: Code=101292 RO-data=142948 RW-data=1124 ZI-data=25676  
FromELF: creating hex file...
".\Obj\Project.axf" - 0 Error(s), 0 Warning(s).
Build target 'HY-MiniSTM32V'
compiling uctsk_Task.c...
linking...
Program Size: Code=101232 RO-data=142944 RW-data=1124 ZI-data=25676  
FromELF: creating hex file...
".\Obj\Project.axf" - 0 Error(s), 0 Warning(s).
Build target 'HY-MiniSTM32V'
compiling uctsk_Task.c...
linking...
Program Size: Code=101232 RO-data=142944 RW-data=1124 ZI-data=25676  
FromELF: creating hex file...
".\Obj\Project.axf" - 0 Error(s), 0 Warning(s).
Build target 'HY-MiniSTM32V'
compiling uctsk_Task.c...
linking...
Program Size: Code=101232 RO-data=142944 RW-data=1124 ZI-data=25676  
FromELF: creating hex file...
".\Obj\Project.axf" - 0 Error(s), 0 Warning(s).
Build target 'HY-MiniSTM32V'
compiling main.c...
compiling uctsk_Task.c...
compiling stm32f10x_it.c...
compiling uctsk_OSView.c...
compiling TouchPanel.c...
compiling misc.c...
compiling stm32f10x_flash.c...
compiling stm32f10x_gpio.c...
compiling stm32f10x_rcc.c...
compiling stm32f10x_adc.c...
compiling stm32f10x_bkp.c...
compiling stm32f10x_can.c...
compiling stm32f10x_cec.c...
compiling stm32f10x_crc.c...
compiling stm32f10x_dac.c...
compiling stm32f10x_dbgmcu.c...
compiling stm32f10x_dma.c...
compiling stm32f10x_exti.c...
compiling stm32f10x_fsmc.c...
compiling stm32f10x_i2c.c...
compiling stm32f10x_iwdg.c...
compiling stm32f10x_pwr.c...
compiling stm32f10x_rtc.c...
compiling stm32f10x_sdio.c...
compiling stm32f10x_spi.c...
compiling stm32f10x_tim.c...
compiling stm32f10x_usart.c...
compiling stm32f10x_wwdg.c...
compiling core_cm3.c...
compiling system_stm32f10x.c...
assembling startup_stm32f10x_hd.s...
compiling os_dbg.c...
compiling os_cpu_c.c...
assembling os_cpu_a.asm...
compiling os_core.c...
compiling os_flag.c...
compiling os_mbox.c...
compiling os_mem.c...
compiling os_mutex.c...
compiling os_q.c...
compiling os_sem.c...
compiling os_task.c...
compiling os_time.c...
compiling os_tmr.c...
compiling OS_AppHooks.c...
compiling cpu_c.c...
assembling cpu_a.asm...
compiling lib_mem.c...
compiling lib_str.c...
assembling lib_mem_a.asm...
compiling os_view.c...
compiling os_viewc.c...
compiling GUI_X_uCOS.c...
compiling GUI_X_Touch.c...
compiling AsciiLib.c...
compiling GLCD.c...
compiling GLCD_UCGUI.c...
compiling GUIDEMO.c...
compiling GUIDEMO_Automotive.c...
compiling GUIDEMO_Bitmap4bpp.c...
compiling GUIDEMO_Bitmap.c...
compiling GUIDEMO_Circle.c...
compiling GUIDEMO_ColorBar.c...
compiling GUIDEMO_ColorList.c...
compiling GUIDEMO_Cursor.c...
compiling GUIDEMO_Dialog.c...
compiling GUIDEMO_Font.c...
compiling GUIDEMO_FrameWin.c...
compiling GUIDEMO_Graph.c...
compiling GUIDEMO_HardwareInfo.c...
compiling GUIDEMO_Intro.c...
compiling GUIDEMO_LUT.c...
compiling GUIDEMO_MemDevB.c...
compiling GUIDEMO_Messagebox.c...
compiling GUIDEMO_Navi.c...
compiling GUIDEMO_Polygon.c...
compiling GUIDEMO_ProgBar.c...
compiling GUIDEMO_Speed.c...
compiling GUIDEMO_Touch.c...
compiling GUIDEMO_WM.c...
compiling MainTask.c...
compiling MicriumLogo.c...
compiling MicriumLogoWRed.c...
linking...
Program Size: Code=101232 RO-data=142944 RW-data=1124 ZI-data=25676  
FromELF: creating hex file...
".\Obj\Project.axf" - 0 Error(s), 0 Warning(s).
